10:00:55 **** Clean-only build of configuration Debug for project IndoorLoc ****
make clean 
rm -rf  ./src/zedboard/crc16.o ./src/zedboard/gpio_utils.o ./src/zedboard/iic_utils.o ./src/zedboard/print_utils.o ./src/zedboard/time_utils.o ./src/zedboard/timer_int.o ./src/zedboard/xmodem.o  ./src/robot/pwmsw.o ./src/robot/robotCtrl.o  ./src/imu/mpu9150/mpl/data_builder.o ./src/imu/mpu9150/mpl/eMPL_outputs.o ./src/imu/mpu9150/mpl/hal_outputs.o ./src/imu/mpu9150/mpl/message_layer.o ./src/imu/mpu9150/mpl/ml_math_func.o ./src/imu/mpu9150/mpl/mlmath.o ./src/imu/mpu9150/mpl/mpl.o ./src/imu/mpu9150/mpl/results_holder.o ./src/imu/mpu9150/mpl/start_manager.o ./src/imu/mpu9150/mpl/storage_manager.o  ./src/imu/mpu9150/inv_mpu.o ./src/imu/mpu9150/inv_mpu_dmp_motion_driver.o  ./src/imu/mpu.o ./src/imu/mpu_int.o ./src/imu/mpu_utils.o  ./src/math_utils.o ./src/platform.o ./src/run.o  ./src/zedboard/crc16.d ./src/zedboard/gpio_utils.d ./src/zedboard/iic_utils.d ./src/zedboard/print_utils.d ./src/zedboard/time_utils.d ./src/zedboard/timer_int.d ./src/zedboard/xmodem.d  ./src/robot/pwmsw.d ./src/robot/robotCtrl.d  ./src/imu/mpu9150/mpl/data_builder.d ./src/imu/mpu9150/mpl/eMPL_outputs.d ./src/imu/mpu9150/mpl/hal_outputs.d ./src/imu/mpu9150/mpl/message_layer.d ./src/imu/mpu9150/mpl/ml_math_func.d ./src/imu/mpu9150/mpl/mlmath.d ./src/imu/mpu9150/mpl/mpl.d ./src/imu/mpu9150/mpl/results_holder.d ./src/imu/mpu9150/mpl/start_manager.d ./src/imu/mpu9150/mpl/storage_manager.d  ./src/imu/mpu9150/inv_mpu.d ./src/imu/mpu9150/inv_mpu_dmp_motion_driver.d  ./src/imu/mpu.d ./src/imu/mpu_int.d ./src/imu/mpu_utils.d  ./src/math_utils.d ./src/platform.d ./src/run.d  IndoorLoc.elf.size  IndoorLoc.elf
 
10:00:55 **** Clean-only build of project IndoorLoc_gpio_timer_minimal_bsp_1 ****
make -k clean 
rm -f ps7_cortexa9_0/lib/libxil.a
10:00:55 **** Build of project IndoorLoc_gpio_timer_minimal_bsp_1 ****
make -k all 
Running Make include in ps7_cortexa9_0/libsrc/ddrps_v1_0/src
make -C ps7_cortexa9_0/libsrc/ddrps_v1_0/src -s include  "SHELL=/bin/sh" "COMPILER=arm-xilinx-eabi-gcc" "ARCHIVER=arm-xilinx-eabi-ar" "COMPILER_FLAGS=  -O2 -c" "EXTRA_COMPILER_FLAGS=-g"
Running Make include in ps7_cortexa9_0/libsrc/standalone_v5_2/src
make -C ps7_cortexa9_0/libsrc/standalone_v5_2/src -s include  "SHELL=/bin/sh" "COMPILER=arm-xilinx-eabi-gcc" "ARCHIVER=arm-xilinx-eabi-ar" "COMPILER_FLAGS=  -O2 -c" "EXTRA_COMPILER_FLAGS=-g"
Running Make include in ps7_cortexa9_0/libsrc/uartps_v3_1/src
make -C ps7_cortexa9_0/libsrc/uartps_v3_1/src -s include  "SHELL=/bin/sh" "COMPILER=arm-xilinx-eabi-gcc" "ARCHIVER=arm-xilinx-eabi-ar" "COMPILER_FLAGS=  -O2 -c" "EXTRA_COMPILER_FLAGS=-g"
Running Make include in ps7_cortexa9_0/libsrc/coresightps_dcc_v1_1/src
make -C ps7_cortexa9_0/libsrc/coresightps_dcc_v1_1/src -s include  "SHELL=/bin/sh" "COMPILER=arm-xilinx-eabi-gcc" "ARCHIVER=arm-xilinx-eabi-ar" "COMPILER_FLAGS=  -O2 -c" "EXTRA_COMPILER_FLAGS=-g"
Running Make include in ps7_cortexa9_0/libsrc/devcfg_v3_3/src
make -C ps7_cortexa9_0/libsrc/devcfg_v3_3/src -s include  "SHELL=/bin/sh" "COMPILER=arm-xilinx-eabi-gcc" "ARCHIVER=arm-xilinx-eabi-ar" "COMPILER_FLAGS=  -O2 -c" "EXTRA_COMPILER_FLAGS=-g"
Running Make include in ps7_cortexa9_0/libsrc/xadcps_v2_2/src
make -C ps7_cortexa9_0/libsrc/xadcps_v2_2/src -s include  "SHELL=/bin/sh" "COMPILER=arm-xilinx-eabi-gcc" "ARCHIVER=arm-xilinx-eabi-ar" "COMPILER_FLAGS=  -O2 -c" "EXTRA_COMPILER_FLAGS=-g"
Running Make include in ps7_cortexa9_0/libsrc/tmrctr_v3_0/src
make -C ps7_cortexa9_0/libsrc/tmrctr_v3_0/src -s include  "SHELL=/bin/sh" "COMPILER=arm-xilinx-eabi-gcc" "ARCHIVER=arm-xilinx-eabi-ar" "COMPILER_FLAGS=  -O2 -c" "EXTRA_COMPILER_FLAGS=-g"
Running Make include in ps7_cortexa9_0/libsrc/dmaps_v2_1/src
make -C ps7_cortexa9_0/libsrc/dmaps_v2_1/src -s include  "SHELL=/bin/sh" "COMPILER=arm-xilinx-eabi-gcc" "ARCHIVER=arm-xilinx-eabi-ar" "COMPILER_FLAGS=  -O2 -c" "EXTRA_COMPILER_FLAGS=-g"
Running Make include in ps7_cortexa9_0/libsrc/pwm_v1_0/src
make -C ps7_cortexa9_0/libsrc/pwm_v1_0/src -s include  "SHELL=/bin/sh" "COMPILER=arm-xilinx-eabi-gcc" "ARCHIVER=arm-xilinx-eabi-ar" "COMPILER_FLAGS=  -O2 -c" "EXTRA_COMPILER_FLAGS=-g"
Running Make include in ps7_cortexa9_0/libsrc/gpiops_v3_1/src
make -C ps7_cortexa9_0/libsrc/gpiops_v3_1/src -s include  "SHELL=/bin/sh" "COMPILER=arm-xilinx-eabi-gcc" "ARCHIVER=arm-xilinx-eabi-ar" "COMPILER_FLAGS=  -O2 -c" "EXTRA_COMPILER_FLAGS=-g"
Running Make include in ps7_cortexa9_0/libsrc/scuwdt_v2_1/src
make -C ps7_cortexa9_0/libsrc/scuwdt_v2_1/src -s include  "SHELL=/bin/sh" "COMPILER=arm-xilinx-eabi-gcc" "ARCHIVER=arm-xilinx-eabi-ar" "COMPILER_FLAGS=  -O2 -c" "EXTRA_COMPILER_FLAGS=-g"
Running Make include in ps7_cortexa9_0/libsrc/cpu_cortexa9_v2_1/src
make -C ps7_cortexa9_0/libsrc/cpu_cortexa9_v2_1/src -s include  "SHELL=/bin/sh" "COMPILER=arm-xilinx-eabi-gcc" "ARCHIVER=arm-xilinx-eabi-ar" "COMPILER_FLAGS=  -O2 -c" "EXTRA_COMPILER_FLAGS=-g"
Running Make include in ps7_cortexa9_0/libsrc/iicps_v3_0/src
make -C ps7_cortexa9_0/libsrc/iicps_v3_0/src -s include  "SHELL=/bin/sh" "COMPILER=arm-xilinx-eabi-gcc" "ARCHIVER=arm-xilinx-eabi-ar" "COMPILER_FLAGS=  -O2 -c" "EXTRA_COMPILER_FLAGS=-g"
Running Make include in ps7_cortexa9_0/libsrc/scugic_v3_1/src
make -C ps7_cortexa9_0/libsrc/scugic_v3_1/src -s include  "SHELL=/bin/sh" "COMPILER=arm-xilinx-eabi-gcc" "ARCHIVER=arm-xilinx-eabi-ar" "COMPILER_FLAGS=  -O2 -c" "EXTRA_COMPILER_FLAGS=-g"
Running Make include in ps7_cortexa9_0/libsrc/gpio_v4_0/src
make -C ps7_cortexa9_0/libsrc/gpio_v4_0/src -s include  "SHELL=/bin/sh" "COMPILER=arm-xilinx-eabi-gcc" "ARCHIVER=arm-xilinx-eabi-ar" "COMPILER_FLAGS=  -O2 -c" "EXTRA_COMPILER_FLAGS=-g"
Running Make include in ps7_cortexa9_0/libsrc/ttcps_v3_0/src
make -C ps7_cortexa9_0/libsrc/ttcps_v3_0/src -s include  "SHELL=/bin/sh" "COMPILER=arm-xilinx-eabi-gcc" "ARCHIVER=arm-xilinx-eabi-ar" "COMPILER_FLAGS=  -O2 -c" "EXTRA_COMPILER_FLAGS=-g"
Running Make include in ps7_cortexa9_0/libsrc/scutimer_v2_1/src
make -C ps7_cortexa9_0/libsrc/scutimer_v2_1/src -s include  "SHELL=/bin/sh" "COMPILER=arm-xilinx-eabi-gcc" "ARCHIVER=arm-xilinx-eabi-ar" "COMPILER_FLAGS=  -O2 -c" "EXTRA_COMPILER_FLAGS=-g"
Running Make include in ps7_cortexa9_0/libsrc/qspips_v3_2/src
make -C ps7_cortexa9_0/libsrc/qspips_v3_2/src -s include  "SHELL=/bin/sh" "COMPILER=arm-xilinx-eabi-gcc" "ARCHIVER=arm-xilinx-eabi-ar" "COMPILER_FLAGS=  -O2 -c" "EXTRA_COMPILER_FLAGS=-g"
Running Make libs in ps7_cortexa9_0/libsrc/ddrps_v1_0/src
make -C ps7_cortexa9_0/libsrc/ddrps_v1_0/src -s libs  "SHELL=/bin/sh" "COMPILER=arm-xilinx-eabi-gcc" "ARCHIVER=arm-xilinx-eabi-ar" "COMPILER_FLAGS=  -O2 -c" "EXTRA_COMPILER_FLAGS=-g"
Compiling ddrps
arm-xilinx-eabi-ar: creating ../../../lib/libxil.a
Running Make libs in ps7_cortexa9_0/libsrc/standalone_v5_2/src
make -C ps7_cortexa9_0/libsrc/standalone_v5_2/src -s libs  "SHELL=/bin/sh" "COMPILER=arm-xilinx-eabi-gcc" "ARCHIVER=arm-xilinx-eabi-ar" "COMPILER_FLAGS=  -O2 -c" "EXTRA_COMPILER_FLAGS=-g"
Compiling standalone
xil_exception.c: In function 'Xil_DataAbortHandler':
xil_exception.c:207:2: warning: incompatible implicit declaration of built-in function 'printf'
  printf("Data abort with Data Fault Status Register  %x\n", FaultStatus); //xdbg_printf(XDBG_DEBUG_GENERAL, "Data abort with Data Fault Status Register  %x\n",FaultStatus);
  ^
xil_exception.c: In function 'Xil_PrefetchAbortHandler':
xil_exception.c:241:2: warning: incompatible implicit declaration of built-in function 'printf'
  printf("Prefetch abort with Instruction Fault Status Register  %x\n",FaultStatus);
  ^
Running Make libs in ps7_cortexa9_0/libsrc/uartps_v3_1/src
make -C ps7_cortexa9_0/libsrc/uartps_v3_1/src -s libs  "SHELL=/bin/sh" "COMPILER=arm-xilinx-eabi-gcc" "ARCHIVER=arm-xilinx-eabi-ar" "COMPILER_FLAGS=  -O2 -c" "EXTRA_COMPILER_FLAGS=-g"
Compiling uartps
Running Make libs in ps7_cortexa9_0/libsrc/coresightps_dcc_v1_1/src
make -C ps7_cortexa9_0/libsrc/coresightps_dcc_v1_1/src -s libs  "SHELL=/bin/sh" "COMPILER=arm-xilinx-eabi-gcc" "ARCHIVER=arm-xilinx-eabi-ar" "COMPILER_FLAGS=  -O2 -c" "EXTRA_COMPILER_FLAGS=-g"
Compiling coresightps_dcc
Running Make libs in ps7_cortexa9_0/libsrc/devcfg_v3_3/src
make -C ps7_cortexa9_0/libsrc/devcfg_v3_3/src -s libs  "SHELL=/bin/sh" "COMPILER=arm-xilinx-eabi-gcc" "ARCHIVER=arm-xilinx-eabi-ar" "COMPILER_FLAGS=  -O2 -c" "EXTRA_COMPILER_FLAGS=-g"
Compiling devcfg
Running Make libs in ps7_cortexa9_0/libsrc/xadcps_v2_2/src
make -C ps7_cortexa9_0/libsrc/xadcps_v2_2/src -s libs  "SHELL=/bin/sh" "COMPILER=arm-xilinx-eabi-gcc" "ARCHIVER=arm-xilinx-eabi-ar" "COMPILER_FLAGS=  -O2 -c" "EXTRA_COMPILER_FLAGS=-g"
Compiling xadcps
Running Make libs in ps7_cortexa9_0/libsrc/tmrctr_v3_0/src
make -C ps7_cortexa9_0/libsrc/tmrctr_v3_0/src -s libs  "SHELL=/bin/sh" "COMPILER=arm-xilinx-eabi-gcc" "ARCHIVER=arm-xilinx-eabi-ar" "COMPILER_FLAGS=  -O2 -c" "EXTRA_COMPILER_FLAGS=-g"
Compiling tmrctr
Running Make libs in ps7_cortexa9_0/libsrc/dmaps_v2_1/src
make -C ps7_cortexa9_0/libsrc/dmaps_v2_1/src -s libs  "SHELL=/bin/sh" "COMPILER=arm-xilinx-eabi-gcc" "ARCHIVER=arm-xilinx-eabi-ar" "COMPILER_FLAGS=  -O2 -c" "EXTRA_COMPILER_FLAGS=-g"
Compiling dmaps
Running Make libs in ps7_cortexa9_0/libsrc/pwm_v1_0/src
make -C ps7_cortexa9_0/libsrc/pwm_v1_0/src -s libs  "SHELL=/bin/sh" "COMPILER=arm-xilinx-eabi-gcc" "ARCHIVER=arm-xilinx-eabi-ar" "COMPILER_FLAGS=  -O2 -c" "EXTRA_COMPILER_FLAGS=-g"
Compiling pwm...
Running Make libs in ps7_cortexa9_0/libsrc/gpiops_v3_1/src
make -C ps7_cortexa9_0/libsrc/gpiops_v3_1/src -s libs  "SHELL=/bin/sh" "COMPILER=arm-xilinx-eabi-gcc" "ARCHIVER=arm-xilinx-eabi-ar" "COMPILER_FLAGS=  -O2 -c" "EXTRA_COMPILER_FLAGS=-g"
Compiling gpiops
Running Make libs in ps7_cortexa9_0/libsrc/scuwdt_v2_1/src
make -C ps7_cortexa9_0/libsrc/scuwdt_v2_1/src -s libs  "SHELL=/bin/sh" "COMPILER=arm-xilinx-eabi-gcc" "ARCHIVER=arm-xilinx-eabi-ar" "COMPILER_FLAGS=  -O2 -c" "EXTRA_COMPILER_FLAGS=-g"
Compiling scuwdt
Running Make libs in ps7_cortexa9_0/libsrc/cpu_cortexa9_v2_1/src
make -C ps7_cortexa9_0/libsrc/cpu_cortexa9_v2_1/src -s libs  "SHELL=/bin/sh" "COMPILER=arm-xilinx-eabi-gcc" "ARCHIVER=arm-xilinx-eabi-ar" "COMPILER_FLAGS=  -O2 -c" "EXTRA_COMPILER_FLAGS=-g"
Compiling cpu_cortexa9
Running Make libs in ps7_cortexa9_0/libsrc/iicps_v3_0/src
make -C ps7_cortexa9_0/libsrc/iicps_v3_0/src -s libs  "SHELL=/bin/sh" "COMPILER=arm-xilinx-eabi-gcc" "ARCHIVER=arm-xilinx-eabi-ar" "COMPILER_FLAGS=  -O2 -c" "EXTRA_COMPILER_FLAGS=-g"
Compiling iicps
Running Make libs in ps7_cortexa9_0/libsrc/scugic_v3_1/src
make -C ps7_cortexa9_0/libsrc/scugic_v3_1/src -s libs  "SHELL=/bin/sh" "COMPILER=arm-xilinx-eabi-gcc" "ARCHIVER=arm-xilinx-eabi-ar" "COMPILER_FLAGS=  -O2 -c" "EXTRA_COMPILER_FLAGS=-g"
Compiling scugic
Running Make libs in ps7_cortexa9_0/libsrc/gpio_v4_0/src
make -C ps7_cortexa9_0/libsrc/gpio_v4_0/src -s libs  "SHELL=/bin/sh" "COMPILER=arm-xilinx-eabi-gcc" "ARCHIVER=arm-xilinx-eabi-ar" "COMPILER_FLAGS=  -O2 -c" "EXTRA_COMPILER_FLAGS=-g"
Compiling gpio
Running Make libs in ps7_cortexa9_0/libsrc/ttcps_v3_0/src
make -C ps7_cortexa9_0/libsrc/ttcps_v3_0/src -s libs  "SHELL=/bin/sh" "COMPILER=arm-xilinx-eabi-gcc" "ARCHIVER=arm-xilinx-eabi-ar" "COMPILER_FLAGS=  -O2 -c" "EXTRA_COMPILER_FLAGS=-g"
Compiling ttcps
Running Make libs in ps7_cortexa9_0/libsrc/scutimer_v2_1/src
make -C ps7_cortexa9_0/libsrc/scutimer_v2_1/src -s libs  "SHELL=/bin/sh" "COMPILER=arm-xilinx-eabi-gcc" "ARCHIVER=arm-xilinx-eabi-ar" "COMPILER_FLAGS=  -O2 -c" "EXTRA_COMPILER_FLAGS=-g"
Compiling scutimer
Running Make libs in ps7_cortexa9_0/libsrc/qspips_v3_2/src
make -C ps7_cortexa9_0/libsrc/qspips_v3_2/src -s libs  "SHELL=/bin/sh" "COMPILER=arm-xilinx-eabi-gcc" "ARCHIVER=arm-xilinx-eabi-ar" "COMPILER_FLAGS=  -O2 -c" "EXTRA_COMPILER_FLAGS=-g"
Compiling qspips
Finished building libraries
10:01:03 **** Build of configuration Debug for project IndoorLoc ****
make all 
Building file: ../src/zedboard/crc16.c
Invoking: ARM gcc compiler
arm-xilinx-eabi-gcc -DMOTION_DRIVER_TARGET_ZEDBOARD -DMPU9150 -U__ACCUM_EPSILON__ -Wall -O0 -g3 -c -fmessage-length=0 -MT"src/zedboard/crc16.o" -I../../IndoorLoc_gpio_timer_minimal_bsp_1/ps7_cortexa9_0/include -MMD -MP -MF"src/zedboard/crc16.d" -MT"src/zedboard/crc16.d" -o "src/zedboard/crc16.o" "../src/zedboard/crc16.c"
Finished building: ../src/zedboard/crc16.c
 
Building file: ../src/zedboard/gpio_utils.c
Invoking: ARM gcc compiler
arm-xilinx-eabi-gcc -DMOTION_DRIVER_TARGET_ZEDBOARD -DMPU9150 -U__ACCUM_EPSILON__ -Wall -O0 -g3 -c -fmessage-length=0 -MT"src/zedboard/gpio_utils.o" -I../../IndoorLoc_gpio_timer_minimal_bsp_1/ps7_cortexa9_0/include -MMD -MP -MF"src/zedboard/gpio_utils.d" -MT"src/zedboard/gpio_utils.d" -o "src/zedboard/gpio_utils.o" "../src/zedboard/gpio_utils.c"
Finished building: ../src/zedboard/gpio_utils.c
 
Building file: ../src/zedboard/iic_utils.c
Invoking: ARM gcc compiler
arm-xilinx-eabi-gcc -DMOTION_DRIVER_TARGET_ZEDBOARD -DMPU9150 -U__ACCUM_EPSILON__ -Wall -O0 -g3 -c -fmessage-length=0 -MT"src/zedboard/iic_utils.o" -I../../IndoorLoc_gpio_timer_minimal_bsp_1/ps7_cortexa9_0/include -MMD -MP -MF"src/zedboard/iic_utils.d" -MT"src/zedboard/iic_utils.d" -o "src/zedboard/iic_utils.o" "../src/zedboard/iic_utils.c"
Finished building: ../src/zedboard/iic_utils.c
 
Building file: ../src/zedboard/print_utils.c
Invoking: ARM gcc compiler
arm-xilinx-eabi-gcc -DMOTION_DRIVER_TARGET_ZEDBOARD -DMPU9150 -U__ACCUM_EPSILON__ -Wall -O0 -g3 -c -fmessage-length=0 -MT"src/zedboard/print_utils.o" -I../../IndoorLoc_gpio_timer_minimal_bsp_1/ps7_cortexa9_0/include -MMD -MP -MF"src/zedboard/print_utils.d" -MT"src/zedboard/print_utils.d" -o "src/zedboard/print_utils.o" "../src/zedboard/print_utils.c"
Finished building: ../src/zedboard/print_utils.c
 
Building file: ../src/zedboard/time_utils.c
Invoking: ARM gcc compiler
arm-xilinx-eabi-gcc -DMOTION_DRIVER_TARGET_ZEDBOARD -DMPU9150 -U__ACCUM_EPSILON__ -Wall -O0 -g3 -c -fmessage-length=0 -MT"src/zedboard/time_utils.o" -I../../IndoorLoc_gpio_timer_minimal_bsp_1/ps7_cortexa9_0/include -MMD -MP -MF"src/zedboard/time_utils.d" -MT"src/zedboard/time_utils.d" -o "src/zedboard/time_utils.o" "../src/zedboard/time_utils.c"
Finished building: ../src/zedboard/time_utils.c
 
Building file: ../src/zedboard/timer_int.c
Invoking: ARM gcc compiler
arm-xilinx-eabi-gcc -DMOTION_DRIVER_TARGET_ZEDBOARD -DMPU9150 -U__ACCUM_EPSILON__ -Wall -O0 -g3 -c -fmessage-length=0 -MT"src/zedboard/timer_int.o" -I../../IndoorLoc_gpio_timer_minimal_bsp_1/ps7_cortexa9_0/include -MMD -MP -MF"src/zedboard/timer_int.d" -MT"src/zedboard/timer_int.d" -o "src/zedboard/timer_int.o" "../src/zedboard/timer_int.c"
Finished building: ../src/zedboard/timer_int.c
 
Building file: ../src/zedboard/xmodem.c
Invoking: ARM gcc compiler
arm-xilinx-eabi-gcc -DMOTION_DRIVER_TARGET_ZEDBOARD -DMPU9150 -U__ACCUM_EPSILON__ -Wall -O0 -g3 -c -fmessage-length=0 -MT"src/zedboard/xmodem.o" -I../../IndoorLoc_gpio_timer_minimal_bsp_1/ps7_cortexa9_0/include -MMD -MP -MF"src/zedboard/xmodem.d" -MT"src/zedboard/xmodem.d" -o "src/zedboard/xmodem.o" "../src/zedboard/xmodem.c"
Finished building: ../src/zedboard/xmodem.c
 
Building file: ../src/robot/pwmsw.c
Invoking: ARM gcc compiler
arm-xilinx-eabi-gcc -DMOTION_DRIVER_TARGET_ZEDBOARD -DMPU9150 -U__ACCUM_EPSILON__ -Wall -O0 -g3 -c -fmessage-length=0 -MT"src/robot/pwmsw.o" -I../../IndoorLoc_gpio_timer_minimal_bsp_1/ps7_cortexa9_0/include -MMD -MP -MF"src/robot/pwmsw.d" -MT"src/robot/pwmsw.d" -o "src/robot/pwmsw.o" "../src/robot/pwmsw.c"
Finished building: ../src/robot/pwmsw.c
 
Building file: ../src/robot/robotCtrl.c
Invoking: ARM gcc compiler
arm-xilinx-eabi-gcc -DMOTION_DRIVER_TARGET_ZEDBOARD -DMPU9150 -U__ACCUM_EPSILON__ -Wall -O0 -g3 -c -fmessage-length=0 -MT"src/robot/robotCtrl.o" -I../../IndoorLoc_gpio_timer_minimal_bsp_1/ps7_cortexa9_0/include -MMD -MP -MF"src/robot/robotCtrl.d" -MT"src/robot/robotCtrl.d" -o "src/robot/robotCtrl.o" "../src/robot/robotCtrl.c"
../src/robot/robotCtrl.c: In function 'collectRobotMvmtData':
../src/robot/robotCtrl.c:20:29: warning: variable 'dir' set but not used [-Wunused-but-set-variable]
  float angle[2], currAngle, dir;
                             ^
../src/robot/robotCtrl.c:20:18: warning: variable 'currAngle' set but not used [-Wunused-but-set-variable]
  float angle[2], currAngle, dir;
                  ^
Finished building: ../src/robot/robotCtrl.c
 
Building file: ../src/imu/mpu9150/mpl/data_builder.c
Invoking: ARM gcc compiler
arm-xilinx-eabi-gcc -DMOTION_DRIVER_TARGET_ZEDBOARD -DMPU9150 -U__ACCUM_EPSILON__ -Wall -O0 -g3 -c -fmessage-length=0 -MT"src/imu/mpu9150/mpl/data_builder.o" -I../../IndoorLoc_gpio_timer_minimal_bsp_1/ps7_cortexa9_0/include -MMD -MP -MF"src/imu/mpu9150/mpl/data_builder.d" -MT"src/imu/mpu9150/mpl/data_builder.d" -o "src/imu/mpu9150/mpl/data_builder.o" "../src/imu/mpu9150/mpl/data_builder.c"
Finished building: ../src/imu/mpu9150/mpl/data_builder.c
 
Building file: ../src/imu/mpu9150/mpl/eMPL_outputs.c
Invoking: ARM gcc compiler
arm-xilinx-eabi-gcc -DMOTION_DRIVER_TARGET_ZEDBOARD -DMPU9150 -U__ACCUM_EPSILON__ -Wall -O0 -g3 -c -fmessage-length=0 -MT"src/imu/mpu9150/mpl/eMPL_outputs.o" -I../../IndoorLoc_gpio_timer_minimal_bsp_1/ps7_cortexa9_0/include -MMD -MP -MF"src/imu/mpu9150/mpl/eMPL_outputs.d" -MT"src/imu/mpu9150/mpl/eMPL_outputs.d" -o "src/imu/mpu9150/mpl/eMPL_outputs.o" "../src/imu/mpu9150/mpl/eMPL_outputs.c"
../src/imu/mpu9150/mpl/eMPL_outputs.c: In function 'inv_get_sensor_type_quat':
../src/imu/mpu9150/mpl/eMPL_outputs.c:100:5: warning: implicit declaration of function 'memcpy' [-Wimplicit-function-declaration]
     memcpy(data, eMPL_out.quat, sizeof(eMPL_out.quat));
     ^
../src/imu/mpu9150/mpl/eMPL_outputs.c:100:5: warning: incompatible implicit declaration of built-in function 'memcpy'
../src/imu/mpu9150/mpl/eMPL_outputs.c: In function 'inv_init_eMPL_outputs':
../src/imu/mpu9150/mpl/eMPL_outputs.c:295:5: warning: implicit declaration of function 'memset' [-Wimplicit-function-declaration]
     memset(&eMPL_out, 0, sizeof(eMPL_out));
     ^
../src/imu/mpu9150/mpl/eMPL_outputs.c:295:5: warning: incompatible implicit declaration of built-in function 'memset'
Finished building: ../src/imu/mpu9150/mpl/eMPL_outputs.c
 
Building file: ../src/imu/mpu9150/mpl/hal_outputs.c
Invoking: ARM gcc compiler
arm-xilinx-eabi-gcc -DMOTION_DRIVER_TARGET_ZEDBOARD -DMPU9150 -U__ACCUM_EPSILON__ -Wall -O0 -g3 -c -fmessage-length=0 -MT"src/imu/mpu9150/mpl/hal_outputs.o" -I../../IndoorLoc_gpio_timer_minimal_bsp_1/ps7_cortexa9_0/include -MMD -MP -MF"src/imu/mpu9150/mpl/hal_outputs.d" -MT"src/imu/mpu9150/mpl/hal_outputs.d" -o "src/imu/mpu9150/mpl/hal_outputs.o" "../src/imu/mpu9150/mpl/hal_outputs.c"
Finished building: ../src/imu/mpu9150/mpl/hal_outputs.c
 
Building file: ../src/imu/mpu9150/mpl/message_layer.c
Invoking: ARM gcc compiler
arm-xilinx-eabi-gcc -DMOTION_DRIVER_TARGET_ZEDBOARD -DMPU9150 -U__ACCUM_EPSILON__ -Wall -O0 -g3 -c -fmessage-length=0 -MT"src/imu/mpu9150/mpl/message_layer.o" -I../../IndoorLoc_gpio_timer_minimal_bsp_1/ps7_cortexa9_0/include -MMD -MP -MF"src/imu/mpu9150/mpl/message_layer.d" -MT"src/imu/mpu9150/mpl/message_layer.d" -o "src/imu/mpu9150/mpl/message_layer.o" "../src/imu/mpu9150/mpl/message_layer.c"
Finished building: ../src/imu/mpu9150/mpl/message_layer.c
 
Building file: ../src/imu/mpu9150/mpl/ml_math_func.c
Invoking: ARM gcc compiler
arm-xilinx-eabi-gcc -DMOTION_DRIVER_TARGET_ZEDBOARD -DMPU9150 -U__ACCUM_EPSILON__ -Wall -O0 -g3 -c -fmessage-length=0 -MT"src/imu/mpu9150/mpl/ml_math_func.o" -I../../IndoorLoc_gpio_timer_minimal_bsp_1/ps7_cortexa9_0/include -MMD -MP -MF"src/imu/mpu9150/mpl/ml_math_func.d" -MT"src/imu/mpu9150/mpl/ml_math_func.d" -o "src/imu/mpu9150/mpl/ml_math_func.o" "../src/imu/mpu9150/mpl/ml_math_func.c"
In file included from ../src/imu/mpu9150/mpl/ml_math_func.c:26:0:
../src/imu/mpu9150/mpl/ml_math_func.c: In function 'inv_q_mult':
../src/imu/mpu9150/mpl/mlinclude.h:9:44: warning: typedef 'invensensePutFunctionCallsHere' locally defined but not used [-Wunused-local-typedefs]
 #define INVENSENSE_FUNC_START  typedef int invensensePutFunctionCallsHere
                                            ^
../src/imu/mpu9150/mpl/ml_math_func.c:220:5: note: in expansion of macro 'INVENSENSE_FUNC_START'
     INVENSENSE_FUNC_START;
     ^
../src/imu/mpu9150/mpl/ml_math_func.c: In function 'inv_q_add':
../src/imu/mpu9150/mpl/mlinclude.h:9:44: warning: typedef 'invensensePutFunctionCallsHere' locally defined but not used [-Wunused-local-typedefs]
 #define INVENSENSE_FUNC_START  typedef int invensensePutFunctionCallsHere
                                            ^
../src/imu/mpu9150/mpl/ml_math_func.c:244:5: note: in expansion of macro 'INVENSENSE_FUNC_START'
     INVENSENSE_FUNC_START;
     ^
../src/imu/mpu9150/mpl/ml_math_func.c: In function 'inv_vector_normalize':
../src/imu/mpu9150/mpl/mlinclude.h:9:44: warning: typedef 'invensensePutFunctionCallsHere' locally defined but not used [-Wunused-local-typedefs]
 #define INVENSENSE_FUNC_START  typedef int invensensePutFunctionCallsHere
                                            ^
../src/imu/mpu9150/mpl/ml_math_func.c:253:5: note: in expansion of macro 'INVENSENSE_FUNC_START'
     INVENSENSE_FUNC_START;
     ^
../src/imu/mpu9150/mpl/ml_math_func.c: In function 'inv_q_normalize':
../src/imu/mpu9150/mpl/mlinclude.h:9:44: warning: typedef 'invensensePutFunctionCallsHere' locally defined but not used [-Wunused-local-typedefs]
 #define INVENSENSE_FUNC_START  typedef int invensensePutFunctionCallsHere
                                            ^
../src/imu/mpu9150/mpl/ml_math_func.c:275:5: note: in expansion of macro 'INVENSENSE_FUNC_START'
     INVENSENSE_FUNC_START;
     ^
../src/imu/mpu9150/mpl/ml_math_func.c: In function 'inv_q_invert':
../src/imu/mpu9150/mpl/mlinclude.h:9:44: warning: typedef 'invensensePutFunctionCallsHere' locally defined but not used [-Wunused-local-typedefs]
 #define INVENSENSE_FUNC_START  typedef int invensensePutFunctionCallsHere
                                            ^
../src/imu/mpu9150/mpl/ml_math_func.c:281:5: note: in expansion of macro 'INVENSENSE_FUNC_START'
     INVENSENSE_FUNC_START;
     ^
../src/imu/mpu9150/mpl/ml_math_func.c: In function 'inv_q_multf':
../src/imu/mpu9150/mpl/mlinclude.h:9:44: warning: typedef 'invensensePutFunctionCallsHere' locally defined but not used [-Wunused-local-typedefs]
 #define INVENSENSE_FUNC_START  typedef int invensensePutFunctionCallsHere
                                            ^
../src/imu/mpu9150/mpl/ml_math_func.c:317:5: note: in expansion of macro 'INVENSENSE_FUNC_START'
     INVENSENSE_FUNC_START;
     ^
../src/imu/mpu9150/mpl/ml_math_func.c: In function 'inv_q_addf':
../src/imu/mpu9150/mpl/mlinclude.h:9:44: warning: typedef 'invensensePutFunctionCallsHere' locally defined but not used [-Wunused-local-typedefs]
 #define INVENSENSE_FUNC_START  typedef int invensensePutFunctionCallsHere
                                            ^
../src/imu/mpu9150/mpl/ml_math_func.c:330:5: note: in expansion of macro 'INVENSENSE_FUNC_START'
     INVENSENSE_FUNC_START;
     ^
../src/imu/mpu9150/mpl/ml_math_func.c: In function 'inv_q_normalizef':
../src/imu/mpu9150/mpl/mlinclude.h:9:44: warning: typedef 'invensensePutFunctionCallsHere' locally defined but not used [-Wunused-local-typedefs]
 #define INVENSENSE_FUNC_START  typedef int invensensePutFunctionCallsHere
                                            ^
../src/imu/mpu9150/mpl/ml_math_func.c:339:5: note: in expansion of macro 'INVENSENSE_FUNC_START'
     INVENSENSE_FUNC_START;
     ^
../src/imu/mpu9150/mpl/ml_math_func.c: In function 'inv_q_invertf':
../src/imu/mpu9150/mpl/mlinclude.h:9:44: warning: typedef 'invensensePutFunctionCallsHere' locally defined but not used [-Wunused-local-typedefs]
 #define INVENSENSE_FUNC_START  typedef int invensensePutFunctionCallsHere
                                            ^
../src/imu/mpu9150/mpl/ml_math_func.c:384:5: note: in expansion of macro 'INVENSENSE_FUNC_START'
     INVENSENSE_FUNC_START;
     ^
Finished building: ../src/imu/mpu9150/mpl/ml_math_func.c
 
Building file: ../src/imu/mpu9150/mpl/mlmath.c
Invoking: ARM gcc compiler
arm-xilinx-eabi-gcc -DMOTION_DRIVER_TARGET_ZEDBOARD -DMPU9150 -U__ACCUM_EPSILON__ -Wall -O0 -g3 -c -fmessage-length=0 -MT"src/imu/mpu9150/mpl/mlmath.o" -I../../IndoorLoc_gpio_timer_minimal_bsp_1/ps7_cortexa9_0/include -MMD -MP -MF"src/imu/mpu9150/mpl/mlmath.d" -MT"src/imu/mpu9150/mpl/mlmath.d" -o "src/imu/mpu9150/mpl/mlmath.o" "../src/imu/mpu9150/mpl/mlmath.c"
Finished building: ../src/imu/mpu9150/mpl/mlmath.c
 
Building file: ../src/imu/mpu9150/mpl/mpl.c
Invoking: ARM gcc compiler
arm-xilinx-eabi-gcc -DMOTION_DRIVER_TARGET_ZEDBOARD -DMPU9150 -U__ACCUM_EPSILON__ -Wall -O0 -g3 -c -fmessage-length=0 -MT"src/imu/mpu9150/mpl/mpl.o" -I../../IndoorLoc_gpio_timer_minimal_bsp_1/ps7_cortexa9_0/include -MMD -MP -MF"src/imu/mpu9150/mpl/mpl.d" -MT"src/imu/mpu9150/mpl/mpl.d" -o "src/imu/mpu9150/mpl/mpl.o" "../src/imu/mpu9150/mpl/mpl.c"
In file included from ../src/imu/mpu9150/mpl/mpl.c:23:0:
../src/imu/mpu9150/mpl/mpl.c: In function 'inv_get_version':
../src/imu/mpu9150/mpl/mlinclude.h:9:44: warning: typedef 'invensensePutFunctionCallsHere' locally defined but not used [-Wunused-local-typedefs]
 #define INVENSENSE_FUNC_START  typedef int invensensePutFunctionCallsHere
                                            ^
../src/imu/mpu9150/mpl/mpl.c:53:5: note: in expansion of macro 'INVENSENSE_FUNC_START'
Finished building: ../src/imu/mpu9150/mpl/mpl.c
     INVENSENSE_FUNC_START;
     ^
 
Building file: ../src/imu/mpu9150/mpl/results_holder.c
Invoking: ARM gcc compiler
arm-xilinx-eabi-gcc -DMOTION_DRIVER_TARGET_ZEDBOARD -DMPU9150 -U__ACCUM_EPSILON__ -Wall -O0 -g3 -c -fmessage-length=0 -MT"src/imu/mpu9150/mpl/results_holder.o" -I../../IndoorLoc_gpio_timer_minimal_bsp_1/ps7_cortexa9_0/include -MMD -MP -MF"src/imu/mpu9150/mpl/results_holder.d" -MT"src/imu/mpu9150/mpl/results_holder.d" -o "src/imu/mpu9150/mpl/results_holder.o" "../src/imu/mpu9150/mpl/results_holder.c"
Finished building: ../src/imu/mpu9150/mpl/results_holder.c
 
Building file: ../src/imu/mpu9150/mpl/start_manager.c
Invoking: ARM gcc compiler
arm-xilinx-eabi-gcc -DMOTION_DRIVER_TARGET_ZEDBOARD -DMPU9150 -U__ACCUM_EPSILON__ -Wall -O0 -g3 -c -fmessage-length=0 -MT"src/imu/mpu9150/mpl/start_manager.o" -I../../IndoorLoc_gpio_timer_minimal_bsp_1/ps7_cortexa9_0/include -MMD -MP -MF"src/imu/mpu9150/mpl/start_manager.d" -MT"src/imu/mpu9150/mpl/start_manager.d" -o "src/imu/mpu9150/mpl/start_manager.o" "../src/imu/mpu9150/mpl/start_manager.c"
Finished building: ../src/imu/mpu9150/mpl/start_manager.c
 
Building file: ../src/imu/mpu9150/mpl/storage_manager.c
Invoking: ARM gcc compiler
arm-xilinx-eabi-gcc -DMOTION_DRIVER_TARGET_ZEDBOARD -DMPU9150 -U__ACCUM_EPSILON__ -Wall -O0 -g3 -c -fmessage-length=0 -MT"src/imu/mpu9150/mpl/storage_manager.o" -I../../IndoorLoc_gpio_timer_minimal_bsp_1/ps7_cortexa9_0/include -MMD -MP -MF"src/imu/mpu9150/mpl/storage_manager.d" -MT"src/imu/mpu9150/mpl/storage_manager.d" -o "src/imu/mpu9150/mpl/storage_manager.o" "../src/imu/mpu9150/mpl/storage_manager.c"
Finished building: ../src/imu/mpu9150/mpl/storage_manager.c
 
Building file: ../src/imu/mpu9150/inv_mpu.c
Invoking: ARM gcc compiler
arm-xilinx-eabi-gcc -DMOTION_DRIVER_TARGET_ZEDBOARD -DMPU9150 -U__ACCUM_EPSILON__ -Wall -O0 -g3 -c -fmessage-length=0 -MT"src/imu/mpu9150/inv_mpu.o" -I../../IndoorLoc_gpio_timer_minimal_bsp_1/ps7_cortexa9_0/include -MMD -MP -MF"src/imu/mpu9150/inv_mpu.d" -MT"src/imu/mpu9150/inv_mpu.d" -o "src/imu/mpu9150/inv_mpu.o" "../src/imu/mpu9150/inv_mpu.c"
Finished building: ../src/imu/mpu9150/inv_mpu.c
 
Building file: ../src/imu/mpu9150/inv_mpu_dmp_motion_driver.c
Invoking: ARM gcc compiler
arm-xilinx-eabi-gcc -DMOTION_DRIVER_TARGET_ZEDBOARD -DMPU9150 -U__ACCUM_EPSILON__ -Wall -O0 -g3 -c -fmessage-length=0 -MT"src/imu/mpu9150/inv_mpu_dmp_motion_driver.o" -I../../IndoorLoc_gpio_timer_minimal_bsp_1/ps7_cortexa9_0/include -MMD -MP -MF"src/imu/mpu9150/inv_mpu_dmp_motion_driver.d" -MT"src/imu/mpu9150/inv_mpu_dmp_motion_driver.d" -o "src/imu/mpu9150/inv_mpu_dmp_motion_driver.o" "../src/imu/mpu9150/inv_mpu_dmp_motion_driver.c"
Finished building: ../src/imu/mpu9150/inv_mpu_dmp_motion_driver.c
 
Building file: ../src/imu/mpu.c
Invoking: ARM gcc compiler
arm-xilinx-eabi-gcc -DMOTION_DRIVER_TARGET_ZEDBOARD -DMPU9150 -U__ACCUM_EPSILON__ -Wall -O0 -g3 -c -fmessage-length=0 -MT"src/imu/mpu.o" -I../../IndoorLoc_gpio_timer_minimal_bsp_1/ps7_cortexa9_0/include -MMD -MP -MF"src/imu/mpu.d" -MT"src/imu/mpu.d" -o "src/imu/mpu.o" "../src/imu/mpu.c"
Finished building: ../src/imu/mpu.c
 
Building file: ../src/imu/mpu_int.c
Invoking: ARM gcc compiler
arm-xilinx-eabi-gcc -DMOTION_DRIVER_TARGET_ZEDBOARD -DMPU9150 -U__ACCUM_EPSILON__ -Wall -O0 -g3 -c -fmessage-length=0 -MT"src/imu/mpu_int.o" -I../../IndoorLoc_gpio_timer_minimal_bsp_1/ps7_cortexa9_0/include -MMD -MP -MF"src/imu/mpu_int.d" -MT"src/imu/mpu_int.d" -o "src/imu/mpu_int.o" "../src/imu/mpu_int.c"
Finished building: ../src/imu/mpu_int.c
 
Building file: ../src/imu/mpu_utils.c
Invoking: ARM gcc compiler
arm-xilinx-eabi-gcc -DMOTION_DRIVER_TARGET_ZEDBOARD -DMPU9150 -U__ACCUM_EPSILON__ -Wall -O0 -g3 -c -fmessage-length=0 -MT"src/imu/mpu_utils.o" -I../../IndoorLoc_gpio_timer_minimal_bsp_1/ps7_cortexa9_0/include -MMD -MP -MF"src/imu/mpu_utils.d" -MT"src/imu/mpu_utils.d" -o "src/imu/mpu_utils.o" "../src/imu/mpu_utils.c"
../src/imu/mpu_utils.c: In function 'imuSetDmpIntMode':
../src/imu/mpu_utils.c:41:3: warning: implicit declaration of function 'dmp_set_interrupt_mode' [-Wimplicit-function-declaration]
   success = dmp_set_interrupt_mode(mode); //TODO
   ^
../src/imu/mpu_utils.c: In function 'imuSetDmpAccelBias':
../src/imu/mpu_utils.c:65:3: warning: implicit declaration of function 'dmp_set_accel_bias' [-Wimplicit-function-declaration]
   success = dmp_set_accel_bias(bias); //TODO
   ^
../src/imu/mpu_utils.c: In function 'imuSetDmpGyroBias':
../src/imu/mpu_utils.c:89:3: warning: implicit declaration of function 'dmp_set_gyro_bias' [-Wimplicit-function-declaration]
   success = dmp_set_gyro_bias(bias); //TODO
   ^
../src/imu/mpu_utils.c: In function 'imuEnableDmpGyroCal':
../src/imu/mpu_utils.c:145:3: warning: implicit declaration of function 'dmp_enable_gyro_cal' [-Wimplicit-function-declaration]
   success = dmp_enable_gyro_cal(enable); //TODO
   ^
../src/imu/mpu_utils.c: In function 'imuEnableDmpFeatures':
../src/imu/mpu_utils.c:169:3: warning: implicit declaration of function 'dmp_enable_feature' [-Wimplicit-function-declaration]
   success = dmp_enable_feature(mask); //TODO
   ^
../src/imu/mpu_utils.c: In function 'imuSetFifoRate':
../src/imu/mpu_utils.c:193:3: warning: implicit declaration of function 'dmp_set_fifo_rate' [-Wimplicit-function-declaration]
   success = dmp_set_fifo_rate(rate); //TODO
   ^
../src/imu/mpu_utils.c: In function 'imuDmpLoadMotionDriverFirmware':
../src/imu/mpu_utils.c:457:3: warning: implicit declaration of function 'dmp_load_motion_driver_firmware' [-Wimplicit-function-declaration]
   success = dmp_load_motion_driver_firmware(); //TODO
   ^
../src/imu/mpu_utils.c: In function 'imuDmpReadFifo':
../src/imu/mpu_utils.c:506:3: warning: implicit declaration of function 'dmp_read_fifo' [-Wimplicit-function-declaration]
   success = dmp_read_fifo(gyro, accel, quat, timestamp, sensors, more); //TODO
   ^
../src/imu/mpu_utils.c: In function 'imuReadGyroBias':
../src/imu/mpu_utils.c:530:3: warning: implicit declaration of function 'mpu_read_6500_gyro_bias' [-Wimplicit-function-declaration]
   success = mpu_read_6500_gyro_bias(gyro_bias); //TODO
   ^
Finished building: ../src/imu/mpu_utils.c
 
Building file: ../src/math_utils.c
Invoking: ARM gcc compiler
arm-xilinx-eabi-gcc -DMOTION_DRIVER_TARGET_ZEDBOARD -DMPU9150 -U__ACCUM_EPSILON__ -Wall -O0 -g3 -c -fmessage-length=0 -MT"src/math_utils.o" -I../../IndoorLoc_gpio_timer_minimal_bsp_1/ps7_cortexa9_0/include -MMD -MP -MF"src/math_utils.d" -MT"src/math_utils.d" -o "src/math_utils.o" "../src/math_utils.c"
Finished building: ../src/math_utils.c
 
Building file: ../src/platform.c
Invoking: ARM gcc compiler
arm-xilinx-eabi-gcc -DMOTION_DRIVER_TARGET_ZEDBOARD -DMPU9150 -U__ACCUM_EPSILON__ -Wall -O0 -g3 -c -fmessage-length=0 -MT"src/platform.o" -I../../IndoorLoc_gpio_timer_minimal_bsp_1/ps7_cortexa9_0/include -MMD -MP -MF"src/platform.d" -MT"src/platform.d" -o "src/platform.o" "../src/platform.c"
Finished building: ../src/platform.c
 
Building file: ../src/run.c
Invoking: ARM gcc compiler
arm-xilinx-eabi-gcc -DMOTION_DRIVER_TARGET_ZEDBOARD -DMPU9150 -U__ACCUM_EPSILON__ -Wall -O0 -g3 -c -fmessage-length=0 -MT"src/run.o" -I../../IndoorLoc_gpio_timer_minimal_bsp_1/ps7_cortexa9_0/include -MMD -MP -MF"src/run.d" -MT"src/run.d" -o "src/run.o" "../src/run.c"
Finished building: ../src/run.c
 
Building target: IndoorLoc.elf
Invoking: ARM gcc linker
arm-xilinx-eabi-gcc -L../../IndoorLoc_bsp/ps7_cortexa9_0/lib -L"/home/rupprich/Masterarbeit/indoor-loc/indoor-loc/indoor-loc.sdk/IndoorLoc/src/imu/mpu9150/mpl" -Wl,-T -Wl,../src/lscript.ld -L../../IndoorLoc_gpio_timer_minimal_bsp_1/ps7_cortexa9_0/lib -o "IndoorLoc.elf"  ./src/zedboard/crc16.o ./src/zedboard/gpio_utils.o ./src/zedboard/iic_utils.o ./src/zedboard/print_utils.o ./src/zedboard/time_utils.o ./src/zedboard/timer_int.o ./src/zedboard/xmodem.o  ./src/robot/pwmsw.o ./src/robot/robotCtrl.o  ./src/imu/mpu9150/mpl/data_builder.o ./src/imu/mpu9150/mpl/eMPL_outputs.o ./src/imu/mpu9150/mpl/hal_outputs.o ./src/imu/mpu9150/mpl/message_layer.o ./src/imu/mpu9150/mpl/ml_math_func.o ./src/imu/mpu9150/mpl/mlmath.o ./src/imu/mpu9150/mpl/mpl.o ./src/imu/mpu9150/mpl/results_holder.o ./src/imu/mpu9150/mpl/start_manager.o ./src/imu/mpu9150/mpl/storage_manager.o  ./src/imu/mpu9150/inv_mpu.o ./src/imu/mpu9150/inv_mpu_dmp_motion_driver.o  ./src/imu/mpu.o ./src/imu/mpu_int.o ./src/imu/mpu_utils.o  ./src/math_utils.o ./src/platform.o ./src/run.o   -lmpllib -lm -llibmplmpu -Wl,--start-group,-lxil,-lgcc,-lc,--end-group
Finished building target: IndoorLoc.elf
 
Invoking: ARM Print Size
arm-xilinx-eabi-size IndoorLoc.elf  |tee "IndoorLoc.elf.size"
   text	   data	    bss	    dec	    hex	filename
 219984	   3272	1026840	1250096	 131330	IndoorLoc.elf
Finished building: IndoorLoc.elf.size
 
10:01:54 **** Auto Build of configuration Debug for project IndoorLoc ****
make all 
Building file: ../src/robot/robotCtrl.c
Invoking: ARM gcc compiler
arm-xilinx-eabi-gcc -DMOTION_DRIVER_TARGET_ZEDBOARD -DMPU9150 -U__ACCUM_EPSILON__ -Wall -O0 -g3 -c -fmessage-length=0 -MT"src/robot/robotCtrl.o" -I../../IndoorLoc_gpio_timer_minimal_bsp_1/ps7_cortexa9_0/include -MMD -MP -MF"src/robot/robotCtrl.d" -MT"src/robot/robotCtrl.d" -o "src/robot/robotCtrl.o" "../src/robot/robotCtrl.c"
../src/robot/robotCtrl.c: In function 'collectRobotMvmtData':
../src/robot/robotCtrl.c:25:29: warning: variable 'dir' set but not used [-Wunused-but-set-variable]
  float angle[2], currAngle, dir;
                             ^
../src/robot/robotCtrl.c:25:18: warning: variable 'currAngle' set but not used [-Wunused-but-set-variable]
  float angle[2], currAngle, dir;
                  ^
Finished building: ../src/robot/robotCtrl.c
 
Building target: IndoorLoc.elf
Invoking: ARM gcc linker
arm-xilinx-eabi-gcc -L../../IndoorLoc_bsp/ps7_cortexa9_0/lib -L"/home/rupprich/Masterarbeit/indoor-loc/indoor-loc/indoor-loc.sdk/IndoorLoc/src/imu/mpu9150/mpl" -Wl,-T -Wl,../src/lscript.ld -L../../IndoorLoc_gpio_timer_minimal_bsp_1/ps7_cortexa9_0/lib -o "IndoorLoc.elf"  ./src/zedboard/crc16.o ./src/zedboard/gpio_utils.o ./src/zedboard/iic_utils.o ./src/zedboard/print_utils.o ./src/zedboard/time_utils.o ./src/zedboard/timer_int.o ./src/zedboard/xmodem.o  ./src/robot/pwmsw.o ./src/robot/robotCtrl.o  ./src/imu/mpu9150/mpl/data_builder.o ./src/imu/mpu9150/mpl/eMPL_outputs.o ./src/imu/mpu9150/mpl/hal_outputs.o ./src/imu/mpu9150/mpl/message_layer.o ./src/imu/mpu9150/mpl/ml_math_func.o ./src/imu/mpu9150/mpl/mlmath.o ./src/imu/mpu9150/mpl/mpl.o ./src/imu/mpu9150/mpl/results_holder.o ./src/imu/mpu9150/mpl/start_manager.o ./src/imu/mpu9150/mpl/storage_manager.o  ./src/imu/mpu9150/inv_mpu.o ./src/imu/mpu9150/inv_mpu_dmp_motion_driver.o  ./src/imu/mpu.o ./src/imu/mpu_int.o ./src/imu/mpu_utils.o  ./src/math_utils.o ./src/platform.o ./src/run.o   -lmpllib -lm -llibmplmpu -Wl,--start-group,-lxil,-lgcc,-lc,--end-group
Finished building target: IndoorLoc.elf
 
Invoking: ARM Print Size
arm-xilinx-eabi-size IndoorLoc.elf  |tee "IndoorLoc.elf.size"
   text	   data	    bss	    dec	    hex	filename
 219984	   3272	1026840	1250096	 131330	IndoorLoc.elf
Finished building: IndoorLoc.elf.size
 
10:05:29 **** Auto Build of configuration Debug for project IndoorLoc ****
make all 
Building file: ../src/robot/pwmsw.c
Invoking: ARM gcc compiler
arm-xilinx-eabi-gcc -DMOTION_DRIVER_TARGET_ZEDBOARD -DMPU9150 -U__ACCUM_EPSILON__ -Wall -O0 -g3 -c -fmessage-length=0 -MT"src/robot/pwmsw.o" -I../../IndoorLoc_gpio_timer_minimal_bsp_1/ps7_cortexa9_0/include -MMD -MP -MF"src/robot/pwmsw.d" -MT"src/robot/pwmsw.d" -o "src/robot/pwmsw.o" "../src/robot/pwmsw.c"
../src/robot/pwmsw.c:27:12: warning: 'pwmCurrValue' defined but not used [-Wunused-variable]
 static u32 pwmCurrValue[NUMBER_OF_JOINTS] = { PWM_VAL_INIT, PWM_VAL_INIT, PWM_VAL_INIT, PWM_VAL_INIT, PWM_VAL_INIT, PWM_VAL_INIT };
            ^
Finished building: ../src/robot/pwmsw.c
 
Building target: IndoorLoc.elf
Invoking: ARM gcc linker
arm-xilinx-eabi-gcc -L../../IndoorLoc_bsp/ps7_cortexa9_0/lib -L"/home/rupprich/Masterarbeit/indoor-loc/indoor-loc/indoor-loc.sdk/IndoorLoc/src/imu/mpu9150/mpl" -Wl,-T -Wl,../src/lscript.ld -L../../IndoorLoc_gpio_timer_minimal_bsp_1/ps7_cortexa9_0/lib -o "IndoorLoc.elf"  ./src/zedboard/crc16.o ./src/zedboard/gpio_utils.o ./src/zedboard/iic_utils.o ./src/zedboard/print_utils.o ./src/zedboard/time_utils.o ./src/zedboard/timer_int.o ./src/zedboard/xmodem.o  ./src/robot/pwmsw.o ./src/robot/robotCtrl.o  ./src/imu/mpu9150/mpl/data_builder.o ./src/imu/mpu9150/mpl/eMPL_outputs.o ./src/imu/mpu9150/mpl/hal_outputs.o ./src/imu/mpu9150/mpl/message_layer.o ./src/imu/mpu9150/mpl/ml_math_func.o ./src/imu/mpu9150/mpl/mlmath.o ./src/imu/mpu9150/mpl/mpl.o ./src/imu/mpu9150/mpl/results_holder.o ./src/imu/mpu9150/mpl/start_manager.o ./src/imu/mpu9150/mpl/storage_manager.o  ./src/imu/mpu9150/inv_mpu.o ./src/imu/mpu9150/inv_mpu_dmp_motion_driver.o  ./src/imu/mpu.o ./src/imu/mpu_int.o ./src/imu/mpu_utils.o  ./src/math_utils.o ./src/platform.o ./src/run.o   -lmpllib -lm -llibmplmpu -Wl,--start-group,-lxil,-lgcc,-lc,--end-group
Finished building target: IndoorLoc.elf
 
Invoking: ARM Print Size
arm-xilinx-eabi-size IndoorLoc.elf  |tee "IndoorLoc.elf.size"
   text	   data	    bss	    dec	    hex	filename
 219984	   3296	1026840	1250120	 131348	IndoorLoc.elf
Finished building: IndoorLoc.elf.size
 
10:13:30 **** Auto Build of configuration Debug for project IndoorLoc ****
make all 
Building file: ../src/robot/pwmsw.c
Invoking: ARM gcc compiler
arm-xilinx-eabi-gcc -DMOTION_DRIVER_TARGET_ZEDBOARD -DMPU9150 -U__ACCUM_EPSILON__ -Wall -O0 -g3 -c -fmessage-length=0 -MT"src/robot/pwmsw.o" -I../../IndoorLoc_gpio_timer_minimal_bsp_1/ps7_cortexa9_0/include -MMD -MP -MF"src/robot/pwmsw.d" -MT"src/robot/pwmsw.d" -o "src/robot/pwmsw.o" "../src/robot/pwmsw.c"
../src/robot/pwmsw.c:661:5: error: conflicting types for 'writePwmReg'
 u32 writePwmReg(u32 reg, u32 value) {
     ^
../src/robot/pwmsw.c:45:5: note: previous declaration of 'writePwmReg' was here
 int writePwmReg(u32 reg, u32 value);
     ^
../src/robot/pwmsw.c: In function 'writePwmReg':
../src/robot/pwmsw.c:673:3: error: case label does not reduce to an integer constant
   case value:
   ^
../src/robot/pwmsw.c:679:2: warning: statement with no effect [-Wunused-value]
  pwmCurrValue[reg] == currentValue;
  ^
make: *** [src/robot/pwmsw.o] Error 1
10:13:41 **** Auto Build of configuration Debug for project IndoorLoc ****
make all 
Building file: ../src/robot/pwmsw.c
Invoking: ARM gcc compiler
arm-xilinx-eabi-gcc -DMOTION_DRIVER_TARGET_ZEDBOARD -DMPU9150 -U__ACCUM_EPSILON__ -Wall -O0 -g3 -c -fmessage-length=0 -MT"src/robot/pwmsw.o" -I../../IndoorLoc_gpio_timer_minimal_bsp_1/ps7_cortexa9_0/include -MMD -MP -MF"src/robot/pwmsw.d" -MT"src/robot/pwmsw.d" -o "src/robot/pwmsw.o" "../src/robot/pwmsw.c"
../src/robot/pwmsw.c:661:5: error: conflicting types for 'writePwmReg'
 u32 writePwmReg(u32 reg, u32 value) {
     ^
../src/robot/pwmsw.c:45:5: note: previous declaration of 'writePwmReg' was here
 int writePwmReg(u32 reg, u32 value);
     ^
../src/robot/pwmsw.c: In function 'writePwmReg':
../src/robot/pwmsw.c:673:2: warning: statement with no effect [-Wunused-value]
  pwmCurrValue[reg] == currentValue;
  ^
make: *** [src/robot/pwmsw.o] Error 1
10:13:57 **** Auto Build of configuration Debug for project IndoorLoc ****
make all 
Building file: ../src/robot/pwmsw.c
Invoking: ARM gcc compiler
arm-xilinx-eabi-gcc -DMOTION_DRIVER_TARGET_ZEDBOARD -DMPU9150 -U__ACCUM_EPSILON__ -Wall -O0 -g3 -c -fmessage-length=0 -MT"src/robot/pwmsw.o" -I../../IndoorLoc_gpio_timer_minimal_bsp_1/ps7_cortexa9_0/include -MMD -MP -MF"src/robot/pwmsw.d" -MT"src/robot/pwmsw.d" -o "src/robot/pwmsw.o" "../src/robot/pwmsw.c"
../src/robot/pwmsw.c:661:5: error: conflicting types for 'writePwmReg'
 u32 writePwmReg(u32 reg, u32 value) {
     ^
../src/robot/pwmsw.c:45:5: note: previous declaration of 'writePwmReg' was here
 int writePwmReg(u32 reg, u32 value);
     ^
../src/robot/pwmsw.c: In function 'writePwmReg':
../src/robot/pwmsw.c:673:36: warning: value computed is not used [-Wunused-value]
  pwmCurrValue[getIndexForReg(reg)] == currentValue;
                                    ^
make: *** [src/robot/pwmsw.o] Error 1
10:14:14 **** Auto Build of configuration Debug for project IndoorLoc ****
make all 
Building file: ../src/robot/pwmsw.c
Invoking: ARM gcc compiler
arm-xilinx-eabi-gcc -DMOTION_DRIVER_TARGET_ZEDBOARD -DMPU9150 -U__ACCUM_EPSILON__ -Wall -O0 -g3 -c -fmessage-length=0 -MT"src/robot/pwmsw.o" -I../../IndoorLoc_gpio_timer_minimal_bsp_1/ps7_cortexa9_0/include -MMD -MP -MF"src/robot/pwmsw.d" -MT"src/robot/pwmsw.d" -o "src/robot/pwmsw.o" "../src/robot/pwmsw.c"
../src/robot/pwmsw.c: In function 'writePwmReg':
../src/robot/pwmsw.c:672:36: warning: value computed is not used [-Wunused-value]
  pwmCurrValue[getIndexForReg(reg)] == currentValue;
                                    ^
Finished building: ../src/robot/pwmsw.c
 
Building target: IndoorLoc.elf
Invoking: ARM gcc linker
arm-xilinx-eabi-gcc -L../../IndoorLoc_bsp/ps7_cortexa9_0/lib -L"/home/rupprich/Masterarbeit/indoor-loc/indoor-loc/indoor-loc.sdk/IndoorLoc/src/imu/mpu9150/mpl" -Wl,-T -Wl,../src/lscript.ld -L../../IndoorLoc_gpio_timer_minimal_bsp_1/ps7_cortexa9_0/lib -o "IndoorLoc.elf"  ./src/zedboard/crc16.o ./src/zedboard/gpio_utils.o ./src/zedboard/iic_utils.o ./src/zedboard/print_utils.o ./src/zedboard/time_utils.o ./src/zedboard/timer_int.o ./src/zedboard/xmodem.o  ./src/robot/pwmsw.o ./src/robot/robotCtrl.o  ./src/imu/mpu9150/mpl/data_builder.o ./src/imu/mpu9150/mpl/eMPL_outputs.o ./src/imu/mpu9150/mpl/hal_outputs.o ./src/imu/mpu9150/mpl/message_layer.o ./src/imu/mpu9150/mpl/ml_math_func.o ./src/imu/mpu9150/mpl/mlmath.o ./src/imu/mpu9150/mpl/mpl.o ./src/imu/mpu9150/mpl/results_holder.o ./src/imu/mpu9150/mpl/start_manager.o ./src/imu/mpu9150/mpl/storage_manager.o  ./src/imu/mpu9150/inv_mpu.o ./src/imu/mpu9150/inv_mpu_dmp_motion_driver.o  ./src/imu/mpu.o ./src/imu/mpu_int.o ./src/imu/mpu_utils.o  ./src/math_utils.o ./src/platform.o ./src/run.o   -lmpllib -lm -llibmplmpu -Wl,--start-group,-lxil,-lgcc,-lc,--end-group
Finished building target: IndoorLoc.elf
 
Invoking: ARM Print Size
arm-xilinx-eabi-size IndoorLoc.elf  |tee "IndoorLoc.elf.size"
   text	   data	    bss	    dec	    hex	filename
 220176	   3296	1026840	1250312	 131408	IndoorLoc.elf
Finished building: IndoorLoc.elf.size
 
10:14:28 **** Auto Build of configuration Debug for project IndoorLoc ****
make all 
Building file: ../src/robot/pwmsw.c
Invoking: ARM gcc compiler
arm-xilinx-eabi-gcc -DMOTION_DRIVER_TARGET_ZEDBOARD -DMPU9150 -U__ACCUM_EPSILON__ -Wall -O0 -g3 -c -fmessage-length=0 -MT"src/robot/pwmsw.o" -I../../IndoorLoc_gpio_timer_minimal_bsp_1/ps7_cortexa9_0/include -MMD -MP -MF"src/robot/pwmsw.d" -MT"src/robot/pwmsw.d" -o "src/robot/pwmsw.o" "../src/robot/pwmsw.c"
../src/robot/pwmsw.c: In function 'writePwmReg':
../src/robot/pwmsw.c:672:36: warning: value computed is not used [-Wunused-value]
  pwmCurrValue[getIndexForReg(reg)] == currentValue;
                                    ^
Finished building: ../src/robot/pwmsw.c
 
Building target: IndoorLoc.elf
Invoking: ARM gcc linker
arm-xilinx-eabi-gcc -L../../IndoorLoc_bsp/ps7_cortexa9_0/lib -L"/home/rupprich/Masterarbeit/indoor-loc/indoor-loc/indoor-loc.sdk/IndoorLoc/src/imu/mpu9150/mpl" -Wl,-T -Wl,../src/lscript.ld -L../../IndoorLoc_gpio_timer_minimal_bsp_1/ps7_cortexa9_0/lib -o "IndoorLoc.elf"  ./src/zedboard/crc16.o ./src/zedboard/gpio_utils.o ./src/zedboard/iic_utils.o ./src/zedboard/print_utils.o ./src/zedboard/time_utils.o ./src/zedboard/timer_int.o ./src/zedboard/xmodem.o  ./src/robot/pwmsw.o ./src/robot/robotCtrl.o  ./src/imu/mpu9150/mpl/data_builder.o ./src/imu/mpu9150/mpl/eMPL_outputs.o ./src/imu/mpu9150/mpl/hal_outputs.o ./src/imu/mpu9150/mpl/message_layer.o ./src/imu/mpu9150/mpl/ml_math_func.o ./src/imu/mpu9150/mpl/mlmath.o ./src/imu/mpu9150/mpl/mpl.o ./src/imu/mpu9150/mpl/results_holder.o ./src/imu/mpu9150/mpl/start_manager.o ./src/imu/mpu9150/mpl/storage_manager.o  ./src/imu/mpu9150/inv_mpu.o ./src/imu/mpu9150/inv_mpu_dmp_motion_driver.o  ./src/imu/mpu.o ./src/imu/mpu_int.o ./src/imu/mpu_utils.o  ./src/math_utils.o ./src/platform.o ./src/run.o   -lmpllib -lm -llibmplmpu -Wl,--start-group,-lxil,-lgcc,-lc,--end-group
Finished building target: IndoorLoc.elf
 
Invoking: ARM Print Size
arm-xilinx-eabi-size IndoorLoc.elf  |tee "IndoorLoc.elf.size"
   text	   data	    bss	    dec	    hex	filename
 220176	   3296	1026840	1250312	 131408	IndoorLoc.elf
Finished building: IndoorLoc.elf.size
 
10:14:54 **** Auto Build of configuration Debug for project IndoorLoc ****
make all 
Building file: ../src/robot/pwmsw.c
Invoking: ARM gcc compiler
arm-xilinx-eabi-gcc -DMOTION_DRIVER_TARGET_ZEDBOARD -DMPU9150 -U__ACCUM_EPSILON__ -Wall -O0 -g3 -c -fmessage-length=0 -MT"src/robot/pwmsw.o" -I../../IndoorLoc_gpio_timer_minimal_bsp_1/ps7_cortexa9_0/include -MMD -MP -MF"src/robot/pwmsw.d" -MT"src/robot/pwmsw.d" -o "src/robot/pwmsw.o" "../src/robot/pwmsw.c"
../src/robot/pwmsw.c: In function 'writePwmReg':
../src/robot/pwmsw.c:673:36: warning: value computed is not used [-Wunused-value]
  pwmCurrValue[getIndexForReg(reg)] == currentValue;
                                    ^
Finished building: ../src/robot/pwmsw.c
 
Building target: IndoorLoc.elf
Invoking: ARM gcc linker
arm-xilinx-eabi-gcc -L../../IndoorLoc_bsp/ps7_cortexa9_0/lib -L"/home/rupprich/Masterarbeit/indoor-loc/indoor-loc/indoor-loc.sdk/IndoorLoc/src/imu/mpu9150/mpl" -Wl,-T -Wl,../src/lscript.ld -L../../IndoorLoc_gpio_timer_minimal_bsp_1/ps7_cortexa9_0/lib -o "IndoorLoc.elf"  ./src/zedboard/crc16.o ./src/zedboard/gpio_utils.o ./src/zedboard/iic_utils.o ./src/zedboard/print_utils.o ./src/zedboard/time_utils.o ./src/zedboard/timer_int.o ./src/zedboard/xmodem.o  ./src/robot/pwmsw.o ./src/robot/robotCtrl.o  ./src/imu/mpu9150/mpl/data_builder.o ./src/imu/mpu9150/mpl/eMPL_outputs.o ./src/imu/mpu9150/mpl/hal_outputs.o ./src/imu/mpu9150/mpl/message_layer.o ./src/imu/mpu9150/mpl/ml_math_func.o ./src/imu/mpu9150/mpl/mlmath.o ./src/imu/mpu9150/mpl/mpl.o ./src/imu/mpu9150/mpl/results_holder.o ./src/imu/mpu9150/mpl/start_manager.o ./src/imu/mpu9150/mpl/storage_manager.o  ./src/imu/mpu9150/inv_mpu.o ./src/imu/mpu9150/inv_mpu_dmp_motion_driver.o  ./src/imu/mpu.o ./src/imu/mpu_int.o ./src/imu/mpu_utils.o  ./src/math_utils.o ./src/platform.o ./src/run.o   -lmpllib -lm -llibmplmpu -Wl,--start-group,-lxil,-lgcc,-lc,--end-group
Finished building target: IndoorLoc.elf
 
Invoking: ARM Print Size
arm-xilinx-eabi-size IndoorLoc.elf  |tee "IndoorLoc.elf.size"
   text	   data	    bss	    dec	    hex	filename
 220176	   3296	1026840	1250312	 131408	IndoorLoc.elf
Finished building: IndoorLoc.elf.size
 
10:16:25 **** Auto Build of configuration Debug for project IndoorLoc ****
make all 
Building file: ../src/robot/pwmsw.c
Invoking: ARM gcc compiler
arm-xilinx-eabi-gcc -DMOTION_DRIVER_TARGET_ZEDBOARD -DMPU9150 -U__ACCUM_EPSILON__ -Wall -O0 -g3 -c -fmessage-length=0 -MT"src/robot/pwmsw.o" -I../../IndoorLoc_gpio_timer_minimal_bsp_1/ps7_cortexa9_0/include -MMD -MP -MF"src/robot/pwmsw.d" -MT"src/robot/pwmsw.d" -o "src/robot/pwmsw.o" "../src/robot/pwmsw.c"
../src/robot/pwmsw.c: In function 'setValue':
../src/robot/pwmsw.c:415:9: error: 'currValue' undeclared (first use in this function)
  return currValue;
         ^
../src/robot/pwmsw.c:415:9: note: each undeclared identifier is reported only once for each function it appears in
../src/robot/pwmsw.c:397:6: warning: variable 'currVal' set but not used [-Wunused-but-set-variable]
  u32 currVal = 0;
      ^
../src/robot/pwmsw.c: In function 'writePwmReg':
../src/robot/pwmsw.c:675:36: warning: value computed is not used [-Wunused-value]
  pwmCurrValue[getIndexForReg(reg)] == currentValue;
                                    ^
../src/robot/pwmsw.c: In function 'setValue':
../src/robot/pwmsw.c:416:1: warning: control reaches end of non-void function [-Wreturn-type]
 }
 ^
make: *** [src/robot/pwmsw.o] Error 1
10:16:37 **** Auto Build of configuration Debug for project IndoorLoc ****
make all 
Building file: ../src/robot/pwmsw.c
Invoking: ARM gcc compiler
arm-xilinx-eabi-gcc -DMOTION_DRIVER_TARGET_ZEDBOARD -DMPU9150 -U__ACCUM_EPSILON__ -Wall -O0 -g3 -c -fmessage-length=0 -MT"src/robot/pwmsw.o" -I../../IndoorLoc_gpio_timer_minimal_bsp_1/ps7_cortexa9_0/include -MMD -MP -MF"src/robot/pwmsw.d" -MT"src/robot/pwmsw.d" -o "src/robot/pwmsw.o" "../src/robot/pwmsw.c"
../src/robot/pwmsw.c: In function 'writePwmReg':
../src/robot/pwmsw.c:675:36: warning: value computed is not used [-Wunused-value]
  pwmCurrValue[getIndexForReg(reg)] == currentValue;
                                    ^
Finished building: ../src/robot/pwmsw.c
 
Building target: IndoorLoc.elf
Invoking: ARM gcc linker
arm-xilinx-eabi-gcc -L../../IndoorLoc_bsp/ps7_cortexa9_0/lib -L"/home/rupprich/Masterarbeit/indoor-loc/indoor-loc/indoor-loc.sdk/IndoorLoc/src/imu/mpu9150/mpl" -Wl,-T -Wl,../src/lscript.ld -L../../IndoorLoc_gpio_timer_minimal_bsp_1/ps7_cortexa9_0/lib -o "IndoorLoc.elf"  ./src/zedboard/crc16.o ./src/zedboard/gpio_utils.o ./src/zedboard/iic_utils.o ./src/zedboard/print_utils.o ./src/zedboard/time_utils.o ./src/zedboard/timer_int.o ./src/zedboard/xmodem.o  ./src/robot/pwmsw.o ./src/robot/robotCtrl.o  ./src/imu/mpu9150/mpl/data_builder.o ./src/imu/mpu9150/mpl/eMPL_outputs.o ./src/imu/mpu9150/mpl/hal_outputs.o ./src/imu/mpu9150/mpl/message_layer.o ./src/imu/mpu9150/mpl/ml_math_func.o ./src/imu/mpu9150/mpl/mlmath.o ./src/imu/mpu9150/mpl/mpl.o ./src/imu/mpu9150/mpl/results_holder.o ./src/imu/mpu9150/mpl/start_manager.o ./src/imu/mpu9150/mpl/storage_manager.o  ./src/imu/mpu9150/inv_mpu.o ./src/imu/mpu9150/inv_mpu_dmp_motion_driver.o  ./src/imu/mpu.o ./src/imu/mpu_int.o ./src/imu/mpu_utils.o  ./src/math_utils.o ./src/platform.o ./src/run.o   -lmpllib -lm -llibmplmpu -Wl,--start-group,-lxil,-lgcc,-lc,--end-group
Finished building target: IndoorLoc.elf
 
Invoking: ARM Print Size
arm-xilinx-eabi-size IndoorLoc.elf  |tee "IndoorLoc.elf.size"
   text	   data	    bss	    dec	    hex	filename
 220176	   3296	1026840	1250312	 131408	IndoorLoc.elf
Finished building: IndoorLoc.elf.size
 
10:16:53 **** Auto Build of configuration Debug for project IndoorLoc ****
make all 
Building file: ../src/robot/pwmsw.c
Invoking: ARM gcc compiler
arm-xilinx-eabi-gcc -DMOTION_DRIVER_TARGET_ZEDBOARD -DMPU9150 -U__ACCUM_EPSILON__ -Wall -O0 -g3 -c -fmessage-length=0 -MT"src/robot/pwmsw.o" -I../../IndoorLoc_gpio_timer_minimal_bsp_1/ps7_cortexa9_0/include -MMD -MP -MF"src/robot/pwmsw.d" -MT"src/robot/pwmsw.d" -o "src/robot/pwmsw.o" "../src/robot/pwmsw.c"
Finished building: ../src/robot/pwmsw.c
 
Building target: IndoorLoc.elf
Invoking: ARM gcc linker
arm-xilinx-eabi-gcc -L../../IndoorLoc_bsp/ps7_cortexa9_0/lib -L"/home/rupprich/Masterarbeit/indoor-loc/indoor-loc/indoor-loc.sdk/IndoorLoc/src/imu/mpu9150/mpl" -Wl,-T -Wl,../src/lscript.ld -L../../IndoorLoc_gpio_timer_minimal_bsp_1/ps7_cortexa9_0/lib -o "IndoorLoc.elf"  ./src/zedboard/crc16.o ./src/zedboard/gpio_utils.o ./src/zedboard/iic_utils.o ./src/zedboard/print_utils.o ./src/zedboard/time_utils.o ./src/zedboard/timer_int.o ./src/zedboard/xmodem.o  ./src/robot/pwmsw.o ./src/robot/robotCtrl.o  ./src/imu/mpu9150/mpl/data_builder.o ./src/imu/mpu9150/mpl/eMPL_outputs.o ./src/imu/mpu9150/mpl/hal_outputs.o ./src/imu/mpu9150/mpl/message_layer.o ./src/imu/mpu9150/mpl/ml_math_func.o ./src/imu/mpu9150/mpl/mlmath.o ./src/imu/mpu9150/mpl/mpl.o ./src/imu/mpu9150/mpl/results_holder.o ./src/imu/mpu9150/mpl/start_manager.o ./src/imu/mpu9150/mpl/storage_manager.o  ./src/imu/mpu9150/inv_mpu.o ./src/imu/mpu9150/inv_mpu_dmp_motion_driver.o  ./src/imu/mpu.o ./src/imu/mpu_int.o ./src/imu/mpu_utils.o  ./src/math_utils.o ./src/platform.o ./src/run.o   -lmpllib -lm -llibmplmpu -Wl,--start-group,-lxil,-lgcc,-lc,--end-group
Finished building target: IndoorLoc.elf
 
Invoking: ARM Print Size
arm-xilinx-eabi-size IndoorLoc.elf  |tee "IndoorLoc.elf.size"
   text	   data	    bss	    dec	    hex	filename
 220176	   3296	1026840	1250312	 131408	IndoorLoc.elf
Finished building: IndoorLoc.elf.size
 
10:17:18 **** Auto Build of configuration Debug for project IndoorLoc ****
make all 
Building file: ../src/robot/pwmsw.c
Invoking: ARM gcc compiler
arm-xilinx-eabi-gcc -DMOTION_DRIVER_TARGET_ZEDBOARD -DMPU9150 -U__ACCUM_EPSILON__ -Wall -O0 -g3 -c -fmessage-length=0 -MT"src/robot/pwmsw.o" -I../../IndoorLoc_gpio_timer_minimal_bsp_1/ps7_cortexa9_0/include -MMD -MP -MF"src/robot/pwmsw.d" -MT"src/robot/pwmsw.d" -o "src/robot/pwmsw.o" "../src/robot/pwmsw.c"
Finished building: ../src/robot/pwmsw.c
 
Building target: IndoorLoc.elf
Invoking: ARM gcc linker
arm-xilinx-eabi-gcc -L../../IndoorLoc_bsp/ps7_cortexa9_0/lib -L"/home/rupprich/Masterarbeit/indoor-loc/indoor-loc/indoor-loc.sdk/IndoorLoc/src/imu/mpu9150/mpl" -Wl,-T -Wl,../src/lscript.ld -L../../IndoorLoc_gpio_timer_minimal_bsp_1/ps7_cortexa9_0/lib -o "IndoorLoc.elf"  ./src/zedboard/crc16.o ./src/zedboard/gpio_utils.o ./src/zedboard/iic_utils.o ./src/zedboard/print_utils.o ./src/zedboard/time_utils.o ./src/zedboard/timer_int.o ./src/zedboard/xmodem.o  ./src/robot/pwmsw.o ./src/robot/robotCtrl.o  ./src/imu/mpu9150/mpl/data_builder.o ./src/imu/mpu9150/mpl/eMPL_outputs.o ./src/imu/mpu9150/mpl/hal_outputs.o ./src/imu/mpu9150/mpl/message_layer.o ./src/imu/mpu9150/mpl/ml_math_func.o ./src/imu/mpu9150/mpl/mlmath.o ./src/imu/mpu9150/mpl/mpl.o ./src/imu/mpu9150/mpl/results_holder.o ./src/imu/mpu9150/mpl/start_manager.o ./src/imu/mpu9150/mpl/storage_manager.o  ./src/imu/mpu9150/inv_mpu.o ./src/imu/mpu9150/inv_mpu_dmp_motion_driver.o  ./src/imu/mpu.o ./src/imu/mpu_int.o ./src/imu/mpu_utils.o  ./src/math_utils.o ./src/platform.o ./src/run.o   -lmpllib -lm -llibmplmpu -Wl,--start-group,-lxil,-lgcc,-lc,--end-group
Finished building target: IndoorLoc.elf
 
Invoking: ARM Print Size
arm-xilinx-eabi-size IndoorLoc.elf  |tee "IndoorLoc.elf.size"
   text	   data	    bss	    dec	    hex	filename
 220176	   3296	1026840	1250312	 131408	IndoorLoc.elf
Finished building: IndoorLoc.elf.size
 
10:20:36 **** Auto Build of configuration Debug for project IndoorLoc ****
make all 
Building file: ../src/robot/pwmsw.c
Invoking: ARM gcc compiler
arm-xilinx-eabi-gcc -DMOTION_DRIVER_TARGET_ZEDBOARD -DMPU9150 -U__ACCUM_EPSILON__ -Wall -O0 -g3 -c -fmessage-length=0 -MT"src/robot/pwmsw.o" -I../../IndoorLoc_gpio_timer_minimal_bsp_1/ps7_cortexa9_0/include -MMD -MP -MF"src/robot/pwmsw.d" -MT"src/robot/pwmsw.d" -o "src/robot/pwmsw.o" "../src/robot/pwmsw.c"
Finished building: ../src/robot/pwmsw.c
 
Building target: IndoorLoc.elf
Invoking: ARM gcc linker
arm-xilinx-eabi-gcc -L../../IndoorLoc_bsp/ps7_cortexa9_0/lib -L"/home/rupprich/Masterarbeit/indoor-loc/indoor-loc/indoor-loc.sdk/IndoorLoc/src/imu/mpu9150/mpl" -Wl,-T -Wl,../src/lscript.ld -L../../IndoorLoc_gpio_timer_minimal_bsp_1/ps7_cortexa9_0/lib -o "IndoorLoc.elf"  ./src/zedboard/crc16.o ./src/zedboard/gpio_utils.o ./src/zedboard/iic_utils.o ./src/zedboard/print_utils.o ./src/zedboard/time_utils.o ./src/zedboard/timer_int.o ./src/zedboard/xmodem.o  ./src/robot/pwmsw.o ./src/robot/robotCtrl.o  ./src/imu/mpu9150/mpl/data_builder.o ./src/imu/mpu9150/mpl/eMPL_outputs.o ./src/imu/mpu9150/mpl/hal_outputs.o ./src/imu/mpu9150/mpl/message_layer.o ./src/imu/mpu9150/mpl/ml_math_func.o ./src/imu/mpu9150/mpl/mlmath.o ./src/imu/mpu9150/mpl/mpl.o ./src/imu/mpu9150/mpl/results_holder.o ./src/imu/mpu9150/mpl/start_manager.o ./src/imu/mpu9150/mpl/storage_manager.o  ./src/imu/mpu9150/inv_mpu.o ./src/imu/mpu9150/inv_mpu_dmp_motion_driver.o  ./src/imu/mpu.o ./src/imu/mpu_int.o ./src/imu/mpu_utils.o  ./src/math_utils.o ./src/platform.o ./src/run.o   -lmpllib -lm -llibmplmpu -Wl,--start-group,-lxil,-lgcc,-lc,--end-group
Finished building target: IndoorLoc.elf
 
Invoking: ARM Print Size
arm-xilinx-eabi-size IndoorLoc.elf  |tee "IndoorLoc.elf.size"
   text	   data	    bss	    dec	    hex	filename
 220240	   3296	1026840	1250376	 131448	IndoorLoc.elf
Finished building: IndoorLoc.elf.size
 
10:22:59 **** Auto Build of configuration Debug for project IndoorLoc ****
make all 
Building file: ../src/robot/pwmsw.c
Invoking: ARM gcc compiler
arm-xilinx-eabi-gcc -DMOTION_DRIVER_TARGET_ZEDBOARD -DMPU9150 -U__ACCUM_EPSILON__ -Wall -O0 -g3 -c -fmessage-length=0 -MT"src/robot/pwmsw.o" -I../../IndoorLoc_gpio_timer_minimal_bsp_1/ps7_cortexa9_0/include -MMD -MP -MF"src/robot/pwmsw.d" -MT"src/robot/pwmsw.d" -o "src/robot/pwmsw.o" "../src/robot/pwmsw.c"
Finished building: ../src/robot/pwmsw.c
 
Building target: IndoorLoc.elf
Invoking: ARM gcc linker
arm-xilinx-eabi-gcc -L../../IndoorLoc_bsp/ps7_cortexa9_0/lib -L"/home/rupprich/Masterarbeit/indoor-loc/indoor-loc/indoor-loc.sdk/IndoorLoc/src/imu/mpu9150/mpl" -Wl,-T -Wl,../src/lscript.ld -L../../IndoorLoc_gpio_timer_minimal_bsp_1/ps7_cortexa9_0/lib -o "IndoorLoc.elf"  ./src/zedboard/crc16.o ./src/zedboard/gpio_utils.o ./src/zedboard/iic_utils.o ./src/zedboard/print_utils.o ./src/zedboard/time_utils.o ./src/zedboard/timer_int.o ./src/zedboard/xmodem.o  ./src/robot/pwmsw.o ./src/robot/robotCtrl.o  ./src/imu/mpu9150/mpl/data_builder.o ./src/imu/mpu9150/mpl/eMPL_outputs.o ./src/imu/mpu9150/mpl/hal_outputs.o ./src/imu/mpu9150/mpl/message_layer.o ./src/imu/mpu9150/mpl/ml_math_func.o ./src/imu/mpu9150/mpl/mlmath.o ./src/imu/mpu9150/mpl/mpl.o ./src/imu/mpu9150/mpl/results_holder.o ./src/imu/mpu9150/mpl/start_manager.o ./src/imu/mpu9150/mpl/storage_manager.o  ./src/imu/mpu9150/inv_mpu.o ./src/imu/mpu9150/inv_mpu_dmp_motion_driver.o  ./src/imu/mpu.o ./src/imu/mpu_int.o ./src/imu/mpu_utils.o  ./src/math_utils.o ./src/platform.o ./src/run.o   -lmpllib -lm -llibmplmpu -Wl,--start-group,-lxil,-lgcc,-lc,--end-group
Finished building target: IndoorLoc.elf
 
Invoking: ARM Print Size
arm-xilinx-eabi-size IndoorLoc.elf  |tee "IndoorLoc.elf.size"
   text	   data	    bss	    dec	    hex	filename
 220240	   3296	1026840	1250376	 131448	IndoorLoc.elf
Finished building: IndoorLoc.elf.size
 
10:25:01 **** Auto Build of configuration Debug for project IndoorLoc ****
make all 
Building file: ../src/robot/pwmsw.c
Invoking: ARM gcc compiler
arm-xilinx-eabi-gcc -DMOTION_DRIVER_TARGET_ZEDBOARD -DMPU9150 -U__ACCUM_EPSILON__ -Wall -O0 -g3 -c -fmessage-length=0 -MT"src/robot/pwmsw.o" -I../../IndoorLoc_gpio_timer_minimal_bsp_1/ps7_cortexa9_0/include -MMD -MP -MF"src/robot/pwmsw.d" -MT"src/robot/pwmsw.d" -o "src/robot/pwmsw.o" "../src/robot/pwmsw.c"
../src/robot/pwmsw.c:27:12: warning: 'pwmCurrValue' defined but not used [-Wunused-variable]
 static u32 pwmCurrValue[NUMBER_OF_JOINTS] = { PWM_VAL_INIT, PWM_VAL_INIT, PWM_VAL_INIT, PWM_VAL_INIT, PWM_VAL_INIT, PWM_VAL_INIT };
            ^
Finished building: ../src/robot/pwmsw.c
 
Building target: IndoorLoc.elf
Invoking: ARM gcc linker
arm-xilinx-eabi-gcc -L../../IndoorLoc_bsp/ps7_cortexa9_0/lib -L"/home/rupprich/Masterarbeit/indoor-loc/indoor-loc/indoor-loc.sdk/IndoorLoc/src/imu/mpu9150/mpl" -Wl,-T -Wl,../src/lscript.ld -L../../IndoorLoc_gpio_timer_minimal_bsp_1/ps7_cortexa9_0/lib -o "IndoorLoc.elf"  ./src/zedboard/crc16.o ./src/zedboard/gpio_utils.o ./src/zedboard/iic_utils.o ./src/zedboard/print_utils.o ./src/zedboard/time_utils.o ./src/zedboard/timer_int.o ./src/zedboard/xmodem.o  ./src/robot/pwmsw.o ./src/robot/robotCtrl.o  ./src/imu/mpu9150/mpl/data_builder.o ./src/imu/mpu9150/mpl/eMPL_outputs.o ./src/imu/mpu9150/mpl/hal_outputs.o ./src/imu/mpu9150/mpl/message_layer.o ./src/imu/mpu9150/mpl/ml_math_func.o ./src/imu/mpu9150/mpl/mlmath.o ./src/imu/mpu9150/mpl/mpl.o ./src/imu/mpu9150/mpl/results_holder.o ./src/imu/mpu9150/mpl/start_manager.o ./src/imu/mpu9150/mpl/storage_manager.o  ./src/imu/mpu9150/inv_mpu.o ./src/imu/mpu9150/inv_mpu_dmp_motion_driver.o  ./src/imu/mpu.o ./src/imu/mpu_int.o ./src/imu/mpu_utils.o  ./src/math_utils.o ./src/platform.o ./src/run.o   -lmpllib -lm -llibmplmpu -Wl,--start-group,-lxil,-lgcc,-lc,--end-group
Finished building target: IndoorLoc.elf
 
Invoking: ARM Print Size
arm-xilinx-eabi-size IndoorLoc.elf  |tee "IndoorLoc.elf.size"
   text	   data	    bss	    dec	    hex	filename
 220176	   3296	1026840	1250312	 131408	IndoorLoc.elf
Finished building: IndoorLoc.elf.size
 
10:27:24 **** Auto Build of configuration Debug for project IndoorLoc ****
make all 
Building file: ../src/robot/pwmsw.c
Invoking: ARM gcc compiler
arm-xilinx-eabi-gcc -DMOTION_DRIVER_TARGET_ZEDBOARD -DMPU9150 -U__ACCUM_EPSILON__ -Wall -O0 -g3 -c -fmessage-length=0 -MT"src/robot/pwmsw.o" -I../../IndoorLoc_gpio_timer_minimal_bsp_1/ps7_cortexa9_0/include -MMD -MP -MF"src/robot/pwmsw.d" -MT"src/robot/pwmsw.d" -o "src/robot/pwmsw.o" "../src/robot/pwmsw.c"
../src/robot/pwmsw.c:27:12: warning: 'pwmCurrValue' defined but not used [-Wunused-variable]
 static u32 pwmCurrValue[NUMBER_OF_JOINTS] = { PWM_VAL_INIT, PWM_VAL_INIT, PWM_VAL_INIT, PWM_VAL_INIT, PWM_VAL_INIT, PWM_VAL_INIT };
            ^
Finished building: ../src/robot/pwmsw.c
 
Building file: ../src/robot/robotCtrl.c
Invoking: ARM gcc compiler
arm-xilinx-eabi-gcc -DMOTION_DRIVER_TARGET_ZEDBOARD -DMPU9150 -U__ACCUM_EPSILON__ -Wall -O0 -g3 -c -fmessage-length=0 -MT"src/robot/robotCtrl.o" -I../../IndoorLoc_gpio_timer_minimal_bsp_1/ps7_cortexa9_0/include -MMD -MP -MF"src/robot/robotCtrl.d" -MT"src/robot/robotCtrl.d" -o "src/robot/robotCtrl.o" "../src/robot/robotCtrl.c"
../src/robot/robotCtrl.c: In function 'collectRobotMvmtData':
../src/robot/robotCtrl.c:25:29: warning: variable 'dir' set but not used [-Wunused-but-set-variable]
  float angle[2], currAngle, dir;
                             ^
../src/robot/robotCtrl.c:25:18: warning: variable 'currAngle' set but not used [-Wunused-but-set-variable]
  float angle[2], currAngle, dir;
                  ^
Finished building: ../src/robot/robotCtrl.c
 
Building file: ../src/run.c
Invoking: ARM gcc compiler
arm-xilinx-eabi-gcc -DMOTION_DRIVER_TARGET_ZEDBOARD -DMPU9150 -U__ACCUM_EPSILON__ -Wall -O0 -g3 -c -fmessage-length=0 -MT"src/run.o" -I../../IndoorLoc_gpio_timer_minimal_bsp_1/ps7_cortexa9_0/include -MMD -MP -MF"src/run.d" -MT"src/run.d" -o "src/run.o" "../src/run.c"
Finished building: ../src/run.c
 
Building target: IndoorLoc.elf
Invoking: ARM gcc linker
arm-xilinx-eabi-gcc -L../../IndoorLoc_bsp/ps7_cortexa9_0/lib -L"/home/rupprich/Masterarbeit/indoor-loc/indoor-loc/indoor-loc.sdk/IndoorLoc/src/imu/mpu9150/mpl" -Wl,-T -Wl,../src/lscript.ld -L../../IndoorLoc_gpio_timer_minimal_bsp_1/ps7_cortexa9_0/lib -o "IndoorLoc.elf"  ./src/zedboard/crc16.o ./src/zedboard/gpio_utils.o ./src/zedboard/iic_utils.o ./src/zedboard/print_utils.o ./src/zedboard/time_utils.o ./src/zedboard/timer_int.o ./src/zedboard/xmodem.o  ./src/robot/pwmsw.o ./src/robot/robotCtrl.o  ./src/imu/mpu9150/mpl/data_builder.o ./src/imu/mpu9150/mpl/eMPL_outputs.o ./src/imu/mpu9150/mpl/hal_outputs.o ./src/imu/mpu9150/mpl/message_layer.o ./src/imu/mpu9150/mpl/ml_math_func.o ./src/imu/mpu9150/mpl/mlmath.o ./src/imu/mpu9150/mpl/mpl.o ./src/imu/mpu9150/mpl/results_holder.o ./src/imu/mpu9150/mpl/start_manager.o ./src/imu/mpu9150/mpl/storage_manager.o  ./src/imu/mpu9150/inv_mpu.o ./src/imu/mpu9150/inv_mpu_dmp_motion_driver.o  ./src/imu/mpu.o ./src/imu/mpu_int.o ./src/imu/mpu_utils.o  ./src/math_utils.o ./src/platform.o ./src/run.o   -lmpllib -lm -llibmplmpu -Wl,--start-group,-lxil,-lgcc,-lc,--end-group
Finished building target: IndoorLoc.elf
 
Invoking: ARM Print Size
arm-xilinx-eabi-size IndoorLoc.elf  |tee "IndoorLoc.elf.size"
   text	   data	    bss	    dec	    hex	filename
 220176	   3296	1026840	1250312	 131408	IndoorLoc.elf
Finished building: IndoorLoc.elf.size
 
10:32:09 **** Auto Build of configuration Debug for project IndoorLoc ****
make all 
Building file: ../src/robot/pwmsw.c
Invoking: ARM gcc compiler
arm-xilinx-eabi-gcc -DMOTION_DRIVER_TARGET_ZEDBOARD -DMPU9150 -U__ACCUM_EPSILON__ -Wall -O0 -g3 -c -fmessage-length=0 -MT"src/robot/pwmsw.o" -I../../IndoorLoc_gpio_timer_minimal_bsp_1/ps7_cortexa9_0/include -MMD -MP -MF"src/robot/pwmsw.d" -MT"src/robot/pwmsw.d" -o "src/robot/pwmsw.o" "../src/robot/pwmsw.c"
../src/robot/pwmsw.c:27:12: warning: 'pwmCurrValue' defined but not used [-Wunused-variable]
 static u32 pwmCurrValue[NUMBER_OF_JOINTS] = { PWM_VAL_INIT, PWM_VAL_INIT, PWM_VAL_INIT, PWM_VAL_INIT, PWM_VAL_INIT, PWM_VAL_INIT };
            ^
Finished building: ../src/robot/pwmsw.c
 
Building target: IndoorLoc.elf
Invoking: ARM gcc linker
arm-xilinx-eabi-gcc -L../../IndoorLoc_bsp/ps7_cortexa9_0/lib -L"/home/rupprich/Masterarbeit/indoor-loc/indoor-loc/indoor-loc.sdk/IndoorLoc/src/imu/mpu9150/mpl" -Wl,-T -Wl,../src/lscript.ld -L../../IndoorLoc_gpio_timer_minimal_bsp_1/ps7_cortexa9_0/lib -o "IndoorLoc.elf"  ./src/zedboard/crc16.o ./src/zedboard/gpio_utils.o ./src/zedboard/iic_utils.o ./src/zedboard/print_utils.o ./src/zedboard/time_utils.o ./src/zedboard/timer_int.o ./src/zedboard/xmodem.o  ./src/robot/pwmsw.o ./src/robot/robotCtrl.o  ./src/imu/mpu9150/mpl/data_builder.o ./src/imu/mpu9150/mpl/eMPL_outputs.o ./src/imu/mpu9150/mpl/hal_outputs.o ./src/imu/mpu9150/mpl/message_layer.o ./src/imu/mpu9150/mpl/ml_math_func.o ./src/imu/mpu9150/mpl/mlmath.o ./src/imu/mpu9150/mpl/mpl.o ./src/imu/mpu9150/mpl/results_holder.o ./src/imu/mpu9150/mpl/start_manager.o ./src/imu/mpu9150/mpl/storage_manager.o  ./src/imu/mpu9150/inv_mpu.o ./src/imu/mpu9150/inv_mpu_dmp_motion_driver.o  ./src/imu/mpu.o ./src/imu/mpu_int.o ./src/imu/mpu_utils.o  ./src/math_utils.o ./src/platform.o ./src/run.o   -lmpllib -lm -llibmplmpu -Wl,--start-group,-lxil,-lgcc,-lc,--end-group
Finished building target: IndoorLoc.elf
 
Invoking: ARM Print Size
arm-xilinx-eabi-size IndoorLoc.elf  |tee "IndoorLoc.elf.size"
   text	   data	    bss	    dec	    hex	filename
 220304	   3296	1026840	1250440	 131488	IndoorLoc.elf
Finished building: IndoorLoc.elf.size
 
10:32:35 **** Auto Build of configuration Debug for project IndoorLoc ****
make all 
Building file: ../src/robot/pwmsw.c
Invoking: ARM gcc compiler
arm-xilinx-eabi-gcc -DMOTION_DRIVER_TARGET_ZEDBOARD -DMPU9150 -U__ACCUM_EPSILON__ -Wall -O0 -g3 -c -fmessage-length=0 -MT"src/robot/pwmsw.o" -I../../IndoorLoc_gpio_timer_minimal_bsp_1/ps7_cortexa9_0/include -MMD -MP -MF"src/robot/pwmsw.d" -MT"src/robot/pwmsw.d" -o "src/robot/pwmsw.o" "../src/robot/pwmsw.c"
../src/robot/pwmsw.c:27:12: warning: 'pwmCurrValue' defined but not used [-Wunused-variable]
 static u32 pwmCurrValue[NUMBER_OF_JOINTS] = { PWM_VAL_INIT, PWM_VAL_INIT, PWM_VAL_INIT, PWM_VAL_INIT, PWM_VAL_INIT, PWM_VAL_INIT };
            ^
Finished building: ../src/robot/pwmsw.c
 
Building target: IndoorLoc.elf
Invoking: ARM gcc linker
arm-xilinx-eabi-gcc -L../../IndoorLoc_bsp/ps7_cortexa9_0/lib -L"/home/rupprich/Masterarbeit/indoor-loc/indoor-loc/indoor-loc.sdk/IndoorLoc/src/imu/mpu9150/mpl" -Wl,-T -Wl,../src/lscript.ld -L../../IndoorLoc_gpio_timer_minimal_bsp_1/ps7_cortexa9_0/lib -o "IndoorLoc.elf"  ./src/zedboard/crc16.o ./src/zedboard/gpio_utils.o ./src/zedboard/iic_utils.o ./src/zedboard/print_utils.o ./src/zedboard/time_utils.o ./src/zedboard/timer_int.o ./src/zedboard/xmodem.o  ./src/robot/pwmsw.o ./src/robot/robotCtrl.o  ./src/imu/mpu9150/mpl/data_builder.o ./src/imu/mpu9150/mpl/eMPL_outputs.o ./src/imu/mpu9150/mpl/hal_outputs.o ./src/imu/mpu9150/mpl/message_layer.o ./src/imu/mpu9150/mpl/ml_math_func.o ./src/imu/mpu9150/mpl/mlmath.o ./src/imu/mpu9150/mpl/mpl.o ./src/imu/mpu9150/mpl/results_holder.o ./src/imu/mpu9150/mpl/start_manager.o ./src/imu/mpu9150/mpl/storage_manager.o  ./src/imu/mpu9150/inv_mpu.o ./src/imu/mpu9150/inv_mpu_dmp_motion_driver.o  ./src/imu/mpu.o ./src/imu/mpu_int.o ./src/imu/mpu_utils.o  ./src/math_utils.o ./src/platform.o ./src/run.o   -lmpllib -lm -llibmplmpu -Wl,--start-group,-lxil,-lgcc,-lc,--end-group
Finished building target: IndoorLoc.elf
 
Invoking: ARM Print Size
arm-xilinx-eabi-size IndoorLoc.elf  |tee "IndoorLoc.elf.size"
   text	   data	    bss	    dec	    hex	filename
 220304	   3296	1026840	1250440	 131488	IndoorLoc.elf
Finished building: IndoorLoc.elf.size
 
10:32:42 **** Auto Build of configuration Debug for project IndoorLoc ****
make all 
Building file: ../src/robot/pwmsw.c
Invoking: ARM gcc compiler
arm-xilinx-eabi-gcc -DMOTION_DRIVER_TARGET_ZEDBOARD -DMPU9150 -U__ACCUM_EPSILON__ -Wall -O0 -g3 -c -fmessage-length=0 -MT"src/robot/pwmsw.o" -I../../IndoorLoc_gpio_timer_minimal_bsp_1/ps7_cortexa9_0/include -MMD -MP -MF"src/robot/pwmsw.d" -MT"src/robot/pwmsw.d" -o "src/robot/pwmsw.o" "../src/robot/pwmsw.c"
../src/robot/pwmsw.c:27:12: warning: 'pwmCurrValue' defined but not used [-Wunused-variable]
 static u32 pwmCurrValue[NUMBER_OF_JOINTS] = { PWM_VAL_INIT, PWM_VAL_INIT, PWM_VAL_INIT, PWM_VAL_INIT, PWM_VAL_INIT, PWM_VAL_INIT };
            ^
Finished building: ../src/robot/pwmsw.c
 
Building file: ../src/robot/robotCtrl.c
Invoking: ARM gcc compiler
arm-xilinx-eabi-gcc -DMOTION_DRIVER_TARGET_ZEDBOARD -DMPU9150 -U__ACCUM_EPSILON__ -Wall -O0 -g3 -c -fmessage-length=0 -MT"src/robot/robotCtrl.o" -I../../IndoorLoc_gpio_timer_minimal_bsp_1/ps7_cortexa9_0/include -MMD -MP -MF"src/robot/robotCtrl.d" -MT"src/robot/robotCtrl.d" -o "src/robot/robotCtrl.o" "../src/robot/robotCtrl.c"
../src/robot/robotCtrl.c: In function 'collectRobotMvmtData':
../src/robot/robotCtrl.c:25:29: warning: variable 'dir' set but not used [-Wunused-but-set-variable]
  float angle[2], currAngle, dir;
                             ^
../src/robot/robotCtrl.c:25:18: warning: variable 'currAngle' set but not used [-Wunused-but-set-variable]
  float angle[2], currAngle, dir;
                  ^
Finished building: ../src/robot/robotCtrl.c
 
Building file: ../src/run.c
Invoking: ARM gcc compiler
arm-xilinx-eabi-gcc -DMOTION_DRIVER_TARGET_ZEDBOARD -DMPU9150 -U__ACCUM_EPSILON__ -Wall -O0 -g3 -c -fmessage-length=0 -MT"src/run.o" -I../../IndoorLoc_gpio_timer_minimal_bsp_1/ps7_cortexa9_0/include -MMD -MP -MF"src/run.d" -MT"src/run.d" -o "src/run.o" "../src/run.c"
Finished building: ../src/run.c
 
Building target: IndoorLoc.elf
Invoking: ARM gcc linker
arm-xilinx-eabi-gcc -L../../IndoorLoc_bsp/ps7_cortexa9_0/lib -L"/home/rupprich/Masterarbeit/indoor-loc/indoor-loc/indoor-loc.sdk/IndoorLoc/src/imu/mpu9150/mpl" -Wl,-T -Wl,../src/lscript.ld -L../../IndoorLoc_gpio_timer_minimal_bsp_1/ps7_cortexa9_0/lib -o "IndoorLoc.elf"  ./src/zedboard/crc16.o ./src/zedboard/gpio_utils.o ./src/zedboard/iic_utils.o ./src/zedboard/print_utils.o ./src/zedboard/time_utils.o ./src/zedboard/timer_int.o ./src/zedboard/xmodem.o  ./src/robot/pwmsw.o ./src/robot/robotCtrl.o  ./src/imu/mpu9150/mpl/data_builder.o ./src/imu/mpu9150/mpl/eMPL_outputs.o ./src/imu/mpu9150/mpl/hal_outputs.o ./src/imu/mpu9150/mpl/message_layer.o ./src/imu/mpu9150/mpl/ml_math_func.o ./src/imu/mpu9150/mpl/mlmath.o ./src/imu/mpu9150/mpl/mpl.o ./src/imu/mpu9150/mpl/results_holder.o ./src/imu/mpu9150/mpl/start_manager.o ./src/imu/mpu9150/mpl/storage_manager.o  ./src/imu/mpu9150/inv_mpu.o ./src/imu/mpu9150/inv_mpu_dmp_motion_driver.o  ./src/imu/mpu.o ./src/imu/mpu_int.o ./src/imu/mpu_utils.o  ./src/math_utils.o ./src/platform.o ./src/run.o   -lmpllib -lm -llibmplmpu -Wl,--start-group,-lxil,-lgcc,-lc,--end-group
Finished building target: IndoorLoc.elf
 
Invoking: ARM Print Size
arm-xilinx-eabi-size IndoorLoc.elf  |tee "IndoorLoc.elf.size"
   text	   data	    bss	    dec	    hex	filename
 220304	   3296	1026840	1250440	 131488	IndoorLoc.elf
Finished building: IndoorLoc.elf.size
 
10:34:01 **** Auto Build of configuration Debug for project IndoorLoc ****
make all 
Building file: ../src/robot/pwmsw.c
Invoking: ARM gcc compiler
arm-xilinx-eabi-gcc -DMOTION_DRIVER_TARGET_ZEDBOARD -DMPU9150 -U__ACCUM_EPSILON__ -Wall -O0 -g3 -c -fmessage-length=0 -MT"src/robot/pwmsw.o" -I../../IndoorLoc_gpio_timer_minimal_bsp_1/ps7_cortexa9_0/include -MMD -MP -MF"src/robot/pwmsw.d" -MT"src/robot/pwmsw.d" -o "src/robot/pwmsw.o" "../src/robot/pwmsw.c"
Finished building: ../src/robot/pwmsw.c
 
Building target: IndoorLoc.elf
Invoking: ARM gcc linker
arm-xilinx-eabi-gcc -L../../IndoorLoc_bsp/ps7_cortexa9_0/lib -L"/home/rupprich/Masterarbeit/indoor-loc/indoor-loc/indoor-loc.sdk/IndoorLoc/src/imu/mpu9150/mpl" -Wl,-T -Wl,../src/lscript.ld -L../../IndoorLoc_gpio_timer_minimal_bsp_1/ps7_cortexa9_0/lib -o "IndoorLoc.elf"  ./src/zedboard/crc16.o ./src/zedboard/gpio_utils.o ./src/zedboard/iic_utils.o ./src/zedboard/print_utils.o ./src/zedboard/time_utils.o ./src/zedboard/timer_int.o ./src/zedboard/xmodem.o  ./src/robot/pwmsw.o ./src/robot/robotCtrl.o  ./src/imu/mpu9150/mpl/data_builder.o ./src/imu/mpu9150/mpl/eMPL_outputs.o ./src/imu/mpu9150/mpl/hal_outputs.o ./src/imu/mpu9150/mpl/message_layer.o ./src/imu/mpu9150/mpl/ml_math_func.o ./src/imu/mpu9150/mpl/mlmath.o ./src/imu/mpu9150/mpl/mpl.o ./src/imu/mpu9150/mpl/results_holder.o ./src/imu/mpu9150/mpl/start_manager.o ./src/imu/mpu9150/mpl/storage_manager.o  ./src/imu/mpu9150/inv_mpu.o ./src/imu/mpu9150/inv_mpu_dmp_motion_driver.o  ./src/imu/mpu.o ./src/imu/mpu_int.o ./src/imu/mpu_utils.o  ./src/math_utils.o ./src/platform.o ./src/run.o   -lmpllib -lm -llibmplmpu -Wl,--start-group,-lxil,-lgcc,-lc,--end-group
Finished building target: IndoorLoc.elf
 
Invoking: ARM Print Size
arm-xilinx-eabi-size IndoorLoc.elf  |tee "IndoorLoc.elf.size"
   text	   data	    bss	    dec	    hex	filename
 220304	   3272	1026840	1250416	 131470	IndoorLoc.elf
Finished building: IndoorLoc.elf.size
 
10:34:50 **** Auto Build of configuration Debug for project IndoorLoc ****
make all 
Building file: ../src/robot/pwmsw.c
Invoking: ARM gcc compiler
arm-xilinx-eabi-gcc -DMOTION_DRIVER_TARGET_ZEDBOARD -DMPU9150 -U__ACCUM_EPSILON__ -Wall -O0 -g3 -c -fmessage-length=0 -MT"src/robot/pwmsw.o" -I../../IndoorLoc_gpio_timer_minimal_bsp_1/ps7_cortexa9_0/include -MMD -MP -MF"src/robot/pwmsw.d" -MT"src/robot/pwmsw.d" -o "src/robot/pwmsw.o" "../src/robot/pwmsw.c"
Finished building: ../src/robot/pwmsw.c
 
Building target: IndoorLoc.elf
Invoking: ARM gcc linker
arm-xilinx-eabi-gcc -L../../IndoorLoc_bsp/ps7_cortexa9_0/lib -L"/home/rupprich/Masterarbeit/indoor-loc/indoor-loc/indoor-loc.sdk/IndoorLoc/src/imu/mpu9150/mpl" -Wl,-T -Wl,../src/lscript.ld -L../../IndoorLoc_gpio_timer_minimal_bsp_1/ps7_cortexa9_0/lib -o "IndoorLoc.elf"  ./src/zedboard/crc16.o ./src/zedboard/gpio_utils.o ./src/zedboard/iic_utils.o ./src/zedboard/print_utils.o ./src/zedboard/time_utils.o ./src/zedboard/timer_int.o ./src/zedboard/xmodem.o  ./src/robot/pwmsw.o ./src/robot/robotCtrl.o  ./src/imu/mpu9150/mpl/data_builder.o ./src/imu/mpu9150/mpl/eMPL_outputs.o ./src/imu/mpu9150/mpl/hal_outputs.o ./src/imu/mpu9150/mpl/message_layer.o ./src/imu/mpu9150/mpl/ml_math_func.o ./src/imu/mpu9150/mpl/mlmath.o ./src/imu/mpu9150/mpl/mpl.o ./src/imu/mpu9150/mpl/results_holder.o ./src/imu/mpu9150/mpl/start_manager.o ./src/imu/mpu9150/mpl/storage_manager.o  ./src/imu/mpu9150/inv_mpu.o ./src/imu/mpu9150/inv_mpu_dmp_motion_driver.o  ./src/imu/mpu.o ./src/imu/mpu_int.o ./src/imu/mpu_utils.o  ./src/math_utils.o ./src/platform.o ./src/run.o   -lmpllib -lm -llibmplmpu -Wl,--start-group,-lxil,-lgcc,-lc,--end-group
Finished building target: IndoorLoc.elf
 
Invoking: ARM Print Size
arm-xilinx-eabi-size IndoorLoc.elf  |tee "IndoorLoc.elf.size"
   text	   data	    bss	    dec	    hex	filename
 220240	   3264	1026840	1250344	 131428	IndoorLoc.elf
Finished building: IndoorLoc.elf.size
 
10:37:16 **** Auto Build of configuration Debug for project IndoorLoc ****
make all 
Building file: ../src/robot/pwmsw.c
Invoking: ARM gcc compiler
arm-xilinx-eabi-gcc -DMOTION_DRIVER_TARGET_ZEDBOARD -DMPU9150 -U__ACCUM_EPSILON__ -Wall -O0 -g3 -c -fmessage-length=0 -MT"src/robot/pwmsw.o" -I../../IndoorLoc_gpio_timer_minimal_bsp_1/ps7_cortexa9_0/include -MMD -MP -MF"src/robot/pwmsw.d" -MT"src/robot/pwmsw.d" -o "src/robot/pwmsw.o" "../src/robot/pwmsw.c"
../src/robot/pwmsw.c: In function 'pwmTest':
../src/robot/pwmsw.c:66:2: error: expected ';' before 'for'
  for (reg = 0; reg < NUMBER_OF_JOINTS; reg++){
  ^
make: *** [src/robot/pwmsw.o] Error 1
10:37:24 **** Auto Build of configuration Debug for project IndoorLoc ****
make all 
Building file: ../src/robot/pwmsw.c
Invoking: ARM gcc compiler
arm-xilinx-eabi-gcc -DMOTION_DRIVER_TARGET_ZEDBOARD -DMPU9150 -U__ACCUM_EPSILON__ -Wall -O0 -g3 -c -fmessage-length=0 -MT"src/robot/pwmsw.o" -I../../IndoorLoc_gpio_timer_minimal_bsp_1/ps7_cortexa9_0/include -MMD -MP -MF"src/robot/pwmsw.d" -MT"src/robot/pwmsw.d" -o "src/robot/pwmsw.o" "../src/robot/pwmsw.c"
../src/robot/pwmsw.c: In function 'pwmTest':
../src/robot/pwmsw.c:67:3: warning: format '%d' expects argument of type 'int', but argument 2 has type 'uint32_t' [-Wformat=]
   printf(" %d", values[reg]);
   ^
../src/robot/pwmsw.c:67:3: warning: format '%d' expects argument of type 'int', but argument 2 has type 'uint32_t' [-Wformat=]
Finished building: ../src/robot/pwmsw.c
 
Building target: IndoorLoc.elf
Invoking: ARM gcc linker
arm-xilinx-eabi-gcc -L../../IndoorLoc_bsp/ps7_cortexa9_0/lib -L"/home/rupprich/Masterarbeit/indoor-loc/indoor-loc/indoor-loc.sdk/IndoorLoc/src/imu/mpu9150/mpl" -Wl,-T -Wl,../src/lscript.ld -L../../IndoorLoc_gpio_timer_minimal_bsp_1/ps7_cortexa9_0/lib -o "IndoorLoc.elf"  ./src/zedboard/crc16.o ./src/zedboard/gpio_utils.o ./src/zedboard/iic_utils.o ./src/zedboard/print_utils.o ./src/zedboard/time_utils.o ./src/zedboard/timer_int.o ./src/zedboard/xmodem.o  ./src/robot/pwmsw.o ./src/robot/robotCtrl.o  ./src/imu/mpu9150/mpl/data_builder.o ./src/imu/mpu9150/mpl/eMPL_outputs.o ./src/imu/mpu9150/mpl/hal_outputs.o ./src/imu/mpu9150/mpl/message_layer.o ./src/imu/mpu9150/mpl/ml_math_func.o ./src/imu/mpu9150/mpl/mlmath.o ./src/imu/mpu9150/mpl/mpl.o ./src/imu/mpu9150/mpl/results_holder.o ./src/imu/mpu9150/mpl/start_manager.o ./src/imu/mpu9150/mpl/storage_manager.o  ./src/imu/mpu9150/inv_mpu.o ./src/imu/mpu9150/inv_mpu_dmp_motion_driver.o  ./src/imu/mpu.o ./src/imu/mpu_int.o ./src/imu/mpu_utils.o  ./src/math_utils.o ./src/platform.o ./src/run.o   -lmpllib -lm -llibmplmpu -Wl,--start-group,-lxil,-lgcc,-lc,--end-group
Finished building target: IndoorLoc.elf
 
Invoking: ARM Print Size
arm-xilinx-eabi-size IndoorLoc.elf  |tee "IndoorLoc.elf.size"
   text	   data	    bss	    dec	    hex	filename
 220400	   3264	1026840	1250504	 1314c8	IndoorLoc.elf
Finished building: IndoorLoc.elf.size
 
10:37:42 **** Auto Build of configuration Debug for project IndoorLoc ****
make all 
Building file: ../src/robot/pwmsw.c
Invoking: ARM gcc compiler
arm-xilinx-eabi-gcc -DMOTION_DRIVER_TARGET_ZEDBOARD -DMPU9150 -U__ACCUM_EPSILON__ -Wall -O0 -g3 -c -fmessage-length=0 -MT"src/robot/pwmsw.o" -I../../IndoorLoc_gpio_timer_minimal_bsp_1/ps7_cortexa9_0/include -MMD -MP -MF"src/robot/pwmsw.d" -MT"src/robot/pwmsw.d" -o "src/robot/pwmsw.o" "../src/robot/pwmsw.c"
../src/robot/pwmsw.c: In function 'pwmTest':
[...]
                                 ^
Finished building: ../src/robot/robotCtrl.c
 
Building file: ../src/run.c
Invoking: ARM gcc compiler
arm-xilinx-eabi-gcc -DMOTION_DRIVER_TARGET_ZEDBOARD -DMPU9150 -U__ACCUM_EPSILON__ -Wall -O0 -g3 -c -fmessage-length=0 -MT"src/run.o" -I../../IndoorLoc_gpio_timer_minimal_bsp_1/ps7_cortexa9_0/include -MMD -MP -MF"src/run.d" -MT"src/run.d" -o "src/run.o" "../src/run.c"
Finished building: ../src/run.c
 
Building target: IndoorLoc.elf
Invoking: ARM gcc linker
arm-xilinx-eabi-gcc -L../../IndoorLoc_bsp/ps7_cortexa9_0/lib -L"/home/rupprich/Masterarbeit/indoor-loc/indoor-loc/indoor-loc.sdk/IndoorLoc/src/imu/mpu9150/mpl" -Wl,-T -Wl,../src/lscript.ld -L../../IndoorLoc_gpio_timer_minimal_bsp_1/ps7_cortexa9_0/lib -o "IndoorLoc.elf"  ./src/zedboard/crc16.o ./src/zedboard/gpio_utils.o ./src/zedboard/iic_utils.o ./src/zedboard/print_utils.o ./src/zedboard/time_utils.o ./src/zedboard/timer_int.o ./src/zedboard/xmodem.o  ./src/robot/pwmsw.o ./src/robot/robotCtrl.o  ./src/imu/mpu9150/mpl/data_builder.o ./src/imu/mpu9150/mpl/eMPL_outputs.o ./src/imu/mpu9150/mpl/hal_outputs.o ./src/imu/mpu9150/mpl/message_layer.o ./src/imu/mpu9150/mpl/ml_math_func.o ./src/imu/mpu9150/mpl/mlmath.o ./src/imu/mpu9150/mpl/mpl.o ./src/imu/mpu9150/mpl/results_holder.o ./src/imu/mpu9150/mpl/start_manager.o ./src/imu/mpu9150/mpl/storage_manager.o  ./src/imu/mpu9150/inv_mpu.o ./src/imu/mpu9150/inv_mpu_dmp_motion_driver.o  ./src/imu/mpu.o ./src/imu/mpu_int.o ./src/imu/mpu_utils.o  ./src/math_utils.o ./src/platform.o ./src/run.o   -lmpllib -lm -llibmplmpu -Wl,--start-group,-lxil,-lgcc,-lc,--end-group
Finished building target: IndoorLoc.elf
 
Invoking: ARM Print Size
arm-xilinx-eabi-size IndoorLoc.elf  |tee "IndoorLoc.elf.size"
   text	   data	    bss	    dec	    hex	filename
 221360	   3264	1026840	1251464	 131888	IndoorLoc.elf
Finished building: IndoorLoc.elf.size
 
15:23:09 **** Auto Build of configuration Debug for project IndoorLoc ****
make all 
Building file: ../src/robot/robotCtrl.c
Invoking: ARM gcc compiler
arm-xilinx-eabi-gcc -DMOTION_DRIVER_TARGET_ZEDBOARD -DMPU9150 -U__ACCUM_EPSILON__ -Wall -O0 -g3 -c -fmessage-length=0 -MT"src/robot/robotCtrl.o" -I../../IndoorLoc_gpio_timer_minimal_bsp_1/ps7_cortexa9_0/include -MMD -MP -MF"src/robot/robotCtrl.d" -MT"src/robot/robotCtrl.d" -o "src/robot/robotCtrl.o" "../src/robot/robotCtrl.c"
../src/robot/robotCtrl.c: In function 'collectRobotMvmtData':
../src/robot/robotCtrl.c:24:29: warning: variable 'dir' set but not used [-Wunused-but-set-variable]
  float angle[4], currAngle, dir;
                             ^
../src/robot/robotCtrl.c:24:18: warning: variable 'currAngle' set but not used [-Wunused-but-set-variable]
  float angle[4], currAngle, dir;
                  ^
../src/robot/robotCtrl.c:20:33: warning: unused variable 'anglecnt' [-Wunused-variable]
  uint32_t cnt = 0, samples = 0, anglecnt = 0, angleid = 0;
                                 ^
Finished building: ../src/robot/robotCtrl.c
 
Building target: IndoorLoc.elf
Invoking: ARM gcc linker
arm-xilinx-eabi-gcc -L../../IndoorLoc_bsp/ps7_cortexa9_0/lib -L"/home/rupprich/Masterarbeit/indoor-loc/indoor-loc/indoor-loc.sdk/IndoorLoc/src/imu/mpu9150/mpl" -Wl,-T -Wl,../src/lscript.ld -L../../IndoorLoc_gpio_timer_minimal_bsp_1/ps7_cortexa9_0/lib -o "IndoorLoc.elf"  ./src/zedboard/crc16.o ./src/zedboard/gpio_utils.o ./src/zedboard/iic_utils.o ./src/zedboard/print_utils.o ./src/zedboard/time_utils.o ./src/zedboard/timer_int.o ./src/zedboard/xmodem.o  ./src/robot/pwmsw.o ./src/robot/robotCtrl.o  ./src/imu/mpu9150/mpl/data_builder.o ./src/imu/mpu9150/mpl/eMPL_outputs.o ./src/imu/mpu9150/mpl/hal_outputs.o ./src/imu/mpu9150/mpl/message_layer.o ./src/imu/mpu9150/mpl/ml_math_func.o ./src/imu/mpu9150/mpl/mlmath.o ./src/imu/mpu9150/mpl/mpl.o ./src/imu/mpu9150/mpl/results_holder.o ./src/imu/mpu9150/mpl/start_manager.o ./src/imu/mpu9150/mpl/storage_manager.o  ./src/imu/mpu9150/inv_mpu.o ./src/imu/mpu9150/inv_mpu_dmp_motion_driver.o  ./src/imu/mpu.o ./src/imu/mpu_int.o ./src/imu/mpu_utils.o  ./src/math_utils.o ./src/platform.o ./src/run.o   -lmpllib -lm -llibmplmpu -Wl,--start-group,-lxil,-lgcc,-lc,--end-group
Finished building target: IndoorLoc.elf
 
Invoking: ARM Print Size
arm-xilinx-eabi-size IndoorLoc.elf  |tee "IndoorLoc.elf.size"
   text	   data	    bss	    dec	    hex	filename
 221360	   3264	1026840	1251464	 131888	IndoorLoc.elf
Finished building: IndoorLoc.elf.size
 
15:23:11 **** Incremental Build of configuration Debug for project IndoorLoc ****
make all 
make: Nothing to be done for `all'.
15:24:14 **** Auto Build of configuration Debug for project IndoorLoc ****
make all 
Building file: ../src/robot/robotCtrl.c
Invoking: ARM gcc compiler
arm-xilinx-eabi-gcc -DMOTION_DRIVER_TARGET_ZEDBOARD -DMPU9150 -U__ACCUM_EPSILON__ -Wall -O0 -g3 -c -fmessage-length=0 -MT"src/robot/robotCtrl.o" -I../../IndoorLoc_gpio_timer_minimal_bsp_1/ps7_cortexa9_0/include -MMD -MP -MF"src/robot/robotCtrl.d" -MT"src/robot/robotCtrl.d" -o "src/robot/robotCtrl.o" "../src/robot/robotCtrl.c"
../src/robot/robotCtrl.c: In function 'collectRobotMvmtData':
../src/robot/robotCtrl.c:24:29: warning: variable 'dir' set but not used [-Wunused-but-set-variable]
  float angle[4], currAngle, dir;
                             ^
../src/robot/robotCtrl.c:24:18: warning: variable 'currAngle' set but not used [-Wunused-but-set-variable]
  float angle[4], currAngle, dir;
                  ^
../src/robot/robotCtrl.c:20:33: warning: unused variable 'anglecnt' [-Wunused-variable]
  uint32_t cnt = 0, samples = 0, anglecnt = 0, angleid = 0;
                                 ^
Finished building: ../src/robot/robotCtrl.c
 
Building target: IndoorLoc.elf
Invoking: ARM gcc linker
arm-xilinx-eabi-gcc -L../../IndoorLoc_bsp/ps7_cortexa9_0/lib -L"/home/rupprich/Masterarbeit/indoor-loc/indoor-loc/indoor-loc.sdk/IndoorLoc/src/imu/mpu9150/mpl" -Wl,-T -Wl,../src/lscript.ld -L../../IndoorLoc_gpio_timer_minimal_bsp_1/ps7_cortexa9_0/lib -o "IndoorLoc.elf"  ./src/zedboard/crc16.o ./src/zedboard/gpio_utils.o ./src/zedboard/iic_utils.o ./src/zedboard/print_utils.o ./src/zedboard/time_utils.o ./src/zedboard/timer_int.o ./src/zedboard/xmodem.o  ./src/robot/pwmsw.o ./src/robot/robotCtrl.o  ./src/imu/mpu9150/mpl/data_builder.o ./src/imu/mpu9150/mpl/eMPL_outputs.o ./src/imu/mpu9150/mpl/hal_outputs.o ./src/imu/mpu9150/mpl/message_layer.o ./src/imu/mpu9150/mpl/ml_math_func.o ./src/imu/mpu9150/mpl/mlmath.o ./src/imu/mpu9150/mpl/mpl.o ./src/imu/mpu9150/mpl/results_holder.o ./src/imu/mpu9150/mpl/start_manager.o ./src/imu/mpu9150/mpl/storage_manager.o  ./src/imu/mpu9150/inv_mpu.o ./src/imu/mpu9150/inv_mpu_dmp_motion_driver.o  ./src/imu/mpu.o ./src/imu/mpu_int.o ./src/imu/mpu_utils.o  ./src/math_utils.o ./src/platform.o ./src/run.o   -lmpllib -lm -llibmplmpu -Wl,--start-group,-lxil,-lgcc,-lc,--end-group
Finished building target: IndoorLoc.elf
 
Invoking: ARM Print Size
arm-xilinx-eabi-size IndoorLoc.elf  |tee "IndoorLoc.elf.size"
   text	   data	    bss	    dec	    hex	filename
 221360	   3264	1026840	1251464	 131888	IndoorLoc.elf
Finished building: IndoorLoc.elf.size
 
15:24:22 **** Incremental Build of configuration Debug for project IndoorLoc ****
make all 
make: Nothing to be done for `all'.
15:24:56 **** Auto Build of configuration Debug for project IndoorLoc ****
make all 
Building file: ../src/robot/robotCtrl.c
Invoking: ARM gcc compiler
arm-xilinx-eabi-gcc -DMOTION_DRIVER_TARGET_ZEDBOARD -DMPU9150 -U__ACCUM_EPSILON__ -Wall -O0 -g3 -c -fmessage-length=0 -MT"src/robot/robotCtrl.o" -I../../IndoorLoc_gpio_timer_minimal_bsp_1/ps7_cortexa9_0/include -MMD -MP -MF"src/robot/robotCtrl.d" -MT"src/robot/robotCtrl.d" -o "src/robot/robotCtrl.o" "../src/robot/robotCtrl.c"
../src/robot/robotCtrl.c: In function 'collectRobotMvmtData':
../src/robot/robotCtrl.c:24:29: warning: variable 'dir' set but not used [-Wunused-but-set-variable]
  float angle[4], currAngle, dir;
                             ^
../src/robot/robotCtrl.c:24:18: warning: variable 'currAngle' set but not used [-Wunused-but-set-variable]
  float angle[4], currAngle, dir;
                  ^
../src/robot/robotCtrl.c:20:33: warning: unused variable 'anglecnt' [-Wunused-variable]
  uint32_t cnt = 0, samples = 0, anglecnt = 0, angleid = 0;
                                 ^
Finished building: ../src/robot/robotCtrl.c
 
Building file: ../src/run.c
Invoking: ARM gcc compiler
arm-xilinx-eabi-gcc -DMOTION_DRIVER_TARGET_ZEDBOARD -DMPU9150 -U__ACCUM_EPSILON__ -Wall -O0 -g3 -c -fmessage-length=0 -MT"src/run.o" -I../../IndoorLoc_gpio_timer_minimal_bsp_1/ps7_cortexa9_0/include -MMD -MP -MF"src/run.d" -MT"src/run.d" -o "src/run.o" "../src/run.c"
Finished building: ../src/run.c
 
Building target: IndoorLoc.elf
Invoking: ARM gcc linker
arm-xilinx-eabi-gcc -L../../IndoorLoc_bsp/ps7_cortexa9_0/lib -L"/home/rupprich/Masterarbeit/indoor-loc/indoor-loc/indoor-loc.sdk/IndoorLoc/src/imu/mpu9150/mpl" -Wl,-T -Wl,../src/lscript.ld -L../../IndoorLoc_gpio_timer_minimal_bsp_1/ps7_cortexa9_0/lib -o "IndoorLoc.elf"  ./src/zedboard/crc16.o ./src/zedboard/gpio_utils.o ./src/zedboard/iic_utils.o ./src/zedboard/print_utils.o ./src/zedboard/time_utils.o ./src/zedboard/timer_int.o ./src/zedboard/xmodem.o  ./src/robot/pwmsw.o ./src/robot/robotCtrl.o  ./src/imu/mpu9150/mpl/data_builder.o ./src/imu/mpu9150/mpl/eMPL_outputs.o ./src/imu/mpu9150/mpl/hal_outputs.o ./src/imu/mpu9150/mpl/message_layer.o ./src/imu/mpu9150/mpl/ml_math_func.o ./src/imu/mpu9150/mpl/mlmath.o ./src/imu/mpu9150/mpl/mpl.o ./src/imu/mpu9150/mpl/results_holder.o ./src/imu/mpu9150/mpl/start_manager.o ./src/imu/mpu9150/mpl/storage_manager.o  ./src/imu/mpu9150/inv_mpu.o ./src/imu/mpu9150/inv_mpu_dmp_motion_driver.o  ./src/imu/mpu.o ./src/imu/mpu_int.o ./src/imu/mpu_utils.o  ./src/math_utils.o ./src/platform.o ./src/run.o   -lmpllib -lm -llibmplmpu -Wl,--start-group,-lxil,-lgcc,-lc,--end-group
Finished building target: IndoorLoc.elf
 
Invoking: ARM Print Size
arm-xilinx-eabi-size IndoorLoc.elf  |tee "IndoorLoc.elf.size"
   text	   data	    bss	    dec	    hex	filename
 221360	   3264	1026840	1251464	 131888	IndoorLoc.elf
Finished building: IndoorLoc.elf.size
 
15:24:58 **** Incremental Build of configuration Debug for project IndoorLoc ****
make all 
make: Nothing to be done for `all'.
15:27:22 **** Auto Build of configuration Debug for project IndoorLoc ****
make all 
Building file: ../src/robot/robotCtrl.c
Invoking: ARM gcc compiler
arm-xilinx-eabi-gcc -DMOTION_DRIVER_TARGET_ZEDBOARD -DMPU9150 -U__ACCUM_EPSILON__ -Wall -O0 -g3 -c -fmessage-length=0 -MT"src/robot/robotCtrl.o" -I../../IndoorLoc_gpio_timer_minimal_bsp_1/ps7_cortexa9_0/include -MMD -MP -MF"src/robot/robotCtrl.d" -MT"src/robot/robotCtrl.d" -o "src/robot/robotCtrl.o" "../src/robot/robotCtrl.c"
../src/robot/robotCtrl.c: In function 'collectRobotMvmtData':
../src/robot/robotCtrl.c:24:29: warning: variable 'dir' set but not used [-Wunused-but-set-variable]
  float angle[4], currAngle, dir;
                             ^
../src/robot/robotCtrl.c:24:18: warning: variable 'currAngle' set but not used [-Wunused-but-set-variable]
  float angle[4], currAngle, dir;
                  ^
../src/robot/robotCtrl.c:20:33: warning: unused variable 'anglecnt' [-Wunused-variable]
  uint32_t cnt = 0, samples = 0, anglecnt = 0, angleid = 0;
                                 ^
Finished building: ../src/robot/robotCtrl.c
 
Building file: ../src/run.c
Invoking: ARM gcc compiler
arm-xilinx-eabi-gcc -DMOTION_DRIVER_TARGET_ZEDBOARD -DMPU9150 -U__ACCUM_EPSILON__ -Wall -O0 -g3 -c -fmessage-length=0 -MT"src/run.o" -I../../IndoorLoc_gpio_timer_minimal_bsp_1/ps7_cortexa9_0/include -MMD -MP -MF"src/run.d" -MT"src/run.d" -o "src/run.o" "../src/run.c"
Finished building: ../src/run.c
 
Building target: IndoorLoc.elf
Invoking: ARM gcc linker
arm-xilinx-eabi-gcc -L../../IndoorLoc_bsp/ps7_cortexa9_0/lib -L"/home/rupprich/Masterarbeit/indoor-loc/indoor-loc/indoor-loc.sdk/IndoorLoc/src/imu/mpu9150/mpl" -Wl,-T -Wl,../src/lscript.ld -L../../IndoorLoc_gpio_timer_minimal_bsp_1/ps7_cortexa9_0/lib -o "IndoorLoc.elf"  ./src/zedboard/crc16.o ./src/zedboard/gpio_utils.o ./src/zedboard/iic_utils.o ./src/zedboard/print_utils.o ./src/zedboard/time_utils.o ./src/zedboard/timer_int.o ./src/zedboard/xmodem.o  ./src/robot/pwmsw.o ./src/robot/robotCtrl.o  ./src/imu/mpu9150/mpl/data_builder.o ./src/imu/mpu9150/mpl/eMPL_outputs.o ./src/imu/mpu9150/mpl/hal_outputs.o ./src/imu/mpu9150/mpl/message_layer.o ./src/imu/mpu9150/mpl/ml_math_func.o ./src/imu/mpu9150/mpl/mlmath.o ./src/imu/mpu9150/mpl/mpl.o ./src/imu/mpu9150/mpl/results_holder.o ./src/imu/mpu9150/mpl/start_manager.o ./src/imu/mpu9150/mpl/storage_manager.o  ./src/imu/mpu9150/inv_mpu.o ./src/imu/mpu9150/inv_mpu_dmp_motion_driver.o  ./src/imu/mpu.o ./src/imu/mpu_int.o ./src/imu/mpu_utils.o  ./src/math_utils.o ./src/platform.o ./src/run.o   -lmpllib -lm -llibmplmpu -Wl,--start-group,-lxil,-lgcc,-lc,--end-group
Finished building target: IndoorLoc.elf
 
Invoking: ARM Print Size
arm-xilinx-eabi-size IndoorLoc.elf  |tee "IndoorLoc.elf.size"
   text	   data	    bss	    dec	    hex	filename
 221360	   3264	1026840	1251464	 131888	IndoorLoc.elf
Finished building: IndoorLoc.elf.size
 
15:27:24 **** Incremental Build of configuration Debug for project IndoorLoc ****
make all 
make: Nothing to be done for `all'.
15:41:03 **** Auto Build of configuration Debug for project IndoorLoc ****
make all 
Building file: ../src/zedboard/gpio_utils.c
Invoking: ARM gcc compiler
arm-xilinx-eabi-gcc -DMOTION_DRIVER_TARGET_ZEDBOARD -DMPU9150 -U__ACCUM_EPSILON__ -Wall -O0 -g3 -c -fmessage-length=0 -MT"src/zedboard/gpio_utils.o" -I../../IndoorLoc_gpio_timer_minimal_bsp_1/ps7_cortexa9_0/include -MMD -MP -MF"src/zedboard/gpio_utils.d" -MT"src/zedboard/gpio_utils.d" -o "src/zedboard/gpio_utils.o" "../src/zedboard/gpio_utils.c"
Finished building: ../src/zedboard/gpio_utils.c
 
Building file: ../src/zedboard/timer_int.c
Invoking: ARM gcc compiler
arm-xilinx-eabi-gcc -DMOTION_DRIVER_TARGET_ZEDBOARD -DMPU9150 -U__ACCUM_EPSILON__ -Wall -O0 -g3 -c -fmessage-length=0 -MT"src/zedboard/timer_int.o" -I../../IndoorLoc_gpio_timer_minimal_bsp_1/ps7_cortexa9_0/include -MMD -MP -MF"src/zedboard/timer_int.d" -MT"src/zedboard/timer_int.d" -o "src/zedboard/timer_int.o" "../src/zedboard/timer_int.c"
Finished building: ../src/zedboard/timer_int.c
 
Building file: ../src/robot/robotCtrl.c
Invoking: ARM gcc compiler
arm-xilinx-eabi-gcc -DMOTION_DRIVER_TARGET_ZEDBOARD -DMPU9150 -U__ACCUM_EPSILON__ -Wall -O0 -g3 -c -fmessage-length=0 -MT"src/robot/robotCtrl.o" -I../../IndoorLoc_gpio_timer_minimal_bsp_1/ps7_cortexa9_0/include -MMD -MP -MF"src/robot/robotCtrl.d" -MT"src/robot/robotCtrl.d" -o "src/robot/robotCtrl.o" "../src/robot/robotCtrl.c"
../src/robot/robotCtrl.c: In function 'collectRobotMvmtData':
../src/robot/robotCtrl.c:24:29: warning: variable 'dir' set but not used [-Wunused-but-set-variable]
  float angle[4], currAngle, dir;
                             ^
../src/robot/robotCtrl.c:24:18: warning: variable 'currAngle' set but not used [-Wunused-but-set-variable]
  float angle[4], currAngle, dir;
                  ^
../src/robot/robotCtrl.c:20:33: warning: unused variable 'anglecnt' [-Wunused-variable]
  uint32_t cnt = 0, samples = 0, anglecnt = 0, angleid = 0;
                                 ^
Finished building: ../src/robot/robotCtrl.c
 
Building file: ../src/imu/mpu.c
Invoking: ARM gcc compiler
arm-xilinx-eabi-gcc -DMOTION_DRIVER_TARGET_ZEDBOARD -DMPU9150 -U__ACCUM_EPSILON__ -Wall -O0 -g3 -c -fmessage-length=0 -MT"src/imu/mpu.o" -I../../IndoorLoc_gpio_timer_minimal_bsp_1/ps7_cortexa9_0/include -MMD -MP -MF"src/imu/mpu.d" -MT"src/imu/mpu.d" -o "src/imu/mpu.o" "../src/imu/mpu.c"
Finished building: ../src/imu/mpu.c
 
Building file: ../src/imu/mpu_int.c
Invoking: ARM gcc compiler
arm-xilinx-eabi-gcc -DMOTION_DRIVER_TARGET_ZEDBOARD -DMPU9150 -U__ACCUM_EPSILON__ -Wall -O0 -g3 -c -fmessage-length=0 -MT"src/imu/mpu_int.o" -I../../IndoorLoc_gpio_timer_minimal_bsp_1/ps7_cortexa9_0/include -MMD -MP -MF"src/imu/mpu_int.d" -MT"src/imu/mpu_int.d" -o "src/imu/mpu_int.o" "../src/imu/mpu_int.c"
Finished building: ../src/imu/mpu_int.c
 
Building file: ../src/run.c
Invoking: ARM gcc compiler
arm-xilinx-eabi-gcc -DMOTION_DRIVER_TARGET_ZEDBOARD -DMPU9150 -U__ACCUM_EPSILON__ -Wall -O0 -g3 -c -fmessage-length=0 -MT"src/run.o" -I../../IndoorLoc_gpio_timer_minimal_bsp_1/ps7_cortexa9_0/include -MMD -MP -MF"src/run.d" -MT"src/run.d" -o "src/run.o" "../src/run.c"
Finished building: ../src/run.c
 
Building target: IndoorLoc.elf
Invoking: ARM gcc linker
arm-xilinx-eabi-gcc -L../../IndoorLoc_bsp/ps7_cortexa9_0/lib -L"/home/rupprich/Masterarbeit/indoor-loc/indoor-loc/indoor-loc.sdk/IndoorLoc/src/imu/mpu9150/mpl" -Wl,-T -Wl,../src/lscript.ld -L../../IndoorLoc_gpio_timer_minimal_bsp_1/ps7_cortexa9_0/lib -o "IndoorLoc.elf"  ./src/zedboard/crc16.o ./src/zedboard/gpio_utils.o ./src/zedboard/iic_utils.o ./src/zedboard/print_utils.o ./src/zedboard/time_utils.o ./src/zedboard/timer_int.o ./src/zedboard/xmodem.o  ./src/robot/pwmsw.o ./src/robot/robotCtrl.o  ./src/imu/mpu9150/mpl/data_builder.o ./src/imu/mpu9150/mpl/eMPL_outputs.o ./src/imu/mpu9150/mpl/hal_outputs.o ./src/imu/mpu9150/mpl/message_layer.o ./src/imu/mpu9150/mpl/ml_math_func.o ./src/imu/mpu9150/mpl/mlmath.o ./src/imu/mpu9150/mpl/mpl.o ./src/imu/mpu9150/mpl/results_holder.o ./src/imu/mpu9150/mpl/start_manager.o ./src/imu/mpu9150/mpl/storage_manager.o  ./src/imu/mpu9150/inv_mpu.o ./src/imu/mpu9150/inv_mpu_dmp_motion_driver.o  ./src/imu/mpu.o ./src/imu/mpu_int.o ./src/imu/mpu_utils.o  ./src/math_utils.o ./src/platform.o ./src/run.o   -lmpllib -lm -llibmplmpu -Wl,--start-group,-lxil,-lgcc,-lc,--end-group
Finished building target: IndoorLoc.elf
 
Invoking: ARM Print Size
arm-xilinx-eabi-size IndoorLoc.elf  |tee "IndoorLoc.elf.size"
   text	   data	    bss	    dec	    hex	filename
 221360	   3264	1026840	1251464	 131888	IndoorLoc.elf
Finished building: IndoorLoc.elf.size
 
15:41:58 **** Auto Build of configuration Debug for project IndoorLoc ****
make all 
Building file: ../src/run.c
Invoking: ARM gcc compiler
arm-xilinx-eabi-gcc -DMOTION_DRIVER_TARGET_ZEDBOARD -DMPU9150 -U__ACCUM_EPSILON__ -Wall -O0 -g3 -c -fmessage-length=0 -MT"src/run.o" -I../../IndoorLoc_gpio_timer_minimal_bsp_1/ps7_cortexa9_0/include -MMD -MP -MF"src/run.d" -MT"src/run.d" -o "src/run.o" "../src/run.c"
Finished building: ../src/run.c
 
Building target: IndoorLoc.elf
Invoking: ARM gcc linker
arm-xilinx-eabi-gcc -L../../IndoorLoc_bsp/ps7_cortexa9_0/lib -L"/home/rupprich/Masterarbeit/indoor-loc/indoor-loc/indoor-loc.sdk/IndoorLoc/src/imu/mpu9150/mpl" -Wl,-T -Wl,../src/lscript.ld -L../../IndoorLoc_gpio_timer_minimal_bsp_1/ps7_cortexa9_0/lib -o "IndoorLoc.elf"  ./src/zedboard/crc16.o ./src/zedboard/gpio_utils.o ./src/zedboard/iic_utils.o ./src/zedboard/print_utils.o ./src/zedboard/time_utils.o ./src/zedboard/timer_int.o ./src/zedboard/xmodem.o  ./src/robot/pwmsw.o ./src/robot/robotCtrl.o  ./src/imu/mpu9150/mpl/data_builder.o ./src/imu/mpu9150/mpl/eMPL_outputs.o ./src/imu/mpu9150/mpl/hal_outputs.o ./src/imu/mpu9150/mpl/message_layer.o ./src/imu/mpu9150/mpl/ml_math_func.o ./src/imu/mpu9150/mpl/mlmath.o ./src/imu/mpu9150/mpl/mpl.o ./src/imu/mpu9150/mpl/results_holder.o ./src/imu/mpu9150/mpl/start_manager.o ./src/imu/mpu9150/mpl/storage_manager.o  ./src/imu/mpu9150/inv_mpu.o ./src/imu/mpu9150/inv_mpu_dmp_motion_driver.o  ./src/imu/mpu.o ./src/imu/mpu_int.o ./src/imu/mpu_utils.o  ./src/math_utils.o ./src/platform.o ./src/run.o   -lmpllib -lm -llibmplmpu -Wl,--start-group,-lxil,-lgcc,-lc,--end-group
Finished building target: IndoorLoc.elf
 
Invoking: ARM Print Size
arm-xilinx-eabi-size IndoorLoc.elf  |tee "IndoorLoc.elf.size"
   text	   data	    bss	    dec	    hex	filename
 221360	   3264	1026840	1251464	 131888	IndoorLoc.elf
Finished building: IndoorLoc.elf.size
 
15:42:00 **** Incremental Build of configuration Debug for project IndoorLoc ****
make all 
make: Nothing to be done for `all'.
