11:27:41 **** Incremental Build of configuration Debug for project t2 ****
make all 
Building file: ../src/testperiph.c
Invoking: ARM gcc compiler
arm-xilinx-eabi-gcc -Wall -O0 -g3 -c -fmessage-length=0 -MT"src/testperiph.o" -I../../IndoorLoc_bsp/ps7_cortexa9_0/include -MMD -MP -MF"src/testperiph.d" -MT"src/testperiph.d" -o "src/testperiph.o" "../src/testperiph.c"
Finished building: ../src/testperiph.c
 
Building file: ../src/xdevcfg_selftest_example.c
Invoking: ARM gcc compiler
arm-xilinx-eabi-gcc -Wall -O0 -g3 -c -fmessage-length=0 -MT"src/xdevcfg_selftest_example.o" -I../../IndoorLoc_bsp/ps7_cortexa9_0/include -MMD -MP -MF"src/xdevcfg_selftest_example.d" -MT"src/xdevcfg_selftest_example.d" -o "src/xdevcfg_selftest_example.o" "../src/xdevcfg_selftest_example.c"
Finished building: ../src/xdevcfg_selftest_example.c
 
Building file: ../src/xdmaps_example_w_intr.c
Invoking: ARM gcc compiler
arm-xilinx-eabi-gcc -Wall -O0 -g3 -c -fmessage-length=0 -MT"src/xdmaps_example_w_intr.o" -I../../IndoorLoc_bsp/ps7_cortexa9_0/include -MMD -MP -MF"src/xdmaps_example_w_intr.d" -MT"src/xdmaps_example_w_intr.d" -o "src/xdmaps_example_w_intr.o" "../src/xdmaps_example_w_intr.c"
Finished building: ../src/xdmaps_example_w_intr.c
 
Building file: ../src/xemacps_example_intr_dma.c
Invoking: ARM gcc compiler
arm-xilinx-eabi-gcc -Wall -O0 -g3 -c -fmessage-length=0 -MT"src/xemacps_example_intr_dma.o" -I../../IndoorLoc_bsp/ps7_cortexa9_0/include -MMD -MP -MF"src/xemacps_example_intr_dma.d" -MT"src/xemacps_example_intr_dma.d" -o "src/xemacps_example_intr_dma.o" "../src/xemacps_example_intr_dma.c"
Finished building: ../src/xemacps_example_intr_dma.c
 
Building file: ../src/xemacps_example_util.c
Invoking: ARM gcc compiler
arm-xilinx-eabi-gcc -Wall -O0 -g3 -c -fmessage-length=0 -MT"src/xemacps_example_util.o" -I../../IndoorLoc_bsp/ps7_cortexa9_0/include -MMD -MP -MF"src/xemacps_example_util.d" -MT"src/xemacps_example_util.d" -o "src/xemacps_example_util.o" "../src/xemacps_example_util.c"
Finished building: ../src/xemacps_example_util.c
 
Building file: ../src/xiicps_selftest_example.c
Invoking: ARM gcc compiler
arm-xilinx-eabi-gcc -Wall -O0 -g3 -c -fmessage-length=0 -MT"src/xiicps_selftest_example.o" -I../../IndoorLoc_bsp/ps7_cortexa9_0/include -MMD -MP -MF"src/xiicps_selftest_example.d" -MT"src/xiicps_selftest_example.d" -o "src/xiicps_selftest_example.o" "../src/xiicps_selftest_example.c"
Finished building: ../src/xiicps_selftest_example.c
 
Building file: ../src/xqspips_selftest_example.c
Invoking: ARM gcc compiler
arm-xilinx-eabi-gcc -Wall -O0 -g3 -c -fmessage-length=0 -MT"src/xqspips_selftest_example.o" -I../../IndoorLoc_bsp/ps7_cortexa9_0/include -MMD -MP -MF"src/xqspips_selftest_example.d" -MT"src/xqspips_selftest_example.d" -o "src/xqspips_selftest_example.o" "../src/xqspips_selftest_example.c"
Finished building: ../src/xqspips_selftest_example.c
 
Building file: ../src/xscugic_tapp_example.c
Invoking: ARM gcc compiler
arm-xilinx-eabi-gcc -Wall -O0 -g3 -c -fmessage-length=0 -MT"src/xscugic_tapp_example.o" -I../../IndoorLoc_bsp/ps7_cortexa9_0/include -MMD -MP -MF"src/xscugic_tapp_example.d" -MT"src/xscugic_tapp_example.d" -o "src/xscugic_tapp_example.o" "../src/xscugic_tapp_example.c"
Finished building: ../src/xscugic_tapp_example.c
 
Building file: ../src/xscutimer_intr_example.c
Invoking: ARM gcc compiler
arm-xilinx-eabi-gcc -Wall -O0 -g3 -c -fmessage-length=0 -MT"src/xscutimer_intr_example.o" -I../../IndoorLoc_bsp/ps7_cortexa9_0/include -MMD -MP -MF"src/xscutimer_intr_example.d" -MT"src/xscutimer_intr_example.d" -o "src/xscutimer_intr_example.o" "../src/xscutimer_intr_example.c"
Finished building: ../src/xscutimer_intr_example.c
 
Building file: ../src/xscutimer_polled_example.c
Invoking: ARM gcc compiler
arm-xilinx-eabi-gcc -Wall -O0 -g3 -c -fmessage-length=0 -MT"src/xscutimer_polled_example.o" -I../../IndoorLoc_bsp/ps7_cortexa9_0/include -MMD -MP -MF"src/xscutimer_polled_example.d" -MT"src/xscutimer_polled_example.d" -o "src/xscutimer_polled_example.o" "../src/xscutimer_polled_example.c"
Finished building: ../src/xscutimer_polled_example.c
 
Building file: ../src/xscuwdt_intr_example.c
Invoking: ARM gcc compiler
arm-xilinx-eabi-gcc -Wall -O0 -g3 -c -fmessage-length=0 -MT"src/xscuwdt_intr_example.o" -I../../IndoorLoc_bsp/ps7_cortexa9_0/include -MMD -MP -MF"src/xscuwdt_intr_example.d" -MT"src/xscuwdt_intr_example.d" -o "src/xscuwdt_intr_example.o" "../src/xscuwdt_intr_example.c"
Finished building: ../src/xscuwdt_intr_example.c
 
Building file: ../src/xttcps_tapp_example.c
Invoking: ARM gcc compiler
arm-xilinx-eabi-gcc -Wall -O0 -g3 -c -fmessage-length=0 -MT"src/xttcps_tapp_example.o" -I../../IndoorLoc_bsp/ps7_cortexa9_0/include -MMD -MP -MF"src/xttcps_tapp_example.d" -MT"src/xttcps_tapp_example.d" -o "src/xttcps_tapp_example.o" "../src/xttcps_tapp_example.c"
Finished building: ../src/xttcps_tapp_example.c
 
Building target: t2.elf
Invoking: ARM gcc linker
arm-xilinx-eabi-gcc -Wl,-T -Wl,../src/lscript.ld -L../../IndoorLoc_bsp/ps7_cortexa9_0/lib -o "t2.elf"  ./src/testperiph.o ./src/xdevcfg_selftest_example.o ./src/xdmaps_example_w_intr.o ./src/xemacps_example_intr_dma.o ./src/xemacps_example_util.o ./src/xiicps_selftest_example.o ./src/xqspips_selftest_example.o ./src/xscugic_tapp_example.o ./src/xscutimer_intr_example.o ./src/xscutimer_polled_example.o ./src/xscuwdt_intr_example.o ./src/xttcps_tapp_example.o   -Wl,--start-group,-lxil,-lgcc,-lc,--end-group
Finished building target: t2.elf
 
Invoking: ARM Print Size
arm-xilinx-eabi-size t2.elf  |tee "t2.elf.size"
   text	   data	    bss	    dec	    hex	filename
  77012	   2136	  54592	 133740	  20a6c	t2.elf
Finished building: t2.elf.size
 
11:31:45 **** Incremental Build of configuration Debug for project IndoorLoc ****
make all 
make: Nothing to be done for 'all'.
11:33:04 **** Incremental Build of configuration Debug for project IndoorLoc ****
make all 
make: Nothing to be done for 'all'.
11:37:18 **** Incremental Build of configuration Debug for project IndoorLoc ****
make all 
make: Nothing to be done for 'all'.
11:38:33 **** Incremental Build of configuration Debug for project IndoorLoc ****
make all 
make: Nothing to be done for 'all'.
11:38:33 **** Incremental Build of configuration Debug for project t2 ****
make all 
make: Nothing to be done for 'all'.
11:42:29 **** Auto Build of configuration Debug for project IndoorLoc ****
make all 
make: Nothing to be done for 'all'.
11:42:34 **** Incremental Build of configuration Debug for project IndoorLoc ****
make all 
make: Nothing to be done for 'all'.
11:49:22 **** Auto Build of configuration Debug for project IndoorLoc ****
make all 
make: Nothing to be done for 'all'.
11:52:23 **** Auto Build of configuration Debug for project IndoorLoc ****
make all 
Building file: ../src/inv_mpu.c
Invoking: ARM gcc compiler
arm-xilinx-eabi-gcc -Wall -O0 -g3 -c -fmessage-length=0 -MT"src/inv_mpu.o" -I../../IndoorLoc_bsp/ps7_cortexa9_0/include -MMD -MP -MF"src/inv_mpu.d" -MT"src/inv_mpu.d" -o "src/inv_mpu.o" "../src/inv_mpu.c"
../src/inv_mpu.c:39:0: error: unterminated #if
src/subdir.mk:39: recipe for target 'src/inv_mpu.o' failed
 #if defined EMPL_TARGET_ZEDBOARD
 ^
make: *** [src/inv_mpu.o] Error 1
11:52:34 **** Auto Build of configuration Debug for project IndoorLoc ****
make all 
Building file: ../src/inv_mpu.c
Invoking: ARM gcc compiler
arm-xilinx-eabi-gcc -Wall -O0 -g3 -c -fmessage-length=0 -MT"src/inv_mpu.o" -I../../IndoorLoc_bsp/ps7_cortexa9_0/include -MMD -MP -MF"src/inv_mpu.d" -MT"src/inv_mpu.d" -o "src/inv_mpu.o" "../src/inv_mpu.c"
../src/inv_mpu.c:130:2: error: #error Gyro driver is missing the system layer implementations.
 #error  Gyro driver is missing the system layer implementations.
  ^
../src/inv_mpu.c:134:2: error: #error Which gyro are you using? Define MPUxxxx in your compiler options.
 #error  Which gyro are you using? Define MPUxxxx in your compiler options.
  ^
../src/inv_mpu.c:390:1: error: expected identifier before '}' token
 };
 ^
../src/inv_mpu.c: In function 'set_int_enable':
../src/inv_mpu.c:653:9: error: 'st' undeclared (first use in this function)
     if (st.chip_cfg.dmp_on) {
         ^
../src/inv_mpu.c:653:9: note: each undeclared identifier is reported only once for each function it appears in
../src/inv_mpu.c:658:9: warning: implicit declaration of function 'i2c_write' [-Wimplicit-function-declaration]
         if (i2c_write(st.hw->addr, st.reg->int_enable, 1, &tmp))
         ^
../src/inv_mpu.c: In function 'mpu_reg_dump':
../src/inv_mpu.c:686:23: error: 'st' undeclared (first use in this function)
     for (ii = 0; ii < st.hw->num_reg; ii++) {
                       ^
../src/inv_mpu.c:689:9: warning: implicit declaration of function 'i2c_read' [-Wimplicit-function-declaration]
         if (i2c_read(st.hw->addr, ii, 1, &data))
         ^
../src/inv_mpu.c:691:9: warning: implicit declaration of function 'log_i' [-Wimplicit-function-declaration]
         log_i("%#5x: %#5x\r\n", ii, data);
         ^
../src/inv_mpu.c: In function 'mpu_read_reg':
../src/inv_mpu.c:705:16: error: 'st' undeclared (first use in this function)
     if (reg == st.reg->fifo_r_w || reg == st.reg->mem_r_w)
                ^
../src/inv_mpu.c: In function 'mpu_init':
../src/inv_mpu.c:731:19: error: 'st' undeclared (first use in this function)
     if (i2c_write(st.hw->addr, st.reg->pwr_mgmt_1, 1, data))
                   ^
../src/inv_mpu.c:733:5: warning: implicit declaration of function 'delay_ms' [-Wimplicit-function-declaration]
     delay_ms(100);
     ^
../src/inv_mpu.c:787:9: warning: implicit declaration of function 'reg_int_cb' [-Wimplicit-function-declaration]
         reg_int_cb(int_param);
         ^
../src/inv_mpu.c: In function 'mpu_lp_accel_mode':
../src/inv_mpu.c:830:23: error: 'st' undeclared (first use in this function)
         if (i2c_write(st.hw->addr, st.reg->pwr_mgmt_1, 2, tmp))
                       ^
../src/inv_mpu.c: In function 'mpu_get_gyro_reg':
../src/inv_mpu.c:907:11: error: 'st' undeclared (first use in this function)
     if (!(st.chip_cfg.sensors & INV_XYZ_GYRO))
           ^
../src/inv_mpu.c:916:9: warning: implicit declaration of function 'get_ms' [-Wimplicit-function-declaration]
         get_ms(timestamp);
         ^
../src/inv_mpu.c: In function 'mpu_get_accel_reg':
../src/inv_mpu.c:930:11: error: 'st' undeclared (first use in this function)
     if (!(st.chip_cfg.sensors & INV_XYZ_ACCEL))
           ^
../src/inv_mpu.c: In function 'mpu_get_temperature':
../src/inv_mpu.c:954:11: error: 'st' undeclared (first use in this function)
     if (!(st.chip_cfg.sensors))
           ^
../src/inv_mpu.c: In function 'mpu_read_6500_accel_bias':
../src/inv_mpu.c:977:15: error: 'st' undeclared (first use in this function)
  if (i2c_read(st.hw->addr, 0x77, 2, &data[0]))
               ^
../src/inv_mpu.c: In function 'mpu_read_6050_accel_bias':
../src/inv_mpu.c:999:15: error: 'st' undeclared (first use in this function)
  if (i2c_read(st.hw->addr, 0x06, 2, &data[0]))
               ^
../src/inv_mpu.c: In function 'mpu_read_6500_gyro_bias':
../src/inv_mpu.c:1013:15: error: 'st' undeclared (first use in this function)
  if (i2c_read(st.hw->addr, 0x13, 2, &data[0]))
               ^
../src/inv_mpu.c: In function 'mpu_set_gyro_bias_reg':
../src/inv_mpu.c:1046:19: error: 'st' undeclared (first use in this function)
     if (i2c_write(st.hw->addr, 0x13, 2, &data[0]))
                   ^
../src/inv_mpu.c: In function 'mpu_set_accel_bias_6050_reg':
../src/inv_mpu.c:1081:19: error: 'st' undeclared (first use in this function)
     if (i2c_write(st.hw->addr, 0x06, 2, &data[0]))
                   ^
../src/inv_mpu.c: In function 'mpu_set_accel_bias_6500_reg':
../src/inv_mpu.c:1120:19: error: 'st' undeclared (first use in this function)
     if (i2c_write(st.hw->addr, 0x77, 2, &data[0]))
                   ^
../src/inv_mpu.c: In function 'mpu_reset_fifo':
../src/inv_mpu.c:1139:11: error: 'st' undeclared (first use in this function)
     if (!(st.chip_cfg.sensors))
           ^
../src/inv_mpu.c: In function 'mpu_get_gyro_fsr':
../src/inv_mpu.c:1199:13: error: 'st' undeclared (first use in this function)
     switch (st.chip_cfg.gyro_fsr) {
             ^
../src/inv_mpu.c: In function 'mpu_set_gyro_fsr':
../src/inv_mpu.c:1228:11: error: 'st' undeclared (first use in this function)
     if (!(st.chip_cfg.sensors))
           ^
../src/inv_mpu.c: In function 'mpu_get_accel_fsr':
../src/inv_mpu.c:1263:13: error: 'st' undeclared (first use in this function)
     switch (st.chip_cfg.accel_fsr) {
             ^
../src/inv_mpu.c: In function 'mpu_set_accel_fsr':
../src/inv_mpu.c:1293:11: error: 'st' undeclared (first use in this function)
     if (!(st.chip_cfg.sensors))
           ^
../src/inv_mpu.c: In function 'mpu_get_lpf':
../src/inv_mpu.c:1328:13: error: 'st' undeclared (first use in this function)
     switch (st.chip_cfg.lpf) {
             ^
../src/inv_mpu.c: In function 'mpu_set_lpf':
../src/inv_mpu.c:1366:11: error: 'st' undeclared (first use in this function)
     if (!(st.chip_cfg.sensors))
           ^
../src/inv_mpu.c: In function 'mpu_get_sample_rate':
../src/inv_mpu.c:1397:9: error: 'st' undeclared (first use in this function)
     if (st.chip_cfg.dmp_on)
         ^
../src/inv_mpu.c: In function 'mpu_set_sample_rate':
../src/inv_mpu.c:1414:11: error: 'st' undeclared (first use in this function)
     if (!(st.chip_cfg.sensors))
           ^
../src/inv_mpu.c: In function 'mpu_get_gyro_sens':
../src/inv_mpu.c:1503:13: error: 'st' undeclared (first use in this function)
     switch (st.chip_cfg.gyro_fsr) {
             ^
../src/inv_mpu.c: In function 'mpu_get_accel_sens':
../src/inv_mpu.c:1529:13: error: 'st' undeclared (first use in this function)
     switch (st.chip_cfg.accel_fsr) {
             ^
../src/inv_mpu.c: In function 'mpu_get_fifo_config':
../src/inv_mpu.c:1561:18: error: 'st' undeclared (first use in this function)
     sensors[0] = st.chip_cfg.fifo_enable;
                  ^
../src/inv_mpu.c: In function 'mpu_configure_fifo':
../src/inv_mpu.c:1582:9: error: 'st' undeclared (first use in this function)
     if (st.chip_cfg.dmp_on)
         ^
../src/inv_mpu.c: In function 'mpu_get_power_state':
../src/inv_mpu.c:1618:9: error: 'st' undeclared (first use in this function)
     if (st.chip_cfg.sensors)
         ^
../src/inv_mpu.c: In function 'mpu_set_sensors':
../src/inv_mpu.c:1648:19: error: 'st' undeclared (first use in this function)
     if (i2c_write(st.hw->addr, st.reg->pwr_mgmt_1, 1, &data)) {
                   ^
../src/inv_mpu.c: In function 'mpu_get_int_status':
../src/inv_mpu.c:1715:10: error: 'st' undeclared (first use in this function)
     if (!st.chip_cfg.sensors)
          ^
../src/inv_mpu.c: In function 'mpu_read_fifo':
../src/inv_mpu.c:1749:9: error: 'st' undeclared (first use in this function)
     if (st.chip_cfg.dmp_on)
         ^
../src/inv_mpu.c: In function 'mpu_read_fifo_stream':
../src/inv_mpu.c:1827:10: error: 'st' undeclared (first use in this function)
     if (!st.chip_cfg.dmp_on)
          ^
../src/inv_mpu.c: In function 'mpu_set_bypass':
../src/inv_mpu.c:1864:9: error: 'st' undeclared (first use in this function)
     if (st.chip_cfg.bypass_mode == bypass_on)
         ^
../src/inv_mpu.c: In function 'mpu_set_int_level':
../src/inv_mpu.c:1912:5: error: 'st' undeclared (first use in this function)
     st.chip_cfg.active_low_int = active_low;
     ^
../src/inv_mpu.c: In function 'mpu_set_int_latched':
../src/inv_mpu.c:1925:9: error: 'st' undeclared (first use in this function)
     if (st.chip_cfg.latched_int == enable)
         ^
../src/inv_mpu.c: In function 'get_st_biases':
../src/inv_mpu.c:2091:19: error: 'st' undeclared (first use in this function)
     if (i2c_write(st.hw->addr, st.reg->pwr_mgmt_1, 2, data))
                   ^
../src/inv_mpu.c:2125:19: error: 'test' undeclared (first use in this function)
         data[0] = test.reg_accel_fsr;
                   ^
../src/inv_mpu.c: In function 'mpu_run_self_test':
../src/inv_mpu.c:2702:9: error: 'st' undeclared (first use in this function)
     if (st.chip_cfg.dmp_on) {
         ^
../src/inv_mpu.c: In function 'mpu_write_mem':
../src/inv_mpu.c:2797:10: error: 'st' undeclared (first use in this function)
     if (!st.chip_cfg.sensors)
          ^
../src/inv_mpu.c: In function 'mpu_read_mem':
../src/inv_mpu.c:2830:10: error: 'st' undeclared (first use in this function)
     if (!st.chip_cfg.sensors)
          ^
../src/inv_mpu.c: In function 'mpu_load_firmware':
../src/inv_mpu.c:2864:9: error: 'st' undeclared (first use in this function)
     if (st.chip_cfg.dmp_loaded)
src/subdir.mk:39: recipe for target 'src/inv_mpu.o' failed
         ^
../src/inv_mpu.c:2871:9: warning: implicit declaration of function 'min' [-Wimplicit-function-declaration]
         this_write = min(LOAD_CHUNK, length - ii);
         ^
../src/inv_mpu.c: In function 'mpu_set_dmp_state':
../src/inv_mpu.c:2899:9: error: 'st' undeclared (first use in this function)
     if (st.chip_cfg.dmp_on == enable)
         ^
../src/inv_mpu.c: In function 'mpu_get_dmp_state':
../src/inv_mpu.c:2937:18: error: 'st' undeclared (first use in this function)
     enabled[0] = st.chip_cfg.dmp_on;
                  ^
../src/inv_mpu.c: In function 'mpu_lp_motion_interrupt':
../src/inv_mpu.c:3184:14: error: 'st' undeclared (first use in this function)
         if (!st.chip_cfg.int_motion_only) {
              ^
../src/inv_mpu.c: At top level:
../src/inv_mpu.c:2083:12: warning: 'get_st_biases' defined but not used [-Wunused-function]
 static int get_st_biases(long *gyro, long *accel, unsigned char hw_test)
            ^
../src/inv_mpu.c: In function 'mpu_read_reg':
../src/inv_mpu.c:710:1: warning: control reaches end of non-void function [-Wreturn-type]
 }
 ^
../src/inv_mpu.c: In function 'mpu_set_sample_rate':
../src/inv_mpu.c:1450:1: warning: control reaches end of non-void function [-Wreturn-type]
 }
 ^
make: *** [src/inv_mpu.o] Error 1
11:53:27 **** Auto Build of configuration Debug for project IndoorLoc ****
make all 
Building file: ../src/inv_mpu.c
Invoking: ARM gcc compiler
arm-xilinx-eabi-gcc -Wall -O0 -g3 -c -fmessage-length=0 -MT"src/inv_mpu.o" -I../../IndoorLoc_bsp/ps7_cortexa9_0/include -MMD -MP -MF"src/inv_mpu.d" -MT"src/inv_mpu.d" -o "src/inv_mpu.o" "../src/inv_mpu.c"
../src/inv_mpu.c:130:2: error: #error Gyro driver is missing the system layer implementations.
 #error  Gyro driver is missing the system layer implementations.
  ^
../src/inv_mpu.c:134:2: error: #error Which gyro are you using? Define MPUxxxx in your compiler options.
 #error  Which gyro are you using? Define MPUxxxx in your compiler options.
  ^
../src/inv_mpu.c:390:1: error: expected identifier before '}' token
 };
 ^
../src/inv_mpu.c: In function 'set_int_enable':
../src/inv_mpu.c:653:9: error: 'st' undeclared (first use in this function)
     if (st.chip_cfg.dmp_on) {
         ^
../src/inv_mpu.c:653:9: note: each undeclared identifier is reported only once for each function it appears in
../src/inv_mpu.c:658:9: warning: implicit declaration of function 'i2c_write' [-Wimplicit-function-declaration]
         if (i2c_write(st.hw->addr, st.reg->int_enable, 1, &tmp))
         ^
../src/inv_mpu.c: In function 'mpu_reg_dump':
../src/inv_mpu.c:686:23: error: 'st' undeclared (first use in this function)
     for (ii = 0; ii < st.hw->num_reg; ii++) {
                       ^
../src/inv_mpu.c:689:9: warning: implicit declaration of function 'i2c_read' [-Wimplicit-function-declaration]
         if (i2c_read(st.hw->addr, ii, 1, &data))
         ^
../src/inv_mpu.c:691:9: warning: implicit declaration of function 'log_i' [-Wimplicit-function-declaration]
         log_i("%#5x: %#5x\r\n", ii, data);
         ^
../src/inv_mpu.c: In function 'mpu_read_reg':
../src/inv_mpu.c:705:16: error: 'st' undeclared (first use in this function)
     if (reg == st.reg->fifo_r_w || reg == st.reg->mem_r_w)
                ^
../src/inv_mpu.c: In function 'mpu_init':
../src/inv_mpu.c:731:19: error: 'st' undeclared (first use in this function)
     if (i2c_write(st.hw->addr, st.reg->pwr_mgmt_1, 1, data))
                   ^
../src/inv_mpu.c:733:5: warning: implicit declaration of function 'delay_ms' [-Wimplicit-function-declaration]
     delay_ms(100);
     ^
../src/inv_mpu.c:787:9: warning: implicit declaration of function 'reg_int_cb' [-Wimplicit-function-declaration]
         reg_int_cb(int_param);
         ^
../src/inv_mpu.c: In function 'mpu_lp_accel_mode':
../src/inv_mpu.c:830:23: error: 'st' undeclared (first use in this function)
         if (i2c_write(st.hw->addr, st.reg->pwr_mgmt_1, 2, tmp))
                       ^
../src/inv_mpu.c: In function 'mpu_get_gyro_reg':
../src/inv_mpu.c:907:11: error: 'st' undeclared (first use in this function)
     if (!(st.chip_cfg.sensors & INV_XYZ_GYRO))
           ^
../src/inv_mpu.c:916:9: warning: implicit declaration of function 'get_ms' [-Wimplicit-function-declaration]
         get_ms(timestamp);
         ^
../src/inv_mpu.c: In function 'mpu_get_accel_reg':
../src/inv_mpu.c:930:11: error: 'st' undeclared (first use in this function)
     if (!(st.chip_cfg.sensors & INV_XYZ_ACCEL))
           ^
../src/inv_mpu.c: In function 'mpu_get_temperature':
../src/inv_mpu.c:954:11: error: 'st' undeclared (first use in this function)
     if (!(st.chip_cfg.sensors))
           ^
../src/inv_mpu.c: In function 'mpu_read_6500_accel_bias':
../src/inv_mpu.c:977:15: error: 'st' undeclared (first use in this function)
  if (i2c_read(st.hw->addr, 0x77, 2, &data[0]))
               ^
../src/inv_mpu.c: In function 'mpu_read_6050_accel_bias':
../src/inv_mpu.c:999:15: error: 'st' undeclared (first use in this function)
  if (i2c_read(st.hw->addr, 0x06, 2, &data[0]))
               ^
../src/inv_mpu.c: In function 'mpu_read_6500_gyro_bias':
../src/inv_mpu.c:1013:15: error: 'st' undeclared (first use in this function)
  if (i2c_read(st.hw->addr, 0x13, 2, &data[0]))
               ^
../src/inv_mpu.c: In function 'mpu_set_gyro_bias_reg':
../src/inv_mpu.c:1046:19: error: 'st' undeclared (first use in this function)
     if (i2c_write(st.hw->addr, 0x13, 2, &data[0]))
                   ^
../src/inv_mpu.c: In function 'mpu_set_accel_bias_6050_reg':
../src/inv_mpu.c:1081:19: error: 'st' undeclared (first use in this function)
     if (i2c_write(st.hw->addr, 0x06, 2, &data[0]))
                   ^
../src/inv_mpu.c: In function 'mpu_set_accel_bias_6500_reg':
../src/inv_mpu.c:1120:19: error: 'st' undeclared (first use in this function)
     if (i2c_write(st.hw->addr, 0x77, 2, &data[0]))
                   ^
../src/inv_mpu.c: In function 'mpu_reset_fifo':
../src/inv_mpu.c:1139:11: error: 'st' undeclared (first use in this function)
     if (!(st.chip_cfg.sensors))
src/subdir.mk:39: recipe for target 'src/inv_mpu.o' failed
           ^
../src/inv_mpu.c: In function 'mpu_get_gyro_fsr':
../src/inv_mpu.c:1199:13: error: 'st' undeclared (first use in this function)
     switch (st.chip_cfg.gyro_fsr) {
             ^
../src/inv_mpu.c: In function 'mpu_set_gyro_fsr':
../src/inv_mpu.c:1228:11: error: 'st' undeclared (first use in this function)
     if (!(st.chip_cfg.sensors))
           ^
../src/inv_mpu.c: In function 'mpu_get_accel_fsr':
../src/inv_mpu.c:1263:13: error: 'st' undeclared (first use in this function)
     switch (st.chip_cfg.accel_fsr) {
             ^
../src/inv_mpu.c: In function 'mpu_set_accel_fsr':
../src/inv_mpu.c:1293:11: error: 'st' undeclared (first use in this function)
     if (!(st.chip_cfg.sensors))
           ^
../src/inv_mpu.c: In function 'mpu_get_lpf':
../src/inv_mpu.c:1328:13: error: 'st' undeclared (first use in this function)
     switch (st.chip_cfg.lpf) {
             ^
../src/inv_mpu.c: In function 'mpu_set_lpf':
../src/inv_mpu.c:1366:11: error: 'st' undeclared (first use in this function)
     if (!(st.chip_cfg.sensors))
           ^
../src/inv_mpu.c: In function 'mpu_get_sample_rate':
../src/inv_mpu.c:1397:9: error: 'st' undeclared (first use in this function)
     if (st.chip_cfg.dmp_on)
         ^
../src/inv_mpu.c: In function 'mpu_set_sample_rate':
../src/inv_mpu.c:1414:11: error: 'st' undeclared (first use in this function)
     if (!(st.chip_cfg.sensors))
           ^
../src/inv_mpu.c: In function 'mpu_get_gyro_sens':
../src/inv_mpu.c:1503:13: error: 'st' undeclared (first use in this function)
     switch (st.chip_cfg.gyro_fsr) {
             ^
../src/inv_mpu.c: In function 'mpu_get_accel_sens':
../src/inv_mpu.c:1529:13: error: 'st' undeclared (first use in this function)
     switch (st.chip_cfg.accel_fsr) {
             ^
../src/inv_mpu.c: In function 'mpu_get_fifo_config':
../src/inv_mpu.c:1561:18: error: 'st' undeclared (first use in this function)
     sensors[0] = st.chip_cfg.fifo_enable;
                  ^
../src/inv_mpu.c: In function 'mpu_configure_fifo':
../src/inv_mpu.c:1582:9: error: 'st' undeclared (first use in this function)
     if (st.chip_cfg.dmp_on)
         ^
../src/inv_mpu.c: In function 'mpu_get_power_state':
../src/inv_mpu.c:1618:9: error: 'st' undeclared (first use in this function)
     if (st.chip_cfg.sensors)
         ^
../src/inv_mpu.c: In function 'mpu_set_sensors':
../src/inv_mpu.c:1648:19: error: 'st' undeclared (first use in this function)
     if (i2c_write(st.hw->addr, st.reg->pwr_mgmt_1, 1, &data)) {
                   ^
../src/inv_mpu.c: In function 'mpu_get_int_status':
../src/inv_mpu.c:1715:10: error: 'st' undeclared (first use in this function)
     if (!st.chip_cfg.sensors)
          ^
../src/inv_mpu.c: In function 'mpu_read_fifo':
../src/inv_mpu.c:1749:9: error: 'st' undeclared (first use in this function)
     if (st.chip_cfg.dmp_on)
         ^
../src/inv_mpu.c: In function 'mpu_read_fifo_stream':
../src/inv_mpu.c:1827:10: error: 'st' undeclared (first use in this function)
     if (!st.chip_cfg.dmp_on)
          ^
../src/inv_mpu.c: In function 'mpu_set_bypass':
../src/inv_mpu.c:1864:9: error: 'st' undeclared (first use in this function)
     if (st.chip_cfg.bypass_mode == bypass_on)
         ^
../src/inv_mpu.c: In function 'mpu_set_int_level':
../src/inv_mpu.c:1912:5: error: 'st' undeclared (first use in this function)
     st.chip_cfg.active_low_int = active_low;
     ^
../src/inv_mpu.c: In function 'mpu_set_int_latched':
../src/inv_mpu.c:1925:9: error: 'st' undeclared (first use in this function)
     if (st.chip_cfg.latched_int == enable)
         ^
../src/inv_mpu.c: In function 'get_st_biases':
../src/inv_mpu.c:2091:19: error: 'st' undeclared (first use in this function)
     if (i2c_write(st.hw->addr, st.reg->pwr_mgmt_1, 2, data))
                   ^
../src/inv_mpu.c:2125:19: error: 'test' undeclared (first use in this function)
         data[0] = test.reg_accel_fsr;
                   ^
../src/inv_mpu.c: In function 'mpu_run_self_test':
../src/inv_mpu.c:2702:9: error: 'st' undeclared (first use in this function)
     if (st.chip_cfg.dmp_on) {
         ^
../src/inv_mpu.c: In function 'mpu_write_mem':
../src/inv_mpu.c:2797:10: error: 'st' undeclared (first use in this function)
     if (!st.chip_cfg.sensors)
          ^
../src/inv_mpu.c: In function 'mpu_read_mem':
../src/inv_mpu.c:2830:10: error: 'st' undeclared (first use in this function)
     if (!st.chip_cfg.sensors)
          ^
../src/inv_mpu.c: In function 'mpu_load_firmware':
../src/inv_mpu.c:2864:9: error: 'st' undeclared (first use in this function)
     if (st.chip_cfg.dmp_loaded)
         ^
../src/inv_mpu.c:2871:9: warning: implicit declaration of function 'min' [-Wimplicit-function-declaration]
         this_write = min(LOAD_CHUNK, length - ii);
         ^
../src/inv_mpu.c: In function 'mpu_set_dmp_state':
../src/inv_mpu.c:2899:9: error: 'st' undeclared (first use in this function)
     if (st.chip_cfg.dmp_on == enable)
         ^
../src/inv_mpu.c: In function 'mpu_get_dmp_state':
../src/inv_mpu.c:2937:18: error: 'st' undeclared (first use in this function)
     enabled[0] = st.chip_cfg.dmp_on;
                  ^
../src/inv_mpu.c: In function 'mpu_lp_motion_interrupt':
../src/inv_mpu.c:3184:14: error: 'st' undeclared (first use in this function)
         if (!st.chip_cfg.int_motion_only) {
              ^
../src/inv_mpu.c: At top level:
../src/inv_mpu.c:2083:12: warning: 'get_st_biases' defined but not used [-Wunused-function]
 static int get_st_biases(long *gyro, long *accel, unsigned char hw_test)
            ^
../src/inv_mpu.c: In function 'mpu_read_reg':
../src/inv_mpu.c:710:1: warning: control reaches end of non-void function [-Wreturn-type]
 }
 ^
../src/inv_mpu.c: In function 'mpu_set_sample_rate':
../src/inv_mpu.c:1450:1: warning: control reaches end of non-void function [-Wreturn-type]
 }
 ^
make: *** [src/inv_mpu.o] Error 1
11:56:12 **** Auto Build of configuration Debug for project IndoorLoc ****
make all 
Building file: ../src/inv_mpu.c
Invoking: ARM gcc compiler
arm-xilinx-eabi-gcc -Wall -O0 -g3 -c -fmessage-length=0 -MT"src/inv_mpu.o" -I../../IndoorLoc_bsp/ps7_cortexa9_0/include -MMD -MP -MF"src/inv_mpu.d" -MT"src/inv_mpu.d" -o "src/inv_mpu.o" "../src/inv_mpu.c"
../src/inv_mpu.c:132:2: error: #error Gyro driver is missing the system layer implementations.
 #error  Gyro driver is missing the system layer implementations.
  ^
../src/inv_mpu.c:136:2: error: #error Which gyro are you using? Define MPUxxxx in your compiler options.
 #error  Which gyro are you using? Define MPUxxxx in your compiler options.
  ^
../src/inv_mpu.c:392:1: error: expected identifier before '}' token
 };
 ^
../src/inv_mpu.c: In function 'set_int_enable':
../src/inv_mpu.c:655:9: error: 'st' undeclared (first use in this function)
     if (st.chip_cfg.dmp_on) {
         ^
../src/inv_mpu.c:655:9: note: each undeclared identifier is reported only once for each function it appears in
../src/inv_mpu.c:660:9: warning: implicit declaration of function 'i2c_write' [-Wimplicit-function-declaration]
         if (i2c_write(st.hw->addr, st.reg->int_enable, 1, &tmp))
         ^
../src/inv_mpu.c: In function 'mpu_reg_dump':
../src/inv_mpu.c:688:23: error: 'st' undeclared (first use in this function)
     for (ii = 0; ii < st.hw->num_reg; ii++) {
                       ^
../src/inv_mpu.c:691:9: warning: implicit declaration of function 'i2c_read' [-Wimplicit-function-declaration]
         if (i2c_read(st.hw->addr, ii, 1, &data))
         ^
../src/inv_mpu.c:693:9: warning: implicit declaration of function 'log_i' [-Wimplicit-function-declaration]
         log_i("%#5x: %#5x\r\n", ii, data);
         ^
../src/inv_mpu.c: In function 'mpu_read_reg':
../src/inv_mpu.c:707:16: error: 'st' undeclared (first use in this function)
     if (reg == st.reg->fifo_r_w || reg == st.reg->mem_r_w)
                ^
../src/inv_mpu.c: In function 'mpu_init':
../src/inv_mpu.c:733:19: error: 'st' undeclared (first use in this function)
     if (i2c_write(st.hw->addr, st.reg->pwr_mgmt_1, 1, data))
                   ^
../src/inv_mpu.c:735:5: warning: implicit declaration of function 'delay_ms' [-Wimplicit-function-declaration]
     delay_ms(100);
     ^
../src/inv_mpu.c:789:9: warning: implicit declaration of function 'reg_int_cb' [-Wimplicit-function-declaration]
         reg_int_cb(int_param);
         ^
../src/inv_mpu.c: In function 'mpu_lp_accel_mode':
../src/inv_mpu.c:832:23: error: 'st' undeclared (first use in this function)
         if (i2c_write(st.hw->addr, st.reg->pwr_mgmt_1, 2, tmp))
                       ^
../src/inv_mpu.c: In function 'mpu_get_gyro_reg':
../src/inv_mpu.c:909:11: error: 'st' undeclared (first use in this function)
     if (!(st.chip_cfg.sensors & INV_XYZ_GYRO))
           ^
../src/inv_mpu.c:918:9: warning: implicit declaration of function 'get_ms' [-Wimplicit-function-declaration]
         get_ms(timestamp);
         ^
../src/inv_mpu.c: In function 'mpu_get_accel_reg':
../src/inv_mpu.c:932:11: error: 'st' undeclared (first use in this function)
     if (!(st.chip_cfg.sensors & INV_XYZ_ACCEL))
           ^
../src/inv_mpu.c: In function 'mpu_get_temperature':
../src/inv_mpu.c:956:11: error: 'st' undeclared (first use in this function)
     if (!(st.chip_cfg.sensors))
           ^
../src/inv_mpu.c: In function 'mpu_read_6500_accel_bias':
../src/inv_mpu.c:979:15: error: 'st' undeclared (first use in this function)
  if (i2c_read(st.hw->addr, 0x77, 2, &data[0]))
               ^
../src/inv_mpu.c: In function 'mpu_read_6050_accel_bias':
../src/inv_mpu.c:1001:15: error: 'st' undeclared (first use in this function)
  if (i2c_read(st.hw->addr, 0x06, 2, &data[0]))
               ^
../src/inv_mpu.c: In function 'mpu_read_6500_gyro_bias':
../src/inv_mpu.c:1015:15: error: 'st' undeclared (first use in this function)
  if (i2c_read(st.hw->addr, 0x13, 2, &data[0]))
               ^
../src/inv_mpu.c: In function 'mpu_set_gyro_bias_reg':
../src/inv_mpu.c:1048:19: error: 'st' undeclared (first use in this function)
     if (i2c_write(st.hw->addr, 0x13, 2, &data[0]))
                   ^
../src/inv_mpu.c: In function 'mpu_set_accel_bias_6050_reg':
../src/inv_mpu.c:1083:19: error: 'st' undeclared (first use in this function)
     if (i2c_write(st.hw->addr, 0x06, 2, &data[0]))
                   ^
../src/inv_mpu.c: In function 'mpu_set_accel_bias_6500_reg':
../src/inv_mpu.c:1122:19: error: 'st' undeclared (first use in this function)
     if (i2c_write(st.hw->addr, 0x77, 2, &data[0]))
                   ^
../src/inv_mpu.c: In function 'mpu_reset_fifo':
../src/inv_mpu.c:1141:11: error: 'st' undeclared (first use in this function)
     if (!(st.chip_cfg.sensors))
           ^
../src/inv_mpu.c: In function 'mpu_get_gyro_fsr':
../src/inv_mpu.c:1201:13: error: 'st' undeclared (first use in this function)
     switch (st.chip_cfg.gyro_fsr) {
             ^
../src/inv_mpu.c: In function 'mpu_set_gyro_fsr':
../src/inv_mpu.c:1230:11: error: 'st' undeclared (first use in this function)
     if (!(st.chip_cfg.sensors))
           ^
../src/inv_mpu.c: In function 'mpu_get_accel_fsr':
../src/inv_mpu.c:1265:13: error: 'st' undeclared (first use in this function)
     switch (st.chip_cfg.accel_fsr) {
             ^
../src/inv_mpu.c: In function 'mpu_set_accel_fsr':
../src/inv_mpu.c:1295:11: error: 'st' undeclared (first use in this function)
     if (!(st.chip_cfg.sensors))
           ^
../src/inv_mpu.c: In function 'mpu_get_lpf':
../src/inv_mpu.c:1330:13: error: 'st' undeclared (first use in this function)
     switch (st.chip_cfg.lpf) {
             ^
../src/inv_mpu.c: In function 'mpu_set_lpf':
../src/inv_mpu.c:1368:11: error: 'st' undeclared (first use in this function)
     if (!(st.chip_cfg.sensors))
           ^
../src/inv_mpu.c: In function 'mpu_get_sample_rate':
../src/inv_mpu.c:1399:9: error: 'st' undeclared (first use in this function)
     if (st.chip_cfg.dmp_on)
         ^
../src/inv_mpu.c: In function 'mpu_set_sample_rate':
../src/inv_mpu.c:1416:11: error: 'st' undeclared (first use in this function)
     if (!(st.chip_cfg.sensors))
           ^
../src/inv_mpu.c: In function 'mpu_get_gyro_sens':
../src/inv_mpu.c:1505:13: error: 'st' undeclared (first use in this function)
     switch (st.chip_cfg.gyro_fsr) {
src/subdir.mk:39: recipe for target 'src/inv_mpu.o' failed
             ^
../src/inv_mpu.c: In function 'mpu_get_accel_sens':
../src/inv_mpu.c:1531:13: error: 'st' undeclared (first use in this function)
     switch (st.chip_cfg.accel_fsr) {
             ^
../src/inv_mpu.c: In function 'mpu_get_fifo_config':
../src/inv_mpu.c:1563:18: error: 'st' undeclared (first use in this function)
     sensors[0] = st.chip_cfg.fifo_enable;
                  ^
../src/inv_mpu.c: In function 'mpu_configure_fifo':
../src/inv_mpu.c:1584:9: error: 'st' undeclared (first use in this function)
     if (st.chip_cfg.dmp_on)
         ^
../src/inv_mpu.c: In function 'mpu_get_power_state':
../src/inv_mpu.c:1620:9: error: 'st' undeclared (first use in this function)
     if (st.chip_cfg.sensors)
         ^
../src/inv_mpu.c: In function 'mpu_set_sensors':
../src/inv_mpu.c:1650:19: error: 'st' undeclared (first use in this function)
     if (i2c_write(st.hw->addr, st.reg->pwr_mgmt_1, 1, &data)) {
                   ^
../src/inv_mpu.c: In function 'mpu_get_int_status':
../src/inv_mpu.c:1717:10: error: 'st' undeclared (first use in this function)
     if (!st.chip_cfg.sensors)
          ^
../src/inv_mpu.c: In function 'mpu_read_fifo':
../src/inv_mpu.c:1751:9: error: 'st' undeclared (first use in this function)
     if (st.chip_cfg.dmp_on)
         ^
../src/inv_mpu.c: In function 'mpu_read_fifo_stream':
../src/inv_mpu.c:1829:10: error: 'st' undeclared (first use in this function)
     if (!st.chip_cfg.dmp_on)
          ^
../src/inv_mpu.c: In function 'mpu_set_bypass':
../src/inv_mpu.c:1866:9: error: 'st' undeclared (first use in this function)
     if (st.chip_cfg.bypass_mode == bypass_on)
         ^
../src/inv_mpu.c: In function 'mpu_set_int_level':
../src/inv_mpu.c:1914:5: error: 'st' undeclared (first use in this function)
     st.chip_cfg.active_low_int = active_low;
     ^
../src/inv_mpu.c: In function 'mpu_set_int_latched':
../src/inv_mpu.c:1927:9: error: 'st' undeclared (first use in this function)
     if (st.chip_cfg.latched_int == enable)
         ^
../src/inv_mpu.c: In function 'get_st_biases':
../src/inv_mpu.c:2093:19: error: 'st' undeclared (first use in this function)
     if (i2c_write(st.hw->addr, st.reg->pwr_mgmt_1, 2, data))
                   ^
../src/inv_mpu.c:2127:19: error: 'test' undeclared (first use in this function)
         data[0] = test.reg_accel_fsr;
                   ^
../src/inv_mpu.c: In function 'mpu_run_self_test':
../src/inv_mpu.c:2704:9: error: 'st' undeclared (first use in this function)
     if (st.chip_cfg.dmp_on) {
         ^
../src/inv_mpu.c: In function 'mpu_write_mem':
../src/inv_mpu.c:2799:10: error: 'st' undeclared (first use in this function)
     if (!st.chip_cfg.sensors)
          ^
../src/inv_mpu.c: In function 'mpu_read_mem':
../src/inv_mpu.c:2832:10: error: 'st' undeclared (first use in this function)
     if (!st.chip_cfg.sensors)
          ^
../src/inv_mpu.c: In function 'mpu_load_firmware':
../src/inv_mpu.c:2866:9: error: 'st' undeclared (first use in this function)
     if (st.chip_cfg.dmp_loaded)
         ^
../src/inv_mpu.c:2873:9: warning: implicit declaration of function 'min' [-Wimplicit-function-declaration]
         this_write = min(LOAD_CHUNK, length - ii);
         ^
../src/inv_mpu.c: In function 'mpu_set_dmp_state':
../src/inv_mpu.c:2901:9: error: 'st' undeclared (first use in this function)
     if (st.chip_cfg.dmp_on == enable)
         ^
../src/inv_mpu.c: In function 'mpu_get_dmp_state':
../src/inv_mpu.c:2939:18: error: 'st' undeclared (first use in this function)
     enabled[0] = st.chip_cfg.dmp_on;
                  ^
../src/inv_mpu.c: In function 'mpu_lp_motion_interrupt':
../src/inv_mpu.c:3186:14: error: 'st' undeclared (first use in this function)
         if (!st.chip_cfg.int_motion_only) {
              ^
../src/inv_mpu.c: At top level:
../src/inv_mpu.c:2085:12: warning: 'get_st_biases' defined but not used [-Wunused-function]
 static int get_st_biases(long *gyro, long *accel, unsigned char hw_test)
            ^
../src/inv_mpu.c: In function 'mpu_read_reg':
../src/inv_mpu.c:712:1: warning: control reaches end of non-void function [-Wreturn-type]
 }
 ^
../src/inv_mpu.c: In function 'mpu_set_sample_rate':
../src/inv_mpu.c:1452:1: warning: control reaches end of non-void function [-Wreturn-type]
 }
 ^
make: *** [src/inv_mpu.o] Error 1
12:00:31 **** Auto Build of configuration Debug for project IndoorLoc ****
make all 
Building file: ../src/run.c
Invoking: ARM gcc compiler
arm-xilinx-eabi-gcc -Wall -O0 -g3 -c -fmessage-length=0 -MT"src/run.o" -I../../IndoorLoc_bsp/ps7_cortexa9_0/include -MMD -MP -MF"src/run.d" -MT"src/run.d" -o "src/run.o" "../src/run.c"
In file included from ../src/run.c:54:0:
../src/imu.h:32:0: warning: "MPU9150_SELF_TEST_X" redefined
 #define MPU9150_SELF_TEST_X        0x0F   // R/W
 ^
../src/imu.h:30:0: note: this is the location of the previous definition
 #define MPU9150_SELF_TEST_X        0x0D   // R/W
 ^
Finished building: ../src/run.c
 
Building file: ../src/inv_mpu.c
Invoking: ARM gcc compiler
arm-xilinx-eabi-gcc -Wall -O0 -g3 -c -fmessage-length=0 -MT"src/inv_mpu.o" -I../../IndoorLoc_bsp/ps7_cortexa9_0/include -MMD -MP -MF"src/inv_mpu.d" -MT"src/inv_mpu.d" -o "src/inv_mpu.o" "../src/inv_mpu.c"
../src/inv_mpu.c:132:2: error: #error Gyro driver is missing the system layer implementations.
 #error  Gyro driver is missing the system layer implementations.
  ^
../src/inv_mpu.c:136:2: error: #error Which gyro are you using? Define MPUxxxx in your compiler options.
 #error  Which gyro are you using? Define MPUxxxx in your compiler options.
  ^
../src/inv_mpu.c:392:1: error: expected identifier before '}' token
 };
 ^
../src/inv_mpu.c: In function 'set_int_enable':
../src/inv_mpu.c:655:9: error: 'st' undeclared (first use in this function)
     if (st.chip_cfg.dmp_on) {
         ^
../src/inv_mpu.c:655:9: note: each undeclared identifier is reported only once for each function it appears in
../src/inv_mpu.c:660:9: warning: implicit declaration of function 'i2c_write' [-Wimplicit-function-declaration]
         if (i2c_write(st.hw->addr, st.reg->int_enable, 1, &tmp))
         ^
../src/inv_mpu.c: In function 'mpu_reg_dump':
../src/inv_mpu.c:688:23: error: 'st' undeclared (first use in this function)
     for (ii = 0; ii < st.hw->num_reg; ii++) {
                       ^
../src/inv_mpu.c:691:9: warning: implicit declaration of function 'i2c_read' [-Wimplicit-function-declaration]
         if (i2c_read(st.hw->addr, ii, 1, &data))
         ^
../src/inv_mpu.c:693:9: warning: implicit declaration of function 'log_i' [-Wimplicit-function-declaration]
         log_i("%#5x: %#5x\r\n", ii, data);
         ^
../src/inv_mpu.c: In function 'mpu_read_reg':
../src/inv_mpu.c:707:16: error: 'st' undeclared (first use in this function)
     if (reg == st.reg->fifo_r_w || reg == st.reg->mem_r_w)
                ^
../src/inv_mpu.c: In function 'mpu_init':
../src/inv_mpu.c:733:19: error: 'st' undeclared (first use in this function)
     if (i2c_write(st.hw->addr, st.reg->pwr_mgmt_1, 1, data))
                   ^
../src/inv_mpu.c:735:5: warning: implicit declaration of function 'delay_ms' [-Wimplicit-function-declaration]
     delay_ms(100);
     ^
../src/inv_mpu.c:789:9: warning: implicit declaration of function 'reg_int_cb' [-Wimplicit-function-declaration]
         reg_int_cb(int_param);
         ^
../src/inv_mpu.c: In function 'mpu_lp_accel_mode':
../src/inv_mpu.c:832:23: error: 'st' undeclared (first use in this function)
         if (i2c_write(st.hw->addr, st.reg->pwr_mgmt_1, 2, tmp))
                       ^
../src/inv_mpu.c: In function 'mpu_get_gyro_reg':
../src/inv_mpu.c:909:11: error: 'st' undeclared (first use in this function)
     if (!(st.chip_cfg.sensors & INV_XYZ_GYRO))
           ^
../src/inv_mpu.c:918:9: warning: implicit declaration of function 'get_ms' [-Wimplicit-function-declaration]
         get_ms(timestamp);
         ^
../src/inv_mpu.c: In function 'mpu_get_accel_reg':
../src/inv_mpu.c:932:11: error: 'st' undeclared (first use in this function)
     if (!(st.chip_cfg.sensors & INV_XYZ_ACCEL))
           ^
../src/inv_mpu.c: In function 'mpu_get_temperature':
../src/inv_mpu.c:956:11: error: 'st' undeclared (first use in this function)
     if (!(st.chip_cfg.sensors))
           ^
../src/inv_mpu.c: In function 'mpu_read_6500_accel_bias':
../src/inv_mpu.c:979:15: error: 'st' undeclared (first use in this function)
  if (i2c_read(st.hw->addr, 0x77, 2, &data[0]))
               ^
../src/inv_mpu.c: In function 'mpu_read_6050_accel_bias':
../src/inv_mpu.c:1001:15: error: 'st' undeclared (first use in this function)
  if (i2c_read(st.hw->addr, 0x06, 2, &data[0]))
               ^
../src/inv_mpu.c: In function 'mpu_read_6500_gyro_bias':
../src/inv_mpu.c:1015:15: error: 'st' undeclared (first use in this function)
  if (i2c_read(st.hw->addr, 0x13, 2, &data[0]))
               ^
../src/inv_mpu.c: In function 'mpu_set_gyro_bias_reg':
../src/inv_mpu.c:1048:19: error: 'st' undeclared (first use in this function)
     if (i2c_write(st.hw->addr, 0x13, 2, &data[0]))
                   ^
../src/inv_mpu.c: In function 'mpu_set_accel_bias_6050_reg':
../src/inv_mpu.c:1083:19: error: 'st' undeclared (first use in this function)
     if (i2c_write(st.hw->addr, 0x06, 2, &data[0]))
                   ^
../src/inv_mpu.c: In function 'mpu_set_accel_bias_6500_reg':
../src/inv_mpu.c:1122:19: error: 'st' undeclared (first use in this function)
     if (i2c_write(st.hw->addr, 0x77, 2, &data[0]))
                   ^
../src/inv_mpu.c: In function 'mpu_reset_fifo':
../src/inv_mpu.c:1141:11: error: 'st' undeclared (first use in this function)
     if (!(st.chip_cfg.sensors))
           ^
../src/inv_mpu.c: In function 'mpu_get_gyro_fsr':
../src/inv_mpu.c:1201:13: error: 'st' undeclared (first use in this function)
     switch (st.chip_cfg.gyro_fsr) {
             ^
../src/inv_mpu.c: In function 'mpu_set_gyro_fsr':
../src/inv_mpu.c:1230:11: error: 'st' undeclared (first use in this function)
     if (!(st.chip_cfg.sensors))
           ^
../src/inv_mpu.c: In function 'mpu_get_accel_fsr':
../src/inv_mpu.c:1265:13: error: 'st' undeclared (first use in this function)
     switch (st.chip_cfg.accel_fsr) {
             ^
../src/inv_mpu.c: In function 'mpu_set_accel_fsr':
../src/inv_mpu.c:1295:11: error: 'st' undeclared (first use in this function)
     if (!(st.chip_cfg.sensors))
           ^
../src/inv_mpu.c: In function 'mpu_get_lpf':
../src/inv_mpu.c:1330:13: error: 'st' undeclared (first use in this function)
     switch (st.chip_cfg.lpf) {
             ^
../src/inv_mpu.c: In function 'mpu_set_lpf':
../src/inv_mpu.c:1368:11: error: 'st' undeclared (first use in this function)
     if (!(st.chip_cfg.sensors))
           ^
../src/inv_mpu.c: In function 'mpu_get_sample_rate':
../src/inv_mpu.c:1399:9: error: 'st' undeclared (first use in this function)
     if (st.chip_cfg.dmp_on)
         ^
../src/inv_mpu.c: In function 'mpu_set_sample_rate':
../src/inv_mpu.c:1416:11: error: 'st' undeclared (first use in this function)
     if (!(st.chip_cfg.sensors))
           ^
../src/inv_mpu.c: In function 'mpu_get_gyro_sens':
../src/inv_mpu.c:1505:13: error: 'st' undeclared (first use in this function)
     switch (st.chip_cfg.gyro_fsr) {
             ^
../src/inv_mpu.c: In function 'mpu_get_accel_sens':
../src/inv_mpu.c:1531:13: error: 'st' undeclared (first use in this function)
     switch (st.chip_cfg.accel_fsr) {
             ^
../src/inv_mpu.c: In function 'mpu_get_fifo_config':
../src/inv_mpu.c:1563:18: error: 'st' undeclared (first use in this function)
     sensors[0] = st.chip_cfg.fifo_enable;
                  ^
../src/inv_mpu.c: In function 'mpu_configure_fifo':
../src/inv_mpu.c:1584:9: error: 'st' undeclared (first use in this function)
src/subdir.mk:39: recipe for target 'src/inv_mpu.o' failed
     if (st.chip_cfg.dmp_on)
         ^
../src/inv_mpu.c: In function 'mpu_get_power_state':
../src/inv_mpu.c:1620:9: error: 'st' undeclared (first use in this function)
     if (st.chip_cfg.sensors)
         ^
../src/inv_mpu.c: In function 'mpu_set_sensors':
../src/inv_mpu.c:1650:19: error: 'st' undeclared (first use in this function)
     if (i2c_write(st.hw->addr, st.reg->pwr_mgmt_1, 1, &data)) {
                   ^
../src/inv_mpu.c: In function 'mpu_get_int_status':
../src/inv_mpu.c:1717:10: error: 'st' undeclared (first use in this function)
     if (!st.chip_cfg.sensors)
          ^
../src/inv_mpu.c: In function 'mpu_read_fifo':
../src/inv_mpu.c:1751:9: error: 'st' undeclared (first use in this function)
     if (st.chip_cfg.dmp_on)
         ^
../src/inv_mpu.c: In function 'mpu_read_fifo_stream':
../src/inv_mpu.c:1829:10: error: 'st' undeclared (first use in this function)
     if (!st.chip_cfg.dmp_on)
          ^
../src/inv_mpu.c: In function 'mpu_set_bypass':
../src/inv_mpu.c:1866:9: error: 'st' undeclared (first use in this function)
     if (st.chip_cfg.bypass_mode == bypass_on)
         ^
../src/inv_mpu.c: In function 'mpu_set_int_level':
../src/inv_mpu.c:1914:5: error: 'st' undeclared (first use in this function)
     st.chip_cfg.active_low_int = active_low;
     ^
../src/inv_mpu.c: In function 'mpu_set_int_latched':
../src/inv_mpu.c:1927:9: error: 'st' undeclared (first use in this function)
     if (st.chip_cfg.latched_int == enable)
         ^
../src/inv_mpu.c: In function 'get_st_biases':
../src/inv_mpu.c:2093:19: error: 'st' undeclared (first use in this function)
     if (i2c_write(st.hw->addr, st.reg->pwr_mgmt_1, 2, data))
                   ^
../src/inv_mpu.c:2127:19: error: 'test' undeclared (first use in this function)
         data[0] = test.reg_accel_fsr;
                   ^
../src/inv_mpu.c: In function 'mpu_run_self_test':
../src/inv_mpu.c:2704:9: error: 'st' undeclared (first use in this function)
     if (st.chip_cfg.dmp_on) {
         ^
../src/inv_mpu.c: In function 'mpu_write_mem':
../src/inv_mpu.c:2799:10: error: 'st' undeclared (first use in this function)
     if (!st.chip_cfg.sensors)
          ^
../src/inv_mpu.c: In function 'mpu_read_mem':
../src/inv_mpu.c:2832:10: error: 'st' undeclared (first use in this function)
     if (!st.chip_cfg.sensors)
          ^
../src/inv_mpu.c: In function 'mpu_load_firmware':
../src/inv_mpu.c:2866:9: error: 'st' undeclared (first use in this function)
     if (st.chip_cfg.dmp_loaded)
         ^
../src/inv_mpu.c:2873:9: warning: implicit declaration of function 'min' [-Wimplicit-function-declaration]
         this_write = min(LOAD_CHUNK, length - ii);
         ^
../src/inv_mpu.c: In function 'mpu_set_dmp_state':
../src/inv_mpu.c:2901:9: error: 'st' undeclared (first use in this function)
     if (st.chip_cfg.dmp_on == enable)
         ^
../src/inv_mpu.c: In function 'mpu_get_dmp_state':
../src/inv_mpu.c:2939:18: error: 'st' undeclared (first use in this function)
     enabled[0] = st.chip_cfg.dmp_on;
                  ^
../src/inv_mpu.c: In function 'mpu_lp_motion_interrupt':
../src/inv_mpu.c:3186:14: error: 'st' undeclared (first use in this function)
         if (!st.chip_cfg.int_motion_only) {
              ^
../src/inv_mpu.c: At top level:
../src/inv_mpu.c:2085:12: warning: 'get_st_biases' defined but not used [-Wunused-function]
 static int get_st_biases(long *gyro, long *accel, unsigned char hw_test)
            ^
../src/inv_mpu.c: In function 'mpu_read_reg':
../src/inv_mpu.c:712:1: warning: control reaches end of non-void function [-Wreturn-type]
 }
 ^
../src/inv_mpu.c: In function 'mpu_set_sample_rate':
../src/inv_mpu.c:1452:1: warning: control reaches end of non-void function [-Wreturn-type]
 }
 ^
make: *** [src/inv_mpu.o] Error 1
12:01:25 **** Auto Build of configuration Debug for project IndoorLoc ****
make all 
Building file: ../src/imu.c
Invoking: ARM gcc compiler
arm-xilinx-eabi-gcc -Wall -O0 -g3 -c -fmessage-length=0 -MT"src/imu.o" -I../../IndoorLoc_bsp/ps7_cortexa9_0/include -MMD -MP -MF"src/imu.d" -MT"src/imu.d" -o "src/imu.o" "../src/imu.c"
../src/imu.c:257:5: warning: 'readInt' defined but not used [-Wunused-function]
 int readInt(u32 *DataRead) {
     ^
Finished building: ../src/imu.c
 
Building file: ../src/run.c
Invoking: ARM gcc compiler
arm-xilinx-eabi-gcc -Wall -O0 -g3 -c -fmessage-length=0 -MT"src/run.o" -I../../IndoorLoc_bsp/ps7_cortexa9_0/include -MMD -MP -MF"src/run.d" -MT"src/run.d" -o "src/run.o" "../src/run.c"
Finished building: ../src/run.c
 
Building file: ../src/inv_mpu.c
Invoking: ARM gcc compiler
arm-xilinx-eabi-gcc -Wall -O0 -g3 -c -fmessage-length=0 -MT"src/inv_mpu.o" -I../../IndoorLoc_bsp/ps7_cortexa9_0/include -MMD -MP -MF"src/inv_mpu.d" -MT"src/inv_mpu.d" -o "src/inv_mpu.o" "../src/inv_mpu.c"
../src/inv_mpu.c:132:2: error: #error Gyro driver is missing the system layer implementations.
 #error  Gyro driver is missing the system layer implementations.
  ^
../src/inv_mpu.c:136:2: error: #error Which gyro are you using? Define MPUxxxx in your compiler options.
 #error  Which gyro are you using? Define MPUxxxx in your compiler options.
  ^
../src/inv_mpu.c:392:1: error: expected identifier before '}' token
 };
 ^
../src/inv_mpu.c: In function 'set_int_enable':
../src/inv_mpu.c:655:9: error: 'st' undeclared (first use in this function)
     if (st.chip_cfg.dmp_on) {
         ^
../src/inv_mpu.c:655:9: note: each undeclared identifier is reported only once for each function it appears in
../src/inv_mpu.c:660:9: warning: implicit declaration of function 'i2c_write' [-Wimplicit-function-declaration]
         if (i2c_write(st.hw->addr, st.reg->int_enable, 1, &tmp))
         ^
../src/inv_mpu.c: In function 'mpu_reg_dump':
../src/inv_mpu.c:688:23: error: 'st' undeclared (first use in this function)
     for (ii = 0; ii < st.hw->num_reg; ii++) {
                       ^
../src/inv_mpu.c:691:9: warning: implicit declaration of function 'i2c_read' [-Wimplicit-function-declaration]
         if (i2c_read(st.hw->addr, ii, 1, &data))
         ^
../src/inv_mpu.c:693:9: warning: implicit declaration of function 'log_i' [-Wimplicit-function-declaration]
         log_i("%#5x: %#5x\r\n", ii, data);
         ^
../src/inv_mpu.c: In function 'mpu_read_reg':
../src/inv_mpu.c:707:16: error: 'st' undeclared (first use in this function)
     if (reg == st.reg->fifo_r_w || reg == st.reg->mem_r_w)
                ^
../src/inv_mpu.c: In function 'mpu_init':
../src/inv_mpu.c:733:19: error: 'st' undeclared (first use in this function)
     if (i2c_write(st.hw->addr, st.reg->pwr_mgmt_1, 1, data))
                   ^
../src/inv_mpu.c:735:5: warning: implicit declaration of function 'delay_ms' [-Wimplicit-function-declaration]
     delay_ms(100);
     ^
../src/inv_mpu.c:789:9: warning: implicit declaration of function 'reg_int_cb' [-Wimplicit-function-declaration]
         reg_int_cb(int_param);
         ^
../src/inv_mpu.c: In function 'mpu_lp_accel_mode':
../src/inv_mpu.c:832:23: error: 'st' undeclared (first use in this function)
         if (i2c_write(st.hw->addr, st.reg->pwr_mgmt_1, 2, tmp))
                       ^
../src/inv_mpu.c: In function 'mpu_get_gyro_reg':
../src/inv_mpu.c:909:11: error: 'st' undeclared (first use in this function)
     if (!(st.chip_cfg.sensors & INV_XYZ_GYRO))
           ^
../src/inv_mpu.c:918:9: warning: implicit declaration of function 'get_ms' [-Wimplicit-function-declaration]
         get_ms(timestamp);
         ^
../src/inv_mpu.c: In function 'mpu_get_accel_reg':
../src/inv_mpu.c:932:11: error: 'st' undeclared (first use in this function)
     if (!(st.chip_cfg.sensors & INV_XYZ_ACCEL))
           ^
../src/inv_mpu.c: In function 'mpu_get_temperature':
../src/inv_mpu.c:956:11: error: 'st' undeclared (first use in this function)
     if (!(st.chip_cfg.sensors))
           ^
../src/inv_mpu.c: In function 'mpu_read_6500_accel_bias':
../src/inv_mpu.c:979:15: error: 'st' undeclared (first use in this function)
  if (i2c_read(st.hw->addr, 0x77, 2, &data[0]))
               ^
../src/inv_mpu.c: In function 'mpu_read_6050_accel_bias':
../src/inv_mpu.c:1001:15: error: 'st' undeclared (first use in this function)
  if (i2c_read(st.hw->addr, 0x06, 2, &data[0]))
               ^
../src/inv_mpu.c: In function 'mpu_read_6500_gyro_bias':
../src/inv_mpu.c:1015:15: error: 'st' undeclared (first use in this function)
  if (i2c_read(st.hw->addr, 0x13, 2, &data[0]))
               ^
../src/inv_mpu.c: In function 'mpu_set_gyro_bias_reg':
../src/inv_mpu.c:1048:19: error: 'st' undeclared (first use in this function)
     if (i2c_write(st.hw->addr, 0x13, 2, &data[0]))
                   ^
../src/inv_mpu.c: In function 'mpu_set_accel_bias_6050_reg':
../src/inv_mpu.c:1083:19: error: 'st' undeclared (first use in this function)
     if (i2c_write(st.hw->addr, 0x06, 2, &data[0]))
                   ^
../src/inv_mpu.c: In function 'mpu_set_accel_bias_6500_reg':
../src/inv_mpu.c:1122:19: error: 'st' undeclared (first use in this function)
     if (i2c_write(st.hw->addr, 0x77, 2, &data[0]))
                   ^
../src/inv_mpu.c: In function 'mpu_reset_fifo':
../src/inv_mpu.c:1141:11: error: 'st' undeclared (first use in this function)
     if (!(st.chip_cfg.sensors))
           ^
../src/inv_mpu.c: In function 'mpu_get_gyro_fsr':
../src/inv_mpu.c:1201:13: error: 'st' undeclared (first use in this function)
     switch (st.chip_cfg.gyro_fsr) {
             ^
../src/inv_mpu.c: In function 'mpu_set_gyro_fsr':
../src/inv_mpu.c:1230:11: error: 'st' undeclared (first use in this function)
     if (!(st.chip_cfg.sensors))
           ^
../src/inv_mpu.c: In function 'mpu_get_accel_fsr':
../src/inv_mpu.c:1265:13: error: 'st' undeclared (first use in this function)
     switch (st.chip_cfg.accel_fsr) {
             ^
../src/inv_mpu.c: In function 'mpu_set_accel_fsr':
../src/inv_mpu.c:1295:11: error: 'st' undeclared (first use in this function)
     if (!(st.chip_cfg.sensors))
           ^
../src/inv_mpu.c: In function 'mpu_get_lpf':
../src/inv_mpu.c:1330:13: error: 'st' undeclared (first use in this function)
     switch (st.chip_cfg.lpf) {
             ^
../src/inv_mpu.c: In function 'mpu_set_lpf':
../src/inv_mpu.c:1368:11: error: 'st' undeclared (first use in this function)
     if (!(st.chip_cfg.sensors))
           ^
../src/inv_mpu.c: In function 'mpu_get_sample_rate':
../src/inv_mpu.c:1399:9: error: 'st' undeclared (first use in this function)
     if (st.chip_cfg.dmp_on)
         ^
../src/inv_mpu.c: In function 'mpu_set_sample_rate':
../src/inv_mpu.c:1416:11: error: 'st' undeclared (first use in this function)
     if (!(st.chip_cfg.sensors))
           ^
../src/inv_mpu.c: In function 'mpu_get_gyro_sens':
../src/inv_mpu.c:1505:13: error: 'st' undeclared (first use in this function)
     switch (st.chip_cfg.gyro_fsr) {
             ^
../src/inv_mpu.c: In function 'mpu_get_accel_sens':
../src/inv_mpu.c:1531:13: error: 'st' undeclared (first use in this function)
     switch (st.chip_cfg.accel_fsr) {
             ^
../src/inv_mpu.c: In function 'mpu_get_fifo_config':
../src/inv_mpu.c:1563:18: error: 'st' undeclared (first use in this function)
     sensors[0] = st.chip_cfg.fifo_enable;
                  ^
../src/inv_mpu.c: In function 'mpu_configure_fifo':
../src/inv_mpu.c:1584:9: error: 'st' undeclared (first use in this function)
src/subdir.mk:39: recipe for target 'src/inv_mpu.o' failed
     if (st.chip_cfg.dmp_on)
         ^
../src/inv_mpu.c: In function 'mpu_get_power_state':
../src/inv_mpu.c:1620:9: error: 'st' undeclared (first use in this function)
     if (st.chip_cfg.sensors)
         ^
../src/inv_mpu.c: In function 'mpu_set_sensors':
../src/inv_mpu.c:1650:19: error: 'st' undeclared (first use in this function)
     if (i2c_write(st.hw->addr, st.reg->pwr_mgmt_1, 1, &data)) {
                   ^
../src/inv_mpu.c: In function 'mpu_get_int_status':
../src/inv_mpu.c:1717:10: error: 'st' undeclared (first use in this function)
     if (!st.chip_cfg.sensors)
          ^
../src/inv_mpu.c: In function 'mpu_read_fifo':
../src/inv_mpu.c:1751:9: error: 'st' undeclared (first use in this function)
     if (st.chip_cfg.dmp_on)
         ^
../src/inv_mpu.c: In function 'mpu_read_fifo_stream':
../src/inv_mpu.c:1829:10: error: 'st' undeclared (first use in this function)
     if (!st.chip_cfg.dmp_on)
          ^
../src/inv_mpu.c: In function 'mpu_set_bypass':
../src/inv_mpu.c:1866:9: error: 'st' undeclared (first use in this function)
     if (st.chip_cfg.bypass_mode == bypass_on)
         ^
../src/inv_mpu.c: In function 'mpu_set_int_level':
../src/inv_mpu.c:1914:5: error: 'st' undeclared (first use in this function)
     st.chip_cfg.active_low_int = active_low;
     ^
../src/inv_mpu.c: In function 'mpu_set_int_latched':
../src/inv_mpu.c:1927:9: error: 'st' undeclared (first use in this function)
     if (st.chip_cfg.latched_int == enable)
         ^
../src/inv_mpu.c: In function 'get_st_biases':
../src/inv_mpu.c:2093:19: error: 'st' undeclared (first use in this function)
     if (i2c_write(st.hw->addr, st.reg->pwr_mgmt_1, 2, data))
                   ^
../src/inv_mpu.c:2127:19: error: 'test' undeclared (first use in this function)
         data[0] = test.reg_accel_fsr;
                   ^
../src/inv_mpu.c: In function 'mpu_run_self_test':
../src/inv_mpu.c:2704:9: error: 'st' undeclared (first use in this function)
     if (st.chip_cfg.dmp_on) {
         ^
../src/inv_mpu.c: In function 'mpu_write_mem':
../src/inv_mpu.c:2799:10: error: 'st' undeclared (first use in this function)
     if (!st.chip_cfg.sensors)
          ^
../src/inv_mpu.c: In function 'mpu_read_mem':
../src/inv_mpu.c:2832:10: error: 'st' undeclared (first use in this function)
     if (!st.chip_cfg.sensors)
          ^
../src/inv_mpu.c: In function 'mpu_load_firmware':
../src/inv_mpu.c:2866:9: error: 'st' undeclared (first use in this function)
     if (st.chip_cfg.dmp_loaded)
         ^
../src/inv_mpu.c:2873:9: warning: implicit declaration of function 'min' [-Wimplicit-function-declaration]
         this_write = min(LOAD_CHUNK, length - ii);
         ^
../src/inv_mpu.c: In function 'mpu_set_dmp_state':
../src/inv_mpu.c:2901:9: error: 'st' undeclared (first use in this function)
     if (st.chip_cfg.dmp_on == enable)
         ^
../src/inv_mpu.c: In function 'mpu_get_dmp_state':
../src/inv_mpu.c:2939:18: error: 'st' undeclared (first use in this function)
     enabled[0] = st.chip_cfg.dmp_on;
                  ^
../src/inv_mpu.c: In function 'mpu_lp_motion_interrupt':
../src/inv_mpu.c:3186:14: error: 'st' undeclared (first use in this function)
         if (!st.chip_cfg.int_motion_only) {
              ^
../src/inv_mpu.c: At top level:
../src/inv_mpu.c:2085:12: warning: 'get_st_biases' defined but not used [-Wunused-function]
 static int get_st_biases(long *gyro, long *accel, unsigned char hw_test)
            ^
../src/inv_mpu.c: In function 'mpu_read_reg':
../src/inv_mpu.c:712:1: warning: control reaches end of non-void function [-Wreturn-type]
 }
 ^
../src/inv_mpu.c: In function 'mpu_set_sample_rate':
../src/inv_mpu.c:1452:1: warning: control reaches end of non-void function [-Wreturn-type]
 }
 ^
make: *** [src/inv_mpu.o] Error 1
12:02:33 **** Auto Build of configuration Debug for project IndoorLoc ****
make all 
Building file: ../src/run.c
../src/run.c: In function 'main':
Invoking: ARM gcc compiler
arm-xilinx-eabi-gcc -Wall -O0 -g3 -c -fmessage-length=0 -MT"src/run.o" -I../../IndoorLoc_bsp/ps7_cortexa9_0/include -MMD -MP -MF"src/run.d" -MT"src/run.d" -o "src/run.o" "../src/run.c"
../src/run.c:66:2: error: unknown type name 'u8'
src/subdir.mk:39: recipe for target 'src/run.o' failed
  u8 imuAddr;
  ^
../src/run.c:69:2: error: unknown type name 'u16'
  u16 data_16;
  ^
../src/run.c:72:2: warning: implicit declaration of function 'imuInit' [-Wimplicit-function-declaration]
  status = imuInit(&imuAddr);
  ^
../src/run.c:73:16: error: 'XST_SUCCESS' undeclared (first use in this function)
  if (status != XST_SUCCESS) {
                ^
../src/run.c:73:16: note: each undeclared identifier is reported only once for each function it appears in
../src/run.c:74:3: warning: implicit declaration of function 'xil_printf' [-Wimplicit-function-declaration]
   xil_printf("run.c: Error in IMU Initialization.\n\r");
   ^
../src/run.c:79:2: warning: implicit declaration of function 'imuI2cWrite' [-Wimplicit-function-declaration]
  status = imuI2cWrite(imuAddr, MPU9150_PWR_MGMT_1, sizeof(data), data);
  ^
../src/run.c:79:32: error: 'MPU9150_PWR_MGMT_1' undeclared (first use in this function)
  status = imuI2cWrite(imuAddr, MPU9150_PWR_MGMT_1, sizeof(data), data);
                                ^
../src/run.c:98:3: warning: implicit declaration of function 'readDoubleReg' [-Wimplicit-function-declaration]
   status = readDoubleReg(MPU9150_GYRO_XOUT_H, MPU9150_GYRO_XOUT_L,
   ^
../src/run.c:98:26: error: 'MPU9150_GYRO_XOUT_H' undeclared (first use in this function)
   status = readDoubleReg(MPU9150_GYRO_XOUT_H, MPU9150_GYRO_XOUT_L,
                          ^
../src/run.c:98:47: error: 'MPU9150_GYRO_XOUT_L' undeclared (first use in this function)
   status = readDoubleReg(MPU9150_GYRO_XOUT_H, MPU9150_GYRO_XOUT_L,
                                               ^
../src/run.c:108:26: error: 'MPU9150_ACCEL_XOUT_H' undeclared (first use in this function)
   status = readDoubleReg(MPU9150_ACCEL_XOUT_H, MPU9150_ACCEL_XOUT_L,
                          ^
../src/run.c:108:48: error: 'MPU9150_ACCEL_XOUT_L' undeclared (first use in this function)
   status = readDoubleReg(MPU9150_ACCEL_XOUT_H, MPU9150_ACCEL_XOUT_L,
                                                ^
../src/run.c:118:26: error: 'MPU9150_TEMP_OUT_H' undeclared (first use in this function)
   status = readDoubleReg(MPU9150_TEMP_OUT_H, MPU9150_TEMP_OUT_L,
                          ^
../src/run.c:118:46: error: 'MPU9150_TEMP_OUT_L' undeclared (first use in this function)
   status = readDoubleReg(MPU9150_TEMP_OUT_H, MPU9150_TEMP_OUT_L,
                                              ^
make: *** [src/run.o] Error 1
12:06:24 **** Auto Build of configuration Debug for project IndoorLoc ****
make all 
Building file: ../src/pwmsw.c
Invoking: ARM gcc compiler
arm-xilinx-eabi-gcc -Wall -O0 -g3 -c -fmessage-length=0 -MT"src/pwmsw.o" -I../../IndoorLoc_bsp/ps7_cortexa9_0/include -MMD -MP -MF"src/pwmsw.d" -MT"src/pwmsw.d" -o "src/pwmsw.o" "../src/pwmsw.c"
../src/pwmsw.c: In function 'pwm':
../src/pwmsw.c:63:7: warning: unused variable 'val' [-Wunused-variable]
   u32 val;
       ^
Finished building: ../src/pwmsw.c
 
Building file: ../src/run.c
Invoking: ARM gcc compiler
arm-xilinx-eabi-gcc -Wall -O0 -g3 -c -fmessage-length=0 -MT"src/run.o" -I../../IndoorLoc_bsp/ps7_cortexa9_0/include -MMD -MP -MF"src/run.d" -MT"src/run.d" -o "src/run.o" "../src/run.c"
../src/run.c: In function 'main':
../src/run.c:66:2: error: unknown type name 'u8'
  u8 imuAddr;
  ^
../src/run.c:69:2: error: unknown type name 'u16'
  u16 data_16;
  ^
../src/run.c:72:2: warning: implicit declaration of function 'imuInit' [-Wimplicit-function-declaration]
  status = imuInit(&imuAddr);
  ^
../src/run.c:73:16: error: 'XST_SUCCESS' undeclared (first use in this function)
  if (status != XST_SUCCESS) {
                ^
../src/run.c:73:16: note: each undeclared identifier is reported only once for each function it appears in
../src/run.c:74:3: warning: implicit declaration of function 'xil_printf' [-Wimplicit-function-declaration]
   xil_printf("run.c: Error in IMU Initialization.\n\r");
   ^
../src/run.c:79:2: warning: implicit declaration of function 'imuI2cWrite' [-Wimplicit-function-declaration]
  status = imuI2cWrite(imuAddr, MPU9150_PWR_MGMT_1, sizeof(data), data);
  ^
../src/run.c:79:32: error: 'MPU9150_PWR_MGMT_1' undeclared (first use in this function)
src/subdir.mk:39: recipe for target 'src/run.o' failed
  status = imuI2cWrite(imuAddr, MPU9150_PWR_MGMT_1, sizeof(data), data);
                                ^
../src/run.c:98:3: warning: implicit declaration of function 'readDoubleReg' [-Wimplicit-function-declaration]
   status = readDoubleReg(MPU9150_GYRO_XOUT_H, MPU9150_GYRO_XOUT_L,
   ^
../src/run.c:98:26: error: 'MPU9150_GYRO_XOUT_H' undeclared (first use in this function)
   status = readDoubleReg(MPU9150_GYRO_XOUT_H, MPU9150_GYRO_XOUT_L,
                          ^
../src/run.c:98:47: error: 'MPU9150_GYRO_XOUT_L' undeclared (first use in this function)
   status = readDoubleReg(MPU9150_GYRO_XOUT_H, MPU9150_GYRO_XOUT_L,
                                               ^
../src/run.c:108:26: error: 'MPU9150_ACCEL_XOUT_H' undeclared (first use in this function)
   status = readDoubleReg(MPU9150_ACCEL_XOUT_H, MPU9150_ACCEL_XOUT_L,
                          ^
../src/run.c:108:48: error: 'MPU9150_ACCEL_XOUT_L' undeclared (first use in this function)
   status = readDoubleReg(MPU9150_ACCEL_XOUT_H, MPU9150_ACCEL_XOUT_L,
                                                ^
../src/run.c:118:26: error: 'MPU9150_TEMP_OUT_H' undeclared (first use in this function)
   status = readDoubleReg(MPU9150_TEMP_OUT_H, MPU9150_TEMP_OUT_L,
                          ^
../src/run.c:118:46: error: 'MPU9150_TEMP_OUT_L' undeclared (first use in this function)
   status = readDoubleReg(MPU9150_TEMP_OUT_H, MPU9150_TEMP_OUT_L,
                                              ^
make: *** [src/run.o] Error 1
12:07:09 **** Auto Build of configuration Debug for project IndoorLoc ****
make all 
Building file: ../src/pwmsw.c
Invoking: ARM gcc compiler
arm-xilinx-eabi-gcc -Wall -O0 -g3 -c -fmessage-length=0 -MT"src/pwmsw.o" -I../../IndoorLoc_bsp/ps7_cortexa9_0/include -MMD -MP -MF"src/pwmsw.d" -MT"src/pwmsw.d" -o "src/pwmsw.o" "../src/pwmsw.c"
../src/pwmsw.c: In function 'pwm':
../src/pwmsw.c:63:7: warning: unused variable 'val' [-Wunused-variable]
   u32 val;
       ^
Finished building: ../src/pwmsw.c
 
Building file: ../src/run.c
Invoking: ARM gcc compiler
arm-xilinx-eabi-gcc -Wall -O0 -g3 -c -fmessage-length=0 -MT"src/run.o" -I../../IndoorLoc_bsp/ps7_cortexa9_0/include -MMD -MP -MF"src/run.d" -MT"src/run.d" -o "src/run.o" "../src/run.c"
../src/run.c: In function 'main':
../src/run.c:66:2: error: unknown type name 'u8'
  u8 imuAddr;
  ^
../src/run.c:69:2: error: unknown type name 'u16'
  u16 data_16;
  ^
../src/run.c:72:2: warning: implicit declaration of function 'imuInit' [-Wimplicit-function-declaration]
  status = imuInit(&imuAddr);
  ^
../src/run.c:73:16: error: 'XST_SUCCESS' undeclared (first use in this function)
  if (status != XST_SUCCESS) {
                ^
../src/run.c:73:16: note: each undeclared identifier is reported only once for each function it appears in
../src/run.c:74:3: warning: implicit declaration of function 'xil_printf' [-Wimplicit-function-declaration]
   xil_printf("run.c: Error in IMU Initialization.\n\r");
   ^
../src/run.c:79:2: warning: implicit declaration of function 'imuI2cWrite' [-Wimplicit-function-declaration]
  status = imuI2cWrite(imuAddr, MPU9150_PWR_MGMT_1, sizeof(data), data);
  ^
../src/run.c:79:32: error: 'MPU9150_PWR_MGMT_1' undeclared (first use in this function)
  status = imuI2cWrite(imuAddr, MPU9150_PWR_MGMT_1, sizeof(data), data);
src/subdir.mk:39: recipe for target 'src/run.o' failed
                                ^
../src/run.c:98:3: warning: implicit declaration of function 'readDoubleReg' [-Wimplicit-function-declaration]
   status = readDoubleReg(MPU9150_GYRO_XOUT_H, MPU9150_GYRO_XOUT_L,
   ^
../src/run.c:98:26: error: 'MPU9150_GYRO_XOUT_H' undeclared (first use in this function)
   status = readDoubleReg(MPU9150_GYRO_XOUT_H, MPU9150_GYRO_XOUT_L,
                          ^
../src/run.c:98:47: error: 'MPU9150_GYRO_XOUT_L' undeclared (first use in this function)
   status = readDoubleReg(MPU9150_GYRO_XOUT_H, MPU9150_GYRO_XOUT_L,
                                               ^
../src/run.c:108:26: error: 'MPU9150_ACCEL_XOUT_H' undeclared (first use in this function)
   status = readDoubleReg(MPU9150_ACCEL_XOUT_H, MPU9150_ACCEL_XOUT_L,
                          ^
../src/run.c:108:48: error: 'MPU9150_ACCEL_XOUT_L' undeclared (first use in this function)
   status = readDoubleReg(MPU9150_ACCEL_XOUT_H, MPU9150_ACCEL_XOUT_L,
                                                ^
../src/run.c:118:26: error: 'MPU9150_TEMP_OUT_H' undeclared (first use in this function)
   status = readDoubleReg(MPU9150_TEMP_OUT_H, MPU9150_TEMP_OUT_L,
                          ^
../src/run.c:118:46: error: 'MPU9150_TEMP_OUT_L' undeclared (first use in this function)
   status = readDoubleReg(MPU9150_TEMP_OUT_H, MPU9150_TEMP_OUT_L,
                                              ^
make: *** [src/run.o] Error 1
12:07:37 **** Auto Build of configuration Debug for project IndoorLoc ****
make all 
Building file: ../src/run.c
Invoking: ARM gcc compiler
arm-xilinx-eabi-gcc -Wall -O0 -g3 -c -fmessage-length=0 -MT"src/run.o" -I../../IndoorLoc_bsp/ps7_cortexa9_0/include -MMD -MP -MF"src/run.d" -MT"src/run.d" -o "src/run.o" "../src/run.c"
Finished building: ../src/run.c
 
Building file: ../src/inv_mpu.c
Invoking: ARM gcc compiler
arm-xilinx-eabi-gcc -Wall -O0 -g3 -c -fmessage-length=0 -MT"src/inv_mpu.o" -I../../IndoorLoc_bsp/ps7_cortexa9_0/include -MMD -MP -MF"src/inv_mpu.d" -MT"src/inv_mpu.d" -o "src/inv_mpu.o" "../src/inv_mpu.c"
../src/inv_mpu.c:132:2: error: #error Gyro driver is missing the system layer implementations.
 #error  Gyro driver is missing the system layer implementations.
  ^
../src/inv_mpu.c:136:2: error: #error Which gyro are you using? Define MPUxxxx in your compiler options.
 #error  Which gyro are you using? Define MPUxxxx in your compiler options.
  ^
../src/inv_mpu.c:392:1: error: expected identifier before '}' token
 };
 ^
../src/inv_mpu.c: In function 'set_int_enable':
../src/inv_mpu.c:655:9: error: 'st' undeclared (first use in this function)
     if (st.chip_cfg.dmp_on) {
         ^
../src/inv_mpu.c:655:9: note: each undeclared identifier is reported only once for each function it appears in
../src/inv_mpu.c:660:9: warning: implicit declaration of function 'i2c_write' [-Wimplicit-function-declaration]
         if (i2c_write(st.hw->addr, st.reg->int_enable, 1, &tmp))
         ^
../src/inv_mpu.c: In function 'mpu_reg_dump':
../src/inv_mpu.c:688:23: error: 'st' undeclared (first use in this function)
     for (ii = 0; ii < st.hw->num_reg; ii++) {
                       ^
../src/inv_mpu.c:691:9: warning: implicit declaration of function 'i2c_read' [-Wimplicit-function-declaration]
         if (i2c_read(st.hw->addr, ii, 1, &data))
         ^
../src/inv_mpu.c:693:9: warning: implicit declaration of function 'log_i' [-Wimplicit-function-declaration]
         log_i("%#5x: %#5x\r\n", ii, data);
         ^
../src/inv_mpu.c: In function 'mpu_read_reg':
../src/inv_mpu.c:707:16: error: 'st' undeclared (first use in this function)
     if (reg == st.reg->fifo_r_w || reg == st.reg->mem_r_w)
                ^
../src/inv_mpu.c: In function 'mpu_init':
../src/inv_mpu.c:733:19: error: 'st' undeclared (first use in this function)
     if (i2c_write(st.hw->addr, st.reg->pwr_mgmt_1, 1, data))
                   ^
../src/inv_mpu.c:735:5: warning: implicit declaration of function 'delay_ms' [-Wimplicit-function-declaration]
     delay_ms(100);
     ^
../src/inv_mpu.c:789:9: warning: implicit declaration of function 'reg_int_cb' [-Wimplicit-function-declaration]
         reg_int_cb(int_param);
         ^
../src/inv_mpu.c: In function 'mpu_lp_accel_mode':
../src/inv_mpu.c:832:23: error: 'st' undeclared (first use in this function)
         if (i2c_write(st.hw->addr, st.reg->pwr_mgmt_1, 2, tmp))
                       ^
../src/inv_mpu.c: In function 'mpu_get_gyro_reg':
../src/inv_mpu.c:909:11: error: 'st' undeclared (first use in this function)
     if (!(st.chip_cfg.sensors & INV_XYZ_GYRO))
           ^
../src/inv_mpu.c:918:9: warning: implicit declaration of function 'get_ms' [-Wimplicit-function-declaration]
         get_ms(timestamp);
         ^
../src/inv_mpu.c: In function 'mpu_get_accel_reg':
../src/inv_mpu.c:932:11: error: 'st' undeclared (first use in this function)
     if (!(st.chip_cfg.sensors & INV_XYZ_ACCEL))
           ^
../src/inv_mpu.c: In function 'mpu_get_temperature':
../src/inv_mpu.c:956:11: error: 'st' undeclared (first use in this function)
     if (!(st.chip_cfg.sensors))
           ^
../src/inv_mpu.c: In function 'mpu_read_6500_accel_bias':
../src/inv_mpu.c:979:15: error: 'st' undeclared (first use in this function)
  if (i2c_read(st.hw->addr, 0x77, 2, &data[0]))
               ^
../src/inv_mpu.c: In function 'mpu_read_6050_accel_bias':
../src/inv_mpu.c:1001:15: error: 'st' undeclared (first use in this function)
  if (i2c_read(st.hw->addr, 0x06, 2, &data[0]))
               ^
../src/inv_mpu.c: In function 'mpu_read_6500_gyro_bias':
../src/inv_mpu.c:1015:15: error: 'st' undeclared (first use in this function)
  if (i2c_read(st.hw->addr, 0x13, 2, &data[0]))
               ^
../src/inv_mpu.c: In function 'mpu_set_gyro_bias_reg':
../src/inv_mpu.c:1048:19: error: 'st' undeclared (first use in this function)
     if (i2c_write(st.hw->addr, 0x13, 2, &data[0]))
                   ^
../src/inv_mpu.c: In function 'mpu_set_accel_bias_6050_reg':
../src/inv_mpu.c:1083:19: error: 'st' undeclared (first use in this function)
     if (i2c_write(st.hw->addr, 0x06, 2, &data[0]))
                   ^
../src/inv_mpu.c: In function 'mpu_set_accel_bias_6500_reg':
../src/inv_mpu.c:1122:19: error: 'st' undeclared (first use in this function)
     if (i2c_write(st.hw->addr, 0x77, 2, &data[0]))
                   ^
../src/inv_mpu.c: In function 'mpu_reset_fifo':
../src/inv_mpu.c:1141:11: error: 'st' undeclared (first use in this function)
     if (!(st.chip_cfg.sensors))
           ^
../src/inv_mpu.c: In function 'mpu_get_gyro_fsr':
../src/inv_mpu.c:1201:13: error: 'st' undeclared (first use in this function)
     switch (st.chip_cfg.gyro_fsr) {
             ^
../src/inv_mpu.c: In function 'mpu_set_gyro_fsr':
../src/inv_mpu.c:1230:11: error: 'st' undeclared (first use in this function)
     if (!(st.chip_cfg.sensors))
           ^
../src/inv_mpu.c: In function 'mpu_get_accel_fsr':
../src/inv_mpu.c:1265:13: error: 'st' undeclared (first use in this function)
     switch (st.chip_cfg.accel_fsr) {
             ^
../src/inv_mpu.c: In function 'mpu_set_accel_fsr':
../src/inv_mpu.c:1295:11: error: 'st' undeclared (first use in this function)
     if (!(st.chip_cfg.sensors))
           ^
../src/inv_mpu.c: In function 'mpu_get_lpf':
../src/inv_mpu.c:1330:13: error: 'st' undeclared (first use in this function)
     switch (st.chip_cfg.lpf) {
             ^
../src/inv_mpu.c: In function 'mpu_set_lpf':
../src/inv_mpu.c:1368:11: error: 'st' undeclared (first use in this function)
     if (!(st.chip_cfg.sensors))
           ^
../src/inv_mpu.c: In function 'mpu_get_sample_rate':
../src/inv_mpu.c:1399:9: error: 'st' undeclared (first use in this function)
     if (st.chip_cfg.dmp_on)
         ^
../src/inv_mpu.c: In function 'mpu_set_sample_rate':
../src/inv_mpu.c:1416:11: error: 'st' undeclared (first use in this function)
     if (!(st.chip_cfg.sensors))
           ^
../src/inv_mpu.c: In function 'mpu_get_gyro_sens':
../src/inv_mpu.c:1505:13: error: 'st' undeclared (first use in this function)
     switch (st.chip_cfg.gyro_fsr) {
             ^
../src/inv_mpu.c: In function 'mpu_get_accel_sens':
../src/inv_mpu.c:1531:13: error: 'st' undeclared (first use in this function)
     switch (st.chip_cfg.accel_fsr) {
             ^
../src/inv_mpu.c: In function 'mpu_get_fifo_config':
../src/inv_mpu.c:1563:18: error: 'st' undeclared (first use in this function)
     sensors[0] = st.chip_cfg.fifo_enable;
                  ^
../src/inv_mpu.c: In function 'mpu_configure_fifo':
../src/inv_mpu.c:1584:9: error: 'st' undeclared (first use in this function)
     if (st.chip_cfg.dmp_on)
         ^
../src/inv_mpu.c: In function 'mpu_get_power_state':
../src/inv_mpu.c:1620:9: error: 'st' undeclared (first use in this function)
     if (st.chip_cfg.sensors)
         ^
../src/inv_mpu.c: In function 'mpu_set_sensors':
../src/inv_mpu.c:1650:19: error: 'st' undeclared (first use in this function)
     if (i2c_write(st.hw->addr, st.reg->pwr_mgmt_1, 1, &data)) {
                   ^
../src/inv_mpu.c: In function 'mpu_get_int_status':
../src/inv_mpu.c:1717:10: error: 'st' undeclared (first use in this function)
     if (!st.chip_cfg.sensors)
          ^
../src/inv_mpu.c: In function 'mpu_read_fifo':
../src/inv_mpu.c:1751:9: error: 'st' undeclared (first use in this function)
     if (st.chip_cfg.dmp_on)
         ^
../src/inv_mpu.c: In function 'mpu_read_fifo_stream':
../src/inv_mpu.c:1829:10: error: 'st' undeclared (first use in this function)
     if (!st.chip_cfg.dmp_on)
          ^
../src/inv_mpu.c: In function 'mpu_set_bypass':
../src/inv_mpu.c:1866:9: error: 'st' undeclared (first use in this function)
     if (st.chip_cfg.bypass_mode == bypass_on)
         ^
../src/inv_mpu.c: In function 'mpu_set_int_level':
../src/inv_mpu.c:1914:5: error: 'st' undeclared (first use in this function)
     st.chip_cfg.active_low_int = active_low;
src/subdir.mk:39: recipe for target 'src/inv_mpu.o' failed
     ^
../src/inv_mpu.c: In function 'mpu_set_int_latched':
[...]
../src/run.c:67:6: warning: unused variable 'data_16' [-Wunused-variable]
  u16 data_16;
      ^
Finished building: ../src/run.c
 
Building target: IndoorLoc.elf
Invoking: ARM gcc linker
arm-xilinx-eabi-gcc -Wl,-T -Wl,../src/lscript.ld -L../../IndoorLoc_bsp/ps7_cortexa9_0/lib -o "IndoorLoc.elf"  ./src/iicTest.o ./src/iic_utils.o ./src/imu.o ./src/inv_mpu.o ./src/platform.o ./src/pwmsw.o ./src/run.o   -Wl,--start-group,-lxil,-lgcc,-lc,--end-group
Finished building target: IndoorLoc.elf
 
Invoking: ARM Print Size
arm-xilinx-eabi-size IndoorLoc.elf  |tee "IndoorLoc.elf.size"
   text	   data	    bss	    dec	    hex	filename
 104572	   2400	  22748	 129720	  1fab8	IndoorLoc.elf
Finished building: IndoorLoc.elf.size
 
14:59:27 **** Incremental Build of configuration Debug for project IndoorLoc ****
make all 
make: Nothing to be done for 'all'.
15:01:10 **** Auto Build of configuration Debug for project IndoorLoc ****
make all 
Building file: ../src/run.c
Invoking: ARM gcc compiler
arm-xilinx-eabi-gcc -Wall -O0 -g3 -c -fmessage-length=0 -MT"src/run.o" -I../../IndoorLoc_bsp/ps7_cortexa9_0/include -MMD -MP -MF"src/run.d" -MT"src/run.d" -o "src/run.o" "../src/run.c"
../src/run.c: In function 'main':
../src/run.c:67:6: warning: unused variable 'data_16' [-Wunused-variable]
  u16 data_16;
      ^
Finished building: ../src/run.c
 
Building target: IndoorLoc.elf
Invoking: ARM gcc linker
arm-xilinx-eabi-gcc -Wl,-T -Wl,../src/lscript.ld -L../../IndoorLoc_bsp/ps7_cortexa9_0/lib -o "IndoorLoc.elf"  ./src/iicTest.o ./src/iic_utils.o ./src/imu.o ./src/inv_mpu.o ./src/platform.o ./src/pwmsw.o ./src/run.o   -Wl,--start-group,-lxil,-lgcc,-lc,--end-group
Finished building target: IndoorLoc.elf
 
Invoking: ARM Print Size
arm-xilinx-eabi-size IndoorLoc.elf  |tee "IndoorLoc.elf.size"
   text	   data	    bss	    dec	    hex	filename
 104572	   2400	  22748	 129720	  1fab8	IndoorLoc.elf
Finished building: IndoorLoc.elf.size
 
15:01:11 **** Incremental Build of configuration Debug for project IndoorLoc ****
make all 
make: Nothing to be done for 'all'.
15:02:01 **** Auto Build of configuration Debug for project IndoorLoc ****
make all 
Building file: ../src/run.c
Invoking: ARM gcc compiler
arm-xilinx-eabi-gcc -Wall -O0 -g3 -c -fmessage-length=0 -MT"src/run.o" -I../../IndoorLoc_bsp/ps7_cortexa9_0/include -MMD -MP -MF"src/run.d" -MT"src/run.d" -o "src/run.o" "../src/run.c"
../src/run.c: In function 'main':
../src/run.c:67:6: warning: unused variable 'data_16' [-Wunused-variable]
  u16 data_16;
      ^
Finished building: ../src/run.c
 
Building target: IndoorLoc.elf
Invoking: ARM gcc linker
arm-xilinx-eabi-gcc -Wl,-T -Wl,../src/lscript.ld -L../../IndoorLoc_bsp/ps7_cortexa9_0/lib -o "IndoorLoc.elf"  ./src/iicTest.o ./src/iic_utils.o ./src/imu.o ./src/inv_mpu.o ./src/platform.o ./src/pwmsw.o ./src/run.o   -Wl,--start-group,-lxil,-lgcc,-lc,--end-group
Finished building target: IndoorLoc.elf
 
Invoking: ARM Print Size
arm-xilinx-eabi-size IndoorLoc.elf  |tee "IndoorLoc.elf.size"
   text	   data	    bss	    dec	    hex	filename
 104580	   2400	  22748	 129728	  1fac0	IndoorLoc.elf
Finished building: IndoorLoc.elf.size
 
15:02:03 **** Incremental Build of configuration Debug for project IndoorLoc ****
make all 
make: Nothing to be done for 'all'.
15:15:23 **** Auto Build of configuration Debug for project IndoorLoc ****
make all 
Building file: ../src/run.c
Invoking: ARM gcc compiler
arm-xilinx-eabi-gcc -Wall -O0 -g3 -c -fmessage-length=0 -MT"src/run.o" -I../../IndoorLoc_bsp/ps7_cortexa9_0/include -MMD -MP -MF"src/run.d" -MT"src/run.d" -o "src/run.o" "../src/run.c"
../src/run.c: In function 'main':
../src/run.c:108:25: error: subscripted value is neither array nor pointer nor vector
    printf("%d", gyrodata[i]);
                         ^
../src/run.c:124:24: error: subscripted value is neither array nor pointer nor vector
    printf("%d", accdata[i]);
                        ^
../src/run.c:140:28: error: subscripted value is neither array nor pointer nor vector
    printf("%d", compassdata[i]);
                            ^
../src/run.c:156:2: error: expected expression before '|' token
  | Acc: 0x%x | Compass: %d / %d / %d | Temp: %fC \n\r", gyrodata, accdata, compassdata, tempdata/65536.0 );
  ^
../src/run.c:156:9: error: invalid suffix "x" on integer constant
  | Acc: 0x%x | Compass: %d / %d / %d | Temp: %fC \n\r", gyrodata, accdata, compassdata, tempdata/65536.0 );
         ^
../src/run.c:156:2: error: stray '\' in program
  | Acc: 0x%x | Compass: %d / %d / %d | Temp: %fC \n\r", gyrodata, accdata, compassdata, tempdata/65536.0 );
  ^
../src/run.c:156:2: error: stray '\' in program
../src/run.c:156:54: warning: missing terminating " character
  | Acc: 0x%x | Compass: %d / %d / %d | Temp: %fC \n\r", gyrodata, accdata, compassdata, tempdata/65536.0 );
                                                      ^
../src/run.c:156:2: error: missing terminating " character
  | Acc: 0x%x | Compass: %d / %d / %d | Temp: %fC \n\r", gyrodata, accdata, compassdata, tempdata/65536.0 );
  ^
../src/run.c:67:6: warning: unused variable 'data_16' [-Wunused-variable]
  u16 data_16;
      ^
src/subdir.mk:39: recipe for target 'src/run.o' failed
make: *** [src/run.o] Error 1
15:15:29 **** Auto Build of configuration Debug for project IndoorLoc ****
make all 
Building file: ../src/run.c
Invoking: ARM gcc compiler
arm-xilinx-eabi-gcc -Wall -O0 -g3 -c -fmessage-length=0 -MT"src/run.o" -I../../IndoorLoc_bsp/ps7_cortexa9_0/include -MMD -MP -MF"src/run.d" -MT"src/run.d" -o "src/run.o" "../src/run.c"
../src/run.c: In function 'main':
../src/run.c:108:25: error: subscripted value is neither array nor pointer nor vector
    printf("%d", gyrodata[i]);
                         ^
../src/run.c:124:24: error: subscripted value is neither array nor pointer nor vector
    printf("%d", accdata[i]);
                        ^
../src/run.c:140:28: error: subscripted value is neither array nor pointer nor vector
    printf("%d", compassdata[i]);
                            ^
../src/run.c:67:6: warning: unused variable 'data_16' [-Wunused-variable]
  u16 data_16;
      ^
src/subdir.mk:39: recipe for target 'src/run.o' failed
make: *** [src/run.o] Error 1
15:15:31 **** Incremental Build of configuration Debug for project IndoorLoc ****
make all 
Building file: ../src/run.c
Invoking: ARM gcc compiler
arm-xilinx-eabi-gcc -Wall -O0 -g3 -c -fmessage-length=0 -MT"src/run.o" -I../../IndoorLoc_bsp/ps7_cortexa9_0/include -MMD -MP -MF"src/run.d" -MT"src/run.d" -o "src/run.o" "../src/run.c"
../src/run.c: In function 'main':
../src/run.c:108:25: error: subscripted value is neither array nor pointer nor vector
    printf("%d", gyrodata[i]);
                         ^
../src/run.c:124:24: error: subscripted value is neither array nor pointer nor vector
    printf("%d", accdata[i]);
                        ^
../src/run.c:140:28: error: subscripted value is neither array nor pointer nor vector
    printf("%d", compassdata[i]);
                            ^
../src/run.c:67:6: warning: unused variable 'data_16' [-Wunused-variable]
  u16 data_16;
      ^
src/subdir.mk:39: recipe for target 'src/run.o' failed
make: *** [src/run.o] Error 1
15:19:30 **** Auto Build of configuration Debug for project IndoorLoc ****
make all 
Building file: ../src/run.c
Invoking: ARM gcc compiler
arm-xilinx-eabi-gcc -Wall -O0 -g3 -c -fmessage-length=0 -MT"src/run.o" -I../../IndoorLoc_bsp/ps7_cortexa9_0/include -MMD -MP -MF"src/run.d" -MT"src/run.d" -o "src/run.o" "../src/run.c"
../src/run.c: In function 'main':
../src/run.c:128:24: error: subscripted value is neither array nor pointer nor vector
    printf("%d", accdata[i]);
                        ^
../src/run.c:144:28: error: subscripted value is neither array nor pointer nor vector
    printf("%d", compassdata[i]);
src/subdir.mk:39: recipe for target 'src/run.o' failed
                            ^
../src/run.c:94:57: warning: unused variable 'compass' [-Wunused-variable]
  short gyrodata, accdata, compassdata, gyro[3], acc[3], compass[3];
                                                         ^
../src/run.c:94:49: warning: unused variable 'acc' [-Wunused-variable]
  short gyrodata, accdata, compassdata, gyro[3], acc[3], compass[3];
                                                 ^
../src/run.c:67:6: warning: unused variable 'data_16' [-Wunused-variable]
  u16 data_16;
      ^
make: *** [src/run.o] Error 1
15:20:41 **** Auto Build of configuration Debug for project IndoorLoc ****
make all 
Building file: ../src/run.c
Invoking: ARM gcc compiler
arm-xilinx-eabi-gcc -Wall -O0 -g3 -c -fmessage-length=0 -MT"src/run.o" -I../../IndoorLoc_bsp/ps7_cortexa9_0/include -MMD -MP -MF"src/run.d" -MT"src/run.d" -o "src/run.o" "../src/run.c"
../src/run.c: In function 'main':
../src/run.c:143:28: error: subscripted value is neither array nor pointer nor vector
    printf("%d", compassdata[i]);
                            ^
../src/run.c:94:51: warning: unused variable 'compass' [-Wunused-variable]
  short gyrodata, accdata, compassdata, gyro, acc, compass;
                                                   ^
../src/run.c:67:6: warning: unused variable 'data_16' [-Wunused-variable]
  u16 data_16;
      ^
make: *** [src/run.o] Error 1
src/subdir.mk:39: recipe for target 'src/run.o' failed
15:21:04 **** Auto Build of configuration Debug for project IndoorLoc ****
make all 
Building file: ../src/run.c
Invoking: ARM gcc compiler
arm-xilinx-eabi-gcc -Wall -O0 -g3 -c -fmessage-length=0 -MT"src/run.o" -I../../IndoorLoc_bsp/ps7_cortexa9_0/include -MMD -MP -MF"src/run.d" -MT"src/run.d" -o "src/run.o" "../src/run.c"
../src/run.c: In function 'main':
../src/run.c:144:24: error: subscripted value is neither array nor pointer nor vector
    printf("%d", compass[i]);
                        ^
../src/run.c:94:51: warning: variable 'compass' set but not used [-Wunused-but-set-variable]
  short gyrodata, accdata, compassdata, gyro, acc, compass;
                                                   ^
../src/run.c:67:6: warning: unused variable 'data_16' [-Wunused-variable]
  u16 data_16;
      ^
src/subdir.mk:39: recipe for target 'src/run.o' failed
make: *** [src/run.o] Error 1
15:21:10 **** Auto Build of configuration Debug for project IndoorLoc ****
make all 
Building file: ../src/run.c
Invoking: ARM gcc compiler
arm-xilinx-eabi-gcc -Wall -O0 -g3 -c -fmessage-length=0 -MT"src/run.o" -I../../IndoorLoc_bsp/ps7_cortexa9_0/include -MMD -MP -MF"src/run.d" -MT"src/run.d" -o "src/run.o" "../src/run.c"
../src/run.c: In function 'main':
../src/run.c:67:6: warning: unused variable 'data_16' [-Wunused-variable]
  u16 data_16;
      ^
Finished building: ../src/run.c
 
Building target: IndoorLoc.elf
Invoking: ARM gcc linker
arm-xilinx-eabi-gcc -Wl,-T -Wl,../src/lscript.ld -L../../IndoorLoc_bsp/ps7_cortexa9_0/lib -o "IndoorLoc.elf"  ./src/iicTest.o ./src/iic_utils.o ./src/imu.o ./src/inv_mpu.o ./src/platform.o ./src/pwmsw.o ./src/run.o   -Wl,--start-group,-lxil,-lgcc,-lc,--end-group
Finished building target: IndoorLoc.elf
 
Invoking: ARM Print Size
arm-xilinx-eabi-size IndoorLoc.elf  |tee "IndoorLoc.elf.size"
   text	   data	    bss	    dec	    hex	filename
 104956	   2400	  22748	 130104	  1fc38	IndoorLoc.elf
Finished building: IndoorLoc.elf.size
 
15:21:32 **** Incremental Build of configuration Debug for project IndoorLoc ****
make all 
make: Nothing to be done for 'all'.
15:21:59 **** Incremental Build of configuration Debug for project IndoorLoc ****
make all 
make: Nothing to be done for 'all'.
15:22:17 **** Incremental Build of configuration Debug for project IndoorLoc ****
make all 
make: Nothing to be done for 'all'.
15:26:15 **** Auto Build of configuration Debug for project IndoorLoc ****
make all 
Building file: ../src/run.c
Invoking: ARM gcc compiler
arm-xilinx-eabi-gcc -Wall -O0 -g3 -c -fmessage-length=0 -MT"src/run.o" -I../../IndoorLoc_bsp/ps7_cortexa9_0/include -MMD -MP -MF"src/run.d" -MT"src/run.d" -o "src/run.o" "../src/run.c"
../src/run.c: In function 'main':
../src/run.c:67:6: warning: unused variable 'data_16' [-Wunused-variable]
  u16 data_16;
      ^
Finished building: ../src/run.c
 
Building target: IndoorLoc.elf
Invoking: ARM gcc linker
arm-xilinx-eabi-gcc -Wl,-T -Wl,../src/lscript.ld -L../../IndoorLoc_bsp/ps7_cortexa9_0/lib -o "IndoorLoc.elf"  ./src/iicTest.o ./src/iic_utils.o ./src/imu.o ./src/inv_mpu.o ./src/platform.o ./src/pwmsw.o ./src/run.o   -Wl,--start-group,-lxil,-lgcc,-lc,--end-group
Finished building target: IndoorLoc.elf
 
Invoking: ARM Print Size
arm-xilinx-eabi-size IndoorLoc.elf  |tee "IndoorLoc.elf.size"
   text	   data	    bss	    dec	    hex	filename
 104956	   2400	  22748	 130104	  1fc38	IndoorLoc.elf
Finished building: IndoorLoc.elf.size
 
15:29:10 **** Auto Build of configuration Debug for project IndoorLoc ****
make all 
Building file: ../src/run.c
Invoking: ARM gcc compiler
arm-xilinx-eabi-gcc -Wall -O0 -g3 -c -fmessage-length=0 -MT"src/run.o" -I../../IndoorLoc_bsp/ps7_cortexa9_0/include -MMD -MP -MF"src/run.d" -MT"src/run.d" -o "src/run.o" "../src/run.c"
../src/run.c: In function 'main':
../src/run.c:67:6: warning: unused variable 'data_16' [-Wunused-variable]
  u16 data_16;
      ^
Finished building: ../src/run.c
 
Building target: IndoorLoc.elf
Invoking: ARM gcc linker
arm-xilinx-eabi-gcc -Wl,-T -Wl,../src/lscript.ld -L../../IndoorLoc_bsp/ps7_cortexa9_0/lib -o "IndoorLoc.elf"  ./src/iicTest.o ./src/iic_utils.o ./src/imu.o ./src/inv_mpu.o ./src/platform.o ./src/pwmsw.o ./src/run.o   -Wl,--start-group,-lxil,-lgcc,-lc,--end-group
Finished building target: IndoorLoc.elf
 
Invoking: ARM Print Size
arm-xilinx-eabi-size IndoorLoc.elf  |tee "IndoorLoc.elf.size"
   text	   data	    bss	    dec	    hex	filename
 104892	   2400	  22748	 130040	  1fbf8	IndoorLoc.elf
Finished building: IndoorLoc.elf.size
 
15:29:11 **** Incremental Build of configuration Debug for project IndoorLoc ****
make all 
make: Nothing to be done for 'all'.
15:30:38 **** Incremental Build of configuration Debug for project IndoorLoc ****
make all 
make: Nothing to be done for 'all'.
15:31:05 **** Auto Build of configuration Debug for project IndoorLoc ****
make all 
Building file: ../src/run.c
Invoking: ARM gcc compiler
arm-xilinx-eabi-gcc -Wall -O0 -g3 -c -fmessage-length=0 -MT"src/run.o" -I../../IndoorLoc_bsp/ps7_cortexa9_0/include -MMD -MP -MF"src/run.d" -MT"src/run.d" -o "src/run.o" "../src/run.c"
../src/run.c: In function 'main':
../src/run.c:67:6: warning: unused variable 'data_16' [-Wunused-variable]
  u16 data_16;
      ^
Finished building: ../src/run.c
 
Building target: IndoorLoc.elf
Invoking: ARM gcc linker
arm-xilinx-eabi-gcc -Wl,-T -Wl,../src/lscript.ld -L../../IndoorLoc_bsp/ps7_cortexa9_0/lib -o "IndoorLoc.elf"  ./src/iicTest.o ./src/iic_utils.o ./src/imu.o ./src/inv_mpu.o ./src/platform.o ./src/pwmsw.o ./src/run.o   -Wl,--start-group,-lxil,-lgcc,-lc,--end-group
Finished building target: IndoorLoc.elf
 
Invoking: ARM Print Size
arm-xilinx-eabi-size IndoorLoc.elf  |tee "IndoorLoc.elf.size"
   text	   data	    bss	    dec	    hex	filename
 104972	   2400	  22748	 130120	  1fc48	IndoorLoc.elf
Finished building: IndoorLoc.elf.size
 
15:31:08 **** Incremental Build of configuration Debug for project IndoorLoc ****
make all 
make: Nothing to be done for 'all'.
15:32:01 **** Auto Build of configuration Debug for project IndoorLoc ****
make all 
Building file: ../src/run.c
Invoking: ARM gcc compiler
arm-xilinx-eabi-gcc -Wall -O0 -g3 -c -fmessage-length=0 -MT"src/run.o" -I../../IndoorLoc_bsp/ps7_cortexa9_0/include -MMD -MP -MF"src/run.d" -MT"src/run.d" -o "src/run.o" "../src/run.c"
../src/run.c: In function 'main':
../src/run.c:67:6: warning: unused variable 'data_16' [-Wunused-variable]
  u16 data_16;
      ^
Finished building: ../src/run.c
 
Building target: IndoorLoc.elf
Invoking: ARM gcc linker
arm-xilinx-eabi-gcc -Wl,-T -Wl,../src/lscript.ld -L../../IndoorLoc_bsp/ps7_cortexa9_0/lib -o "IndoorLoc.elf"  ./src/iicTest.o ./src/iic_utils.o ./src/imu.o ./src/inv_mpu.o ./src/platform.o ./src/pwmsw.o ./src/run.o   -Wl,--start-group,-lxil,-lgcc,-lc,--end-group
Finished building target: IndoorLoc.elf
 
Invoking: ARM Print Size
arm-xilinx-eabi-size IndoorLoc.elf  |tee "IndoorLoc.elf.size"
   text	   data	    bss	    dec	    hex	filename
 104988	   2400	  22748	 130136	  1fc58	IndoorLoc.elf
Finished building: IndoorLoc.elf.size
 
15:32:03 **** Incremental Build of configuration Debug for project IndoorLoc ****
make all 
make: Nothing to be done for 'all'.
15:32:34 **** Auto Build of configuration Debug for project IndoorLoc ****
make all 
Building file: ../src/run.c
Invoking: ARM gcc compiler
arm-xilinx-eabi-gcc -Wall -O0 -g3 -c -fmessage-length=0 -MT"src/run.o" -I../../IndoorLoc_bsp/ps7_cortexa9_0/include -MMD -MP -MF"src/run.d" -MT"src/run.d" -o "src/run.o" "../src/run.c"
../src/run.c: In function 'main':
../src/run.c:67:6: warning: unused variable 'data_16' [-Wunused-variable]
  u16 data_16;
      ^
Finished building: ../src/run.c
 
Building target: IndoorLoc.elf
Invoking: ARM gcc linker
arm-xilinx-eabi-gcc -Wl,-T -Wl,../src/lscript.ld -L../../IndoorLoc_bsp/ps7_cortexa9_0/lib -o "IndoorLoc.elf"  ./src/iicTest.o ./src/iic_utils.o ./src/imu.o ./src/inv_mpu.o ./src/platform.o ./src/pwmsw.o ./src/run.o   -Wl,--start-group,-lxil,-lgcc,-lc,--end-group
Finished building target: IndoorLoc.elf
 
Invoking: ARM Print Size
arm-xilinx-eabi-size IndoorLoc.elf  |tee "IndoorLoc.elf.size"
   text	   data	    bss	    dec	    hex	filename
 104988	   2400	  22748	 130136	  1fc58	IndoorLoc.elf
Finished building: IndoorLoc.elf.size
 
15:32:43 **** Auto Build of configuration Debug for project IndoorLoc ****
make all 
Building file: ../src/run.c
Invoking: ARM gcc compiler
arm-xilinx-eabi-gcc -Wall -O0 -g3 -c -fmessage-length=0 -MT"src/run.o" -I../../IndoorLoc_bsp/ps7_cortexa9_0/include -MMD -MP -MF"src/run.d" -MT"src/run.d" -o "src/run.o" "../src/run.c"
../src/run.c: In function 'main':
../src/run.c:67:6: warning: unused variable 'data_16' [-Wunused-variable]
  u16 data_16;
      ^
Finished building: ../src/run.c
 
Building target: IndoorLoc.elf
Invoking: ARM gcc linker
arm-xilinx-eabi-gcc -Wl,-T -Wl,../src/lscript.ld -L../../IndoorLoc_bsp/ps7_cortexa9_0/lib -o "IndoorLoc.elf"  ./src/iicTest.o ./src/iic_utils.o ./src/imu.o ./src/inv_mpu.o ./src/platform.o ./src/pwmsw.o ./src/run.o   -Wl,--start-group,-lxil,-lgcc,-lc,--end-group
Finished building target: IndoorLoc.elf
 
Invoking: ARM Print Size
arm-xilinx-eabi-size IndoorLoc.elf  |tee "IndoorLoc.elf.size"
   text	   data	    bss	    dec	    hex	filename
 104988	   2400	  22748	 130136	  1fc58	IndoorLoc.elf
Finished building: IndoorLoc.elf.size
 
15:32:44 **** Incremental Build of configuration Debug for project IndoorLoc ****
make all 
make: Nothing to be done for 'all'.
15:32:56 **** Auto Build of configuration Debug for project IndoorLoc ****
make all 
Building file: ../src/run.c
Invoking: ARM gcc compiler
arm-xilinx-eabi-gcc -Wall -O0 -g3 -c -fmessage-length=0 -MT"src/run.o" -I../../IndoorLoc_bsp/ps7_cortexa9_0/include -MMD -MP -MF"src/run.d" -MT"src/run.d" -o "src/run.o" "../src/run.c"
../src/run.c: In function 'main':
../src/run.c:67:6: warning: unused variable 'data_16' [-Wunused-variable]
  u16 data_16;
      ^
Finished building: ../src/run.c
 
Building target: IndoorLoc.elf
Invoking: ARM gcc linker
arm-xilinx-eabi-gcc -Wl,-T -Wl,../src/lscript.ld -L../../IndoorLoc_bsp/ps7_cortexa9_0/lib -o "IndoorLoc.elf"  ./src/iicTest.o ./src/iic_utils.o ./src/imu.o ./src/inv_mpu.o ./src/platform.o ./src/pwmsw.o ./src/run.o   -Wl,--start-group,-lxil,-lgcc,-lc,--end-group
Finished building target: IndoorLoc.elf
 
Invoking: ARM Print Size
arm-xilinx-eabi-size IndoorLoc.elf  |tee "IndoorLoc.elf.size"
   text	   data	    bss	    dec	    hex	filename
 104980	   2400	  22748	 130128	  1fc50	IndoorLoc.elf
Finished building: IndoorLoc.elf.size
 
15:33:00 **** Incremental Build of configuration Debug for project IndoorLoc ****
make all 
make: Nothing to be done for 'all'.
