12:31:17 **** Build of configuration Debug for project IndoorLoc ****
make all 
Building file: ../src/mpu9150/inv_mpu.c
Invoking: ARM gcc compiler
arm-xilinx-eabi-gcc -DMOTION_DRIVER_TARGET_ZEDBOARD -DMPU9150 -U__ACCUM_EPSILON__ -Wall -O0 -g3 -c -fmessage-length=0 -MT"src/mpu9150/inv_mpu.o" -I../../IndoorLoc_bsp/ps7_cortexa9_0/include -MMD -MP -MF"src/mpu9150/inv_mpu.d" -MT"src/mpu9150/inv_mpu.d" -o "src/mpu9150/inv_mpu.o" "../src/mpu9150/inv_mpu.c"
Finished building: ../src/mpu9150/inv_mpu.c
 
Building file: ../src/mpu9150/inv_mpu_dmp_motion_driver.c
Invoking: ARM gcc compiler
arm-xilinx-eabi-gcc -DMOTION_DRIVER_TARGET_ZEDBOARD -DMPU9150 -U__ACCUM_EPSILON__ -Wall -O0 -g3 -c -fmessage-length=0 -MT"src/mpu9150/inv_mpu_dmp_motion_driver.o" -I../../IndoorLoc_bsp/ps7_cortexa9_0/include -MMD -MP -MF"src/mpu9150/inv_mpu_dmp_motion_driver.d" -MT"src/mpu9150/inv_mpu_dmp_motion_driver.d" -o "src/mpu9150/inv_mpu_dmp_motion_driver.o" "../src/mpu9150/inv_mpu_dmp_motion_driver.c"
Finished building: ../src/mpu9150/inv_mpu_dmp_motion_driver.c
 
Building file: ../src/iic_utils.c
Invoking: ARM gcc compiler
arm-xilinx-eabi-gcc -DMOTION_DRIVER_TARGET_ZEDBOARD -DMPU9150 -U__ACCUM_EPSILON__ -Wall -O0 -g3 -c -fmessage-length=0 -MT"src/iic_utils.o" -I../../IndoorLoc_bsp/ps7_cortexa9_0/include -MMD -MP -MF"src/iic_utils.d" -MT"src/iic_utils.d" -o "src/iic_utils.o" "../src/iic_utils.c"
Finished building: ../src/iic_utils.c
 
Building file: ../src/mpu.c
Invoking: ARM gcc compiler
arm-xilinx-eabi-gcc -DMOTION_DRIVER_TARGET_ZEDBOARD -DMPU9150 -U__ACCUM_EPSILON__ -Wall -O0 -g3 -c -fmessage-length=0 -MT"src/mpu.o" -I../../IndoorLoc_bsp/ps7_cortexa9_0/include -MMD -MP -MF"src/mpu.d" -MT"src/mpu.d" -o "src/mpu.o" "../src/mpu.c"
Finished building: ../src/mpu.c
 
Building file: ../src/mpu_utils.c
Invoking: ARM gcc compiler
arm-xilinx-eabi-gcc -DMOTION_DRIVER_TARGET_ZEDBOARD -DMPU9150 -U__ACCUM_EPSILON__ -Wall -O0 -g3 -c -fmessage-length=0 -MT"src/mpu_utils.o" -I../../IndoorLoc_bsp/ps7_cortexa9_0/include -MMD -MP -MF"src/mpu_utils.d" -MT"src/mpu_utils.d" -o "src/mpu_utils.o" "../src/mpu_utils.c"
../src/mpu_utils.c:312:5: warning: 'readInt' defined but not used [-Wunused-function]
 int readInt(u32 *DataRead) {
     ^
Finished building: ../src/mpu_utils.c
 
Building file: ../src/platform.c
Invoking: ARM gcc compiler
arm-xilinx-eabi-gcc -DMOTION_DRIVER_TARGET_ZEDBOARD -DMPU9150 -U__ACCUM_EPSILON__ -Wall -O0 -g3 -c -fmessage-length=0 -MT"src/platform.o" -I../../IndoorLoc_bsp/ps7_cortexa9_0/include -MMD -MP -MF"src/platform.d" -MT"src/platform.d" -o "src/platform.o" "../src/platform.c"
Finished building: ../src/platform.c
 
Building file: ../src/pwmsw.c
Invoking: ARM gcc compiler
arm-xilinx-eabi-gcc -DMOTION_DRIVER_TARGET_ZEDBOARD -DMPU9150 -U__ACCUM_EPSILON__ -Wall -O0 -g3 -c -fmessage-length=0 -MT"src/pwmsw.o" -I../../IndoorLoc_bsp/ps7_cortexa9_0/include -MMD -MP -MF"src/pwmsw.d" -MT"src/pwmsw.d" -o "src/pwmsw.o" "../src/pwmsw.c"
../src/pwmsw.c: In function 'pwm':
../src/pwmsw.c:63:7: warning: unused variable 'val' [-Wunused-variable]
   u32 val;
       ^
Finished building: ../src/pwmsw.c
 
Building file: ../src/run.c
Invoking: ARM gcc compiler
arm-xilinx-eabi-gcc -DMOTION_DRIVER_TARGET_ZEDBOARD -DMPU9150 -U__ACCUM_EPSILON__ -Wall -O0 -g3 -c -fmessage-length=0 -MT"src/run.o" -I../../IndoorLoc_bsp/ps7_cortexa9_0/include -MMD -MP -MF"src/run.d" -MT"src/run.d" -o "src/run.o" "../src/run.c"
Finished building: ../src/run.c
 
Building target: IndoorLoc.elf
Invoking: ARM gcc linker
arm-xilinx-eabi-gcc -L"/home/ruppi/Masterarbeit/Zynq/indoor-loc/indoor-loc/indoor-loc.sdk/IndoorLoc/src/mpu9150/mpl" -Wl,-T -Wl,../src/lscript.ld -L../../IndoorLoc_bsp/ps7_cortexa9_0/lib -o "IndoorLoc.elf"  ./src/mpu9150/mpl/data_builder.o ./src/mpu9150/mpl/eMPL_outputs.o ./src/mpu9150/mpl/hal_outputs.o ./src/mpu9150/mpl/message_layer.o ./src/mpu9150/mpl/ml_math_func.o ./src/mpu9150/mpl/mlmath.o ./src/mpu9150/mpl/mpl.o ./src/mpu9150/mpl/results_holder.o ./src/mpu9150/mpl/start_manager.o ./src/mpu9150/mpl/storage_manager.o  ./src/mpu9150/inv_mpu.o ./src/mpu9150/inv_mpu_dmp_motion_driver.o  ./src/iic_utils.o ./src/math_utils.o ./src/mpu.o ./src/mpu_utils.o ./src/platform.o ./src/print_utils.o ./src/pwmsw.o ./src/run.o   -lmpllib -lm -llibmplmpu -Wl,--start-group,-lxil,-lgcc,-lc,--end-group
Finished building target: IndoorLoc.elf
 
Invoking: ARM Print Size
arm-xilinx-eabi-size IndoorLoc.elf  |tee "IndoorLoc.elf.size"
   text	   data	    bss	    dec	    hex	filename
 174016	   2424	  24488	 200928	  310e0	IndoorLoc.elf
Finished building: IndoorLoc.elf.size
 

12:31:17 Build Finished (took 577ms)

