12:23:23 **** Build of configuration Debug for project uwbTest ****
make all 
Building file: ../src/decadriver/deca_device.c
Invoking: ARM gcc compiler
arm-xilinx-eabi-gcc -Wall -O0 -g3 -I../../IndoorLoc_pwm_gpio_timer_uwb_bsp/ps7_cortexa9_0/include -I"/home/ruppi/Zynq/indoor-loc/indoor-loc/indoor-loc.sdk/uwbTest/src/decadriver" -I"/home/ruppi/Zynq/indoor-loc/indoor-loc/indoor-loc.sdk/uwbTest/src/deca" -c -fmessage-length=0 -MT"src/decadriver/deca_device.o" -I../../IndoorLoc_gpio_timer_pwm_uwb_bsp/ps7_cortexa9_0/include -MMD -MP -MF"src/decadriver/deca_device.d" -MT"src/decadriver/deca_device.d" -o "src/decadriver/deca_device.o" "../src/decadriver/deca_device.c"
../src/decadriver/deca_device.c: In function 'dwt_initialise':
../src/decadriver/deca_device.c:141:5: warning: implicit declaration of function 'printf' [-Wimplicit-function-declaration]
     DPRINTF("Returned DW1000 device td: 0x%x\r\n",dw1000local.deviceID);
     ^
../src/decadriver/deca_device.c:35:17: warning: incompatible implicit declaration of built-in function 'printf'
 #define DPRINTF printf
                 ^
../src/decadriver/deca_device.c:141:5: note: in expansion of macro 'DPRINTF'
     DPRINTF("Returned DW1000 device td: 0x%x\r\n",dw1000local.deviceID);
     ^
../src/decadriver/deca_device.c:141:5: warning: format '%x' expects argument of type 'unsigned int', but argument 2 has type 'uint32' [-Wformat=]
../src/decadriver/deca_device.c: In function 'dwt_writetodevice':
../src/decadriver/deca_device.c:966:5: warning: implicit declaration of function 'writetospi_serial' [-Wimplicit-function-declaration]
     return writetospi(cnt,header,length,buffer);
     ^
../src/decadriver/deca_device.c: In function 'dwt_readfromdevice':
../src/decadriver/deca_device.c:1041:5: warning: implicit declaration of function 'readfromspi_serial' [-Wimplicit-function-declaration]
     return readfromspi(cnt, header, length, buffer);  // result is stored in the buffer
     ^
../src/decadriver/deca_device.c: In function 'dwt_starttx':
../src/decadriver/deca_device.c:2737:13: warning: incompatible implicit declaration of built-in function 'printf'
             printf("TX error, status 0x%x \r\n", checkTxOK);
             ^
Finished building: ../src/decadriver/deca_device.c
 
Building file: ../src/decaApp/rxWait.c
Invoking: ARM gcc compiler
arm-xilinx-eabi-gcc -Wall -O0 -g3 -I../../IndoorLoc_pwm_gpio_timer_uwb_bsp/ps7_cortexa9_0/include -I"/home/ruppi/Zynq/indoor-loc/indoor-loc/indoor-loc.sdk/uwbTest/src/decadriver" -I"/home/ruppi/Zynq/indoor-loc/indoor-loc/indoor-loc.sdk/uwbTest/src/deca" -c -fmessage-length=0 -MT"src/decaApp/rxWait.o" -I../../IndoorLoc_gpio_timer_pwm_uwb_bsp/ps7_cortexa9_0/include -MMD -MP -MF"src/decaApp/rxWait.d" -MT"src/decaApp/rxWait.d" -o "src/decaApp/rxWait.o" "../src/decaApp/rxWait.c"
../src/decaApp/rxWait.c: In function 'rxWait':
../src/decaApp/rxWait.c:78:9: warning: format '%x' expects argument of type 'unsigned int', but argument 2 has type 'uint32' [-Wformat=]
         printf("Status reg now 0x%x\r\n",status_reg);
         ^
../src/decaApp/rxWait.c:78:9: warning: format '%x' expects argument of type 'unsigned int', but argument 2 has type 'uint32' [-Wformat=]
Finished building: ../src/decaApp/rxWait.c
 
Building file: ../src/decaApp/simpleRx.c
Invoking: ARM gcc compiler
arm-xilinx-eabi-gcc -Wall -O0 -g3 -I../../IndoorLoc_pwm_gpio_timer_uwb_bsp/ps7_cortexa9_0/include -I"/home/ruppi/Zynq/indoor-loc/indoor-loc/indoor-loc.sdk/uwbTest/src/decadriver" -I"/home/ruppi/Zynq/indoor-loc/indoor-loc/indoor-loc.sdk/uwbTest/src/deca" -c -fmessage-length=0 -MT"src/decaApp/simpleRx.o" -I../../IndoorLoc_gpio_timer_pwm_uwb_bsp/ps7_cortexa9_0/include -MMD -MP -MF"src/decaApp/simpleRx.d" -MT"src/decaApp/simpleRx.d" -o "src/decaApp/simpleRx.o" "../src/decaApp/simpleRx.c"
../src/decaApp/simpleRx.c: In function 'simpleRx':
../src/decaApp/simpleRx.c:80:9: warning: format '%x' expects argument of type 'unsigned int', but argument 2 has type 'uint32' [-Wformat=]
         printf("Status reg now 0x%x\r\n",status_reg);
         ^
../src/decaApp/simpleRx.c:80:9: warning: format '%x' expects argument of type 'unsigned int', but argument 2 has type 'uint32' [-Wformat=]
../src/decaApp/simpleRx.c:45:6: warning: unused variable 'i' [-Wunused-variable]
  int i;
      ^
Finished building: ../src/decaApp/simpleRx.c
 
Building file: ../src/decaApp/simpleTx.c
Invoking: ARM gcc compiler
arm-xilinx-eabi-gcc -Wall -O0 -g3 -I../../IndoorLoc_pwm_gpio_timer_uwb_bsp/ps7_cortexa9_0/include -I"/home/ruppi/Zynq/indoor-loc/indoor-loc/indoor-loc.sdk/uwbTest/src/decadriver" -I"/home/ruppi/Zynq/indoor-loc/indoor-loc/indoor-loc.sdk/uwbTest/src/deca" -c -fmessage-length=0 -MT"src/decaApp/simpleTx.o" -I../../IndoorLoc_gpio_timer_pwm_uwb_bsp/ps7_cortexa9_0/include -MMD -MP -MF"src/decaApp/simpleTx.d" -MT"src/decaApp/simpleTx.d" -o "src/decaApp/simpleTx.o" "../src/decaApp/simpleTx.c"
../src/decaApp/simpleTx.c: In function 'simpleTx':
../src/decaApp/simpleTx.c:67:9: warning: format '%x' expects argument of type 'unsigned int', but argument 2 has type 'uint32' [-Wformat=]
         printf("Status reg now 0x%x\r\n",status_reg);
         ^
../src/decaApp/simpleTx.c:67:9: warning: format '%x' expects argument of type 'unsigned int', but argument 2 has type 'uint32' [-Wformat=]
Finished building: ../src/decaApp/simpleTx.c
 
Building file: ../src/decaApp/ssTwrInit.c
Invoking: ARM gcc compiler
arm-xilinx-eabi-gcc -Wall -O0 -g3 -I../../IndoorLoc_pwm_gpio_timer_uwb_bsp/ps7_cortexa9_0/include -I"/home/ruppi/Zynq/indoor-loc/indoor-loc/indoor-loc.sdk/uwbTest/src/decadriver" -I"/home/ruppi/Zynq/indoor-loc/indoor-loc/indoor-loc.sdk/uwbTest/src/deca" -c -fmessage-length=0 -MT"src/decaApp/ssTwrInit.o" -I../../IndoorLoc_gpio_timer_pwm_uwb_bsp/ps7_cortexa9_0/include -MMD -MP -MF"src/decaApp/ssTwrInit.d" -MT"src/decaApp/ssTwrInit.d" -o "src/decaApp/ssTwrInit.o" "../src/decaApp/ssTwrInit.c"
../src/decaApp/ssTwrInit.c: In function 'ssTwrInit':
../src/decaApp/ssTwrInit.c:119:5: warning: format '%x' expects argument of type 'unsigned int', but argument 2 has type 'uint32_t' [-Wformat=]
     printf("OTP   6: 0x%x\r\n",otpVal[6]);
     ^
../src/decaApp/ssTwrInit.c:119:5: warning: format '%x' expects argument of type 'unsigned int', but argument 2 has type 'uint32_t' [-Wformat=]
../src/decaApp/ssTwrInit.c:120:5: warning: format '%x' expects argument of type 'unsigned int', but argument 2 has type 'uint32_t' [-Wformat=]
     printf("OTP   7: 0x%x\r\n",otpVal[7]);
     ^
../src/decaApp/ssTwrInit.c:120:5: warning: format '%x' expects argument of type 'unsigned int', but argument 2 has type 'uint32_t' [-Wformat=]
../src/decaApp/ssTwrInit.c:121:5: warning: format '%x' expects argument of type 'unsigned int', but argument 2 has type 'uint32_t' [-Wformat=]
     printf("OTP x16: 0x%x\r\n",otpVal[0x16]);
     ^
../src/decaApp/ssTwrInit.c:121:5: warning: format '%x' expects argument of type 'unsigned int', but argument 2 has type 'uint32_t' [-Wformat=]
../src/decaApp/ssTwrInit.c:122:5: warning: format '%x' expects argument of type 'unsigned int', but argument 2 has type 'uint32_t' [-Wformat=]
     printf("OTP x17: 0x%x\r\n",otpVal[0x17]);
     ^
../src/decaApp/ssTwrInit.c:122:5: warning: format '%x' expects argument of type 'unsigned int', but argument 2 has type 'uint32_t' [-Wformat=]
../src/decaApp/ssTwrInit.c:233:7: warning: format '%x' expects argument of type 'unsigned int', but argument 2 has type 'u32' [-Wformat=]
       printf("Decreased antenna delay to 0x%x\r\n",tx_delay);
       ^
../src/decaApp/ssTwrInit.c:233:7: warning: format '%x' expects argument of type 'unsigned int', but argument 2 has type 'u32' [-Wformat=]
../src/decaApp/ssTwrInit.c:240:7: warning: format '%x' expects argument of type 'unsigned int', but argument 2 has type 'u32' [-Wformat=]
       printf("Increased antenna delay to 0x%x\r\n",tx_delay);
       ^
../src/decaApp/ssTwrInit.c:240:7: warning: format '%x' expects argument of type 'unsigned int', but argument 2 has type 'u32' [-Wformat=]
Finished building: ../src/decaApp/ssTwrInit.c
 
Building file: ../src/decaApp/ssTwrResp.c
Invoking: ARM gcc compiler
arm-xilinx-eabi-gcc -Wall -O0 -g3 -I../../IndoorLoc_pwm_gpio_timer_uwb_bsp/ps7_cortexa9_0/include -I"/home/ruppi/Zynq/indoor-loc/indoor-loc/indoor-loc.sdk/uwbTest/src/decadriver" -I"/home/ruppi/Zynq/indoor-loc/indoor-loc/indoor-loc.sdk/uwbTest/src/deca" -c -fmessage-length=0 -MT"src/decaApp/ssTwrResp.o" -I../../IndoorLoc_gpio_timer_pwm_uwb_bsp/ps7_cortexa9_0/include -MMD -MP -MF"src/decaApp/ssTwrResp.d" -MT"src/decaApp/ssTwrResp.d" -o "src/decaApp/ssTwrResp.o" "../src/decaApp/ssTwrResp.c"
../src/decaApp/ssTwrResp.c: In function 'ssTwrResp':
../src/decaApp/ssTwrResp.c:115:5: warning: format '%x' expects argument of type 'unsigned int', but argument 2 has type 'uint32_t' [-Wformat=]
     printf("OTP   6: 0x%x\r\n",otpVal[6]);
     ^
../src/decaApp/ssTwrResp.c:115:5: warning: format '%x' expects argument of type 'unsigned int', but argument 2 has type 'uint32_t' [-Wformat=]
../src/decaApp/ssTwrResp.c:116:5: warning: format '%x' expects argument of type 'unsigned int', but argument 2 has type 'uint32_t' [-Wformat=]
     printf("OTP   7: 0x%x\r\n",otpVal[7]);
     ^
../src/decaApp/ssTwrResp.c:116:5: warning: format '%x' expects argument of type 'unsigned int', but argument 2 has type 'uint32_t' [-Wformat=]
../src/decaApp/ssTwrResp.c:117:5: warning: format '%x' expects argument of type 'unsigned int', but argument 2 has type 'uint32_t' [-Wformat=]
     printf("OTP x16: 0x%x\r\n",otpVal[0x16]);
     ^
../src/decaApp/ssTwrResp.c:117:5: warning: format '%x' expects argument of type 'unsigned int', but argument 2 has type 'uint32_t' [-Wformat=]
../src/decaApp/ssTwrResp.c:118:5: warning: format '%x' expects argument of type 'unsigned int', but argument 2 has type 'uint32_t' [-Wformat=]
     printf("OTP x17: 0x%x\r\n",otpVal[0x17]);
     ^
../src/decaApp/ssTwrResp.c:118:5: warning: format '%x' expects argument of type 'unsigned int', but argument 2 has type 'uint32_t' [-Wformat=]
../src/decaApp/ssTwrResp.c:234:7: warning: format '%x' expects argument of type 'unsigned int', but argument 2 has type 'u32' [-Wformat=]
       printf("Decreased antenna delay to 0x%x\r\n",tx_delay);
       ^
../src/decaApp/ssTwrResp.c:234:7: warning: format '%x' expects argument of type 'unsigned int', but argument 2 has type 'u32' [-Wformat=]
../src/decaApp/ssTwrResp.c:241:7: warning: format '%x' expects argument of type 'unsigned int', but argument 2 has type 'u32' [-Wformat=]
       printf("Increased antenna delay to 0x%x\r\n",tx_delay);
       ^
../src/decaApp/ssTwrResp.c:241:7: warning: format '%x' expects argument of type 'unsigned int', but argument 2 has type 'u32' [-Wformat=]
../src/decaApp/ssTwrResp.c:102:6: warning: unused variable 'i' [-Wunused-variable]
  int i;
      ^
../src/decaApp/ssTwrResp.c: At top level:
../src/decaApp/ssTwrResp.c:24:12: warning: 'led' defined but not used [-Wunused-variable]
 static int led = 0; // use led 4 for toggle
            ^
Finished building: ../src/decaApp/ssTwrResp.c
 
Building file: ../src/decaApp/txWait.c
Invoking: ARM gcc compiler
arm-xilinx-eabi-gcc -Wall -O0 -g3 -I../../IndoorLoc_pwm_gpio_timer_uwb_bsp/ps7_cortexa9_0/include -I"/home/ruppi/Zynq/indoor-loc/indoor-loc/indoor-loc.sdk/uwbTest/src/decadriver" -I"/home/ruppi/Zynq/indoor-loc/indoor-loc/indoor-loc.sdk/uwbTest/src/deca" -c -fmessage-length=0 -MT"src/decaApp/txWait.o" -I../../IndoorLoc_gpio_timer_pwm_uwb_bsp/ps7_cortexa9_0/include -MMD -MP -MF"src/decaApp/txWait.d" -MT"src/decaApp/txWait.d" -o "src/decaApp/txWait.o" "../src/decaApp/txWait.c"
../src/decaApp/txWait.c: In function 'txWait':
../src/decaApp/txWait.c:89:9: warning: format '%x' expects argument of type 'unsigned int', but argument 2 has type 'uint32' [-Wformat=]
         { printf("Waiting. status reg 0x%x\r\n",status_reg); };
         ^
../src/decaApp/txWait.c:89:9: warning: format '%x' expects argument of type 'unsigned int', but argument 2 has type 'uint32' [-Wformat=]
../src/decaApp/txWait.c:90:9: warning: format '%x' expects argument of type 'unsigned int', but argument 2 has type 'uint32' [-Wformat=]
         printf("Status reg now 0x%x\r\n",status_reg);
         ^
../src/decaApp/txWait.c:90:9: warning: format '%x' expects argument of type 'unsigned int', but argument 2 has type 'uint32' [-Wformat=]
Finished building: ../src/decaApp/txWait.c
 
Building file: ../src/deca/deca_mutex.c
Invoking: ARM gcc compiler
arm-xilinx-eabi-gcc -Wall -O0 -g3 -I../../IndoorLoc_pwm_gpio_timer_uwb_bsp/ps7_cortexa9_0/include -I"/home/ruppi/Zynq/indoor-loc/indoor-loc/indoor-loc.sdk/uwbTest/src/decadriver" -I"/home/ruppi/Zynq/indoor-loc/indoor-loc/indoor-loc.sdk/uwbTest/src/deca" -c -fmessage-length=0 -MT"src/deca/deca_mutex.o" -I../../IndoorLoc_gpio_timer_pwm_uwb_bsp/ps7_cortexa9_0/include -MMD -MP -MF"src/deca/deca_mutex.d" -MT"src/deca/deca_mutex.d" -o "src/deca/deca_mutex.o" "../src/deca/deca_mutex.c"
Finished building: ../src/deca/deca_mutex.c
 
Building file: ../src/deca/deca_sleep.c
Invoking: ARM gcc compiler
arm-xilinx-eabi-gcc -Wall -O0 -g3 -I../../IndoorLoc_pwm_gpio_timer_uwb_bsp/ps7_cortexa9_0/include -I"/home/ruppi/Zynq/indoor-loc/indoor-loc/indoor-loc.sdk/uwbTest/src/decadriver" -I"/home/ruppi/Zynq/indoor-loc/indoor-loc/indoor-loc.sdk/uwbTest/src/deca" -c -fmessage-length=0 -MT"src/deca/deca_sleep.o" -I../../IndoorLoc_gpio_timer_pwm_uwb_bsp/ps7_cortexa9_0/include -MMD -MP -MF"src/deca/deca_sleep.d" -MT"src/deca/deca_sleep.d" -o "src/deca/deca_sleep.o" "../src/deca/deca_sleep.c"
Finished building: ../src/deca/deca_sleep.c
 
Building file: ../src/deca/deca_spi.c
Invoking: ARM gcc compiler
arm-xilinx-eabi-gcc -Wall -O0 -g3 -I../../IndoorLoc_pwm_gpio_timer_uwb_bsp/ps7_cortexa9_0/include -I"/home/ruppi/Zynq/indoor-loc/indoor-loc/indoor-loc.sdk/uwbTest/src/decadriver" -I"/home/ruppi/Zynq/indoor-loc/indoor-loc/indoor-loc.sdk/uwbTest/src/deca" -c -fmessage-length=0 -MT"src/deca/deca_spi.o" -I../../IndoorLoc_gpio_timer_pwm_uwb_bsp/ps7_cortexa9_0/include -MMD -MP -MF"src/deca/deca_spi.d" -MT"src/deca/deca_spi.d" -o "src/deca/deca_spi.o" "../src/deca/deca_spi.c"
../src/deca/deca_spi.c: In function 'openspi':
../src/deca/deca_spi.c:75:24: warning: left-hand operand of comma expression has no effect [-Wunused-value]
     DPRINTF("%s:%d\r\n",__FUNCTION__,status);
                        ^
../src/deca/deca_spi.c:75:37: warning: left-hand operand of comma expression has no effect [-Wunused-value]
     DPRINTF("%s:%d\r\n",__FUNCTION__,status);
                                     ^
../src/deca/deca_spi.c:75:12: warning: statement with no effect [-Wunused-value]
     DPRINTF("%s:%d\r\n",__FUNCTION__,status);
            ^
../src/deca/deca_spi.c: In function 'writetospi_serial':
../src/deca/deca_spi.c:119:40: warning: left-hand operand of comma expression has no effect [-Wunused-value]
  DPRINTF("%s:hdrLen %d, bodyLen %d\r\n",__FUNCTION__,headerLength, bodylength);
                                        ^
../src/deca/deca_spi.c:119:53: warning: left-hand operand of comma expression has no effect [-Wunused-value]
  DPRINTF("%s:hdrLen %d, bodyLen %d\r\n",__FUNCTION__,headerLength, bodylength);
                                                     ^
../src/deca/deca_spi.c:119:66: warning: left-hand operand of comma expression has no effect [-Wunused-value]
  DPRINTF("%s:hdrLen %d, bodyLen %d\r\n",__FUNCTION__,headerLength, bodylength);
                                                                  ^
../src/deca/deca_spi.c:119:9: warning: statement with no effect [-Wunused-value]
  DPRINTF("%s:hdrLen %d, bodyLen %d\r\n",__FUNCTION__,headerLength, bodylength);
         ^
../src/deca/deca_spi.c:120:9: warning: statement with no effect [-Wunused-value]
  DPRINTF("Header: ");
         ^
../src/deca/deca_spi.c:122:18: warning: left-hand operand of comma expression has no effect [-Wunused-value]
   DPRINTF("0x%x ",headerBuffer[i]);
                  ^
../src/deca/deca_spi.c:122:10: warning: statement with no effect [-Wunused-value]
   DPRINTF("0x%x ",headerBuffer[i]);
          ^
../src/deca/deca_spi.c:123:9: warning: statement with no effect [-Wunused-value]
  DPRINTF("\r\nBody: ");
         ^
../src/deca/deca_spi.c:125:18: warning: left-hand operand of comma expression has no effect [-Wunused-value]
   DPRINTF("0x%x ",bodyBuffer[i]);
                  ^
../src/deca/deca_spi.c:125:10: warning: statement with no effect [-Wunused-value]
   DPRINTF("0x%x ",bodyBuffer[i]);
          ^
../src/deca/deca_spi.c:126:9: warning: statement with no effect [-Wunused-value]
  DPRINTF("\r\n");
         ^
../src/deca/deca_spi.c:131:54: warning: left-hand operand of comma expression has no effect [-Wunused-value]
   DPRINTF("%s:transfer size too large for buffer\r\n",__FUNCTION__);
                                                      ^
../src/deca/deca_spi.c:131:10: warning: statement with no effect [-Wunused-value]
   DPRINTF("%s:transfer size too large for buffer\r\n",__FUNCTION__);
          ^
../src/deca/deca_spi.c:117:6: warning: variable 'status' set but not used [-Wunused-but-set-variable]
  int status;
      ^
../src/deca/deca_spi.c: In function 'readfromspi_serial':
../src/deca/deca_spi.c:203:40: warning: left-hand operand of comma expression has no effect [-Wunused-value]
  DPRINTF("%s:hdrLen %d, readLen %d\r\n",__FUNCTION__,headerLength, readlength);
                                        ^
../src/deca/deca_spi.c:203:53: warning: left-hand operand of comma expression has no effect [-Wunused-value]
  DPRINTF("%s:hdrLen %d, readLen %d\r\n",__FUNCTION__,headerLength, readlength);
                                                     ^
../src/deca/deca_spi.c:203:66: warning: left-hand operand of comma expression has no effect [-Wunused-value]
  DPRINTF("%s:hdrLen %d, readLen %d\r\n",__FUNCTION__,headerLength, readlength);
                                                                  ^
../src/deca/deca_spi.c:203:9: warning: statement with no effect [-Wunused-value]
  DPRINTF("%s:hdrLen %d, readLen %d\r\n",__FUNCTION__,headerLength, readlength);
         ^
../src/deca/deca_spi.c:204:9: warning: statement with no effect [-Wunused-value]
  DPRINTF("Header: ");
         ^
../src/deca/deca_spi.c:206:18: warning: left-hand operand of comma expression has no effect [-Wunused-value]
   DPRINTF("0x%x ",headerBuffer[i]);
                  ^
../src/deca/deca_spi.c:206:10: warning: statement with no effect [-Wunused-value]
   DPRINTF("0x%x ",headerBuffer[i]);
          ^
../src/deca/deca_spi.c:207:9: warning: statement with no effect [-Wunused-value]
  DPRINTF("\r\n");
         ^
../src/deca/deca_spi.c:211:54: warning: left-hand operand of comma expression has no effect [-Wunused-value]
   DPRINTF("%s:transfer size too large for buffer\r\n",__FUNCTION__);
                                                      ^
../src/deca/deca_spi.c:211:10: warning: statement with no effect [-Wunused-value]
   DPRINTF("%s:transfer size too large for buffer\r\n",__FUNCTION__);
          ^
../src/deca/deca_spi.c:228:12: warning: statement with no effect [-Wunused-value]
     DPRINTF("Read: ");
            ^
../src/deca/deca_spi.c:230:18: warning: left-hand operand of comma expression has no effect [-Wunused-value]
   DPRINTF("0x%x ",readBuffer[i]);
                  ^
../src/deca/deca_spi.c:230:10: warning: statement with no effect [-Wunused-value]
   DPRINTF("0x%x ",readBuffer[i]);
          ^
../src/deca/deca_spi.c:231:9: warning: statement with no effect [-Wunused-value]
  DPRINTF("\r\n");
         ^
../src/deca/deca_spi.c:199:6: warning: variable 'status' set but not used [-Wunused-but-set-variable]
  int status;
      ^
Finished building: ../src/deca/deca_spi.c
 
Building file: ../src/testperiph.c
Invoking: ARM gcc compiler
arm-xilinx-eabi-gcc -Wall -O0 -g3 -I../../IndoorLoc_pwm_gpio_timer_uwb_bsp/ps7_cortexa9_0/include -I"/home/ruppi/Zynq/indoor-loc/indoor-loc/indoor-loc.sdk/uwbTest/src/decadriver" -I"/home/ruppi/Zynq/indoor-loc/indoor-loc/indoor-loc.sdk/uwbTest/src/deca" -c -fmessage-length=0 -MT"src/testperiph.o" -I../../IndoorLoc_gpio_timer_pwm_uwb_bsp/ps7_cortexa9_0/include -MMD -MP -MF"src/testperiph.d" -MT"src/testperiph.d" -o "src/testperiph.o" "../src/testperiph.c"
Finished building: ../src/testperiph.c
 
Building file: ../src/xdevcfg_selftest_example.c
Invoking: ARM gcc compiler
arm-xilinx-eabi-gcc -Wall -O0 -g3 -I../../IndoorLoc_pwm_gpio_timer_uwb_bsp/ps7_cortexa9_0/include -I"/home/ruppi/Zynq/indoor-loc/indoor-loc/indoor-loc.sdk/uwbTest/src/decadriver" -I"/home/ruppi/Zynq/indoor-loc/indoor-loc/indoor-loc.sdk/uwbTest/src/deca" -c -fmessage-length=0 -MT"src/xdevcfg_selftest_example.o" -I../../IndoorLoc_gpio_timer_pwm_uwb_bsp/ps7_cortexa9_0/include -MMD -MP -MF"src/xdevcfg_selftest_example.d" -MT"src/xdevcfg_selftest_example.d" -o "src/xdevcfg_selftest_example.o" "../src/xdevcfg_selftest_example.c"
Finished building: ../src/xdevcfg_selftest_example.c
 
Building file: ../src/xdmaps_example_w_intr.c
Invoking: ARM gcc compiler
arm-xilinx-eabi-gcc -Wall -O0 -g3 -I../../IndoorLoc_pwm_gpio_timer_uwb_bsp/ps7_cortexa9_0/include -I"/home/ruppi/Zynq/indoor-loc/indoor-loc/indoor-loc.sdk/uwbTest/src/decadriver" -I"/home/ruppi/Zynq/indoor-loc/indoor-loc/indoor-loc.sdk/uwbTest/src/deca" -c -fmessage-length=0 -MT"src/xdmaps_example_w_intr.o" -I../../IndoorLoc_gpio_timer_pwm_uwb_bsp/ps7_cortexa9_0/include -MMD -MP -MF"src/xdmaps_example_w_intr.d" -MT"src/xdmaps_example_w_intr.d" -o "src/xdmaps_example_w_intr.o" "../src/xdmaps_example_w_intr.c"
Finished building: ../src/xdmaps_example_w_intr.c
 
Building file: ../src/xgpio_intr_tapp_example.c
Invoking: ARM gcc compiler
arm-xilinx-eabi-gcc -Wall -O0 -g3 -I../../IndoorLoc_pwm_gpio_timer_uwb_bsp/ps7_cortexa9_0/include -I"/home/ruppi/Zynq/indoor-loc/indoor-loc/indoor-loc.sdk/uwbTest/src/decadriver" -I"/home/ruppi/Zynq/indoor-loc/indoor-loc/indoor-loc.sdk/uwbTest/src/deca" -c -fmessage-length=0 -MT"src/xgpio_intr_tapp_example.o" -I../../IndoorLoc_gpio_timer_pwm_uwb_bsp/ps7_cortexa9_0/include -MMD -MP -MF"src/xgpio_intr_tapp_example.d" -MT"src/xgpio_intr_tapp_example.d" -o "src/xgpio_intr_tapp_example.o" "../src/xgpio_intr_tapp_example.c"
Finished building: ../src/xgpio_intr_tapp_example.c
 
Building file: ../src/xgpio_tapp_example.c
Invoking: ARM gcc compiler
arm-xilinx-eabi-gcc -Wall -O0 -g3 -I../../IndoorLoc_pwm_gpio_timer_uwb_bsp/ps7_cortexa9_0/include -I"/home/ruppi/Zynq/indoor-loc/indoor-loc/indoor-loc.sdk/uwbTest/src/decadriver" -I"/home/ruppi/Zynq/indoor-loc/indoor-loc/indoor-loc.sdk/uwbTest/src/deca" -c -fmessage-length=0 -MT"src/xgpio_tapp_example.o" -I../../IndoorLoc_gpio_timer_pwm_uwb_bsp/ps7_cortexa9_0/include -MMD -MP -MF"src/xgpio_tapp_example.d" -MT"src/xgpio_tapp_example.d" -o "src/xgpio_tapp_example.o" "../src/xgpio_tapp_example.c"
../src/xgpio_tapp_example.c: In function 'GpioOutputExample':
../src/xgpio_tapp_example.c:172:6: warning: unused variable 'Data' [-Wunused-variable]
  u32 Data;
      ^
Finished building: ../src/xgpio_tapp_example.c
 
Building file: ../src/xiicps_selftest_example.c
Invoking: ARM gcc compiler
arm-xilinx-eabi-gcc -Wall -O0 -g3 -I../../IndoorLoc_pwm_gpio_timer_uwb_bsp/ps7_cortexa9_0/include -I"/home/ruppi/Zynq/indoor-loc/indoor-loc/indoor-loc.sdk/uwbTest/src/decadriver" -I"/home/ruppi/Zynq/indoor-loc/indoor-loc/indoor-loc.sdk/uwbTest/src/deca" -c -fmessage-length=0 -MT"src/xiicps_selftest_example.o" -I../../IndoorLoc_gpio_timer_pwm_uwb_bsp/ps7_cortexa9_0/include -MMD -MP -MF"src/xiicps_selftest_example.d" -MT"src/xiicps_selftest_example.d" -o "src/xiicps_selftest_example.o" "../src/xiicps_selftest_example.c"
Finished building: ../src/xiicps_selftest_example.c
 
Building file: ../src/xqspips_selftest_example.c
Invoking: ARM gcc compiler
arm-xilinx-eabi-gcc -Wall -O0 -g3 -I../../IndoorLoc_pwm_gpio_timer_uwb_bsp/ps7_cortexa9_0/include -I"/home/ruppi/Zynq/indoor-loc/indoor-loc/indoor-loc.sdk/uwbTest/src/decadriver" -I"/home/ruppi/Zynq/indoor-loc/indoor-loc/indoor-loc.sdk/uwbTest/src/deca" -c -fmessage-length=0 -MT"src/xqspips_selftest_example.o" -I../../IndoorLoc_gpio_timer_pwm_uwb_bsp/ps7_cortexa9_0/include -MMD -MP -MF"src/xqspips_selftest_example.d" -MT"src/xqspips_selftest_example.d" -o "src/xqspips_selftest_example.o" "../src/xqspips_selftest_example.c"
Finished building: ../src/xqspips_selftest_example.c
 
Building file: ../src/xscugic_tapp_example.c
Invoking: ARM gcc compiler
arm-xilinx-eabi-gcc -Wall -O0 -g3 -I../../IndoorLoc_pwm_gpio_timer_uwb_bsp/ps7_cortexa9_0/include -I"/home/ruppi/Zynq/indoor-loc/indoor-loc/indoor-loc.sdk/uwbTest/src/decadriver" -I"/home/ruppi/Zynq/indoor-loc/indoor-loc/indoor-loc.sdk/uwbTest/src/deca" -c -fmessage-length=0 -MT"src/xscugic_tapp_example.o" -I../../IndoorLoc_gpio_timer_pwm_uwb_bsp/ps7_cortexa9_0/include -MMD -MP -MF"src/xscugic_tapp_example.d" -MT"src/xscugic_tapp_example.d" -o "src/xscugic_tapp_example.o" "../src/xscugic_tapp_example.c"
Finished building: ../src/xscugic_tapp_example.c
 
Building file: ../src/xscutimer_intr_example.c
Invoking: ARM gcc compiler
arm-xilinx-eabi-gcc -Wall -O0 -g3 -I../../IndoorLoc_pwm_gpio_timer_uwb_bsp/ps7_cortexa9_0/include -I"/home/ruppi/Zynq/indoor-loc/indoor-loc/indoor-loc.sdk/uwbTest/src/decadriver" -I"/home/ruppi/Zynq/indoor-loc/indoor-loc/indoor-loc.sdk/uwbTest/src/deca" -c -fmessage-length=0 -MT"src/xscutimer_intr_example.o" -I../../IndoorLoc_gpio_timer_pwm_uwb_bsp/ps7_cortexa9_0/include -MMD -MP -MF"src/xscutimer_intr_example.d" -MT"src/xscutimer_intr_example.d" -o "src/xscutimer_intr_example.o" "../src/xscutimer_intr_example.c"
Finished building: ../src/xscutimer_intr_example.c
 
Building file: ../src/xscutimer_polled_example.c
Invoking: ARM gcc compiler
arm-xilinx-eabi-gcc -Wall -O0 -g3 -I../../IndoorLoc_pwm_gpio_timer_uwb_bsp/ps7_cortexa9_0/include -I"/home/ruppi/Zynq/indoor-loc/indoor-loc/indoor-loc.sdk/uwbTest/src/decadriver" -I"/home/ruppi/Zynq/indoor-loc/indoor-loc/indoor-loc.sdk/uwbTest/src/deca" -c -fmessage-length=0 -MT"src/xscutimer_polled_example.o" -I../../IndoorLoc_gpio_timer_pwm_uwb_bsp/ps7_cortexa9_0/include -MMD -MP -MF"src/xscutimer_polled_example.d" -MT"src/xscutimer_polled_example.d" -o "src/xscutimer_polled_example.o" "../src/xscutimer_polled_example.c"
Finished building: ../src/xscutimer_polled_example.c
 
Building file: ../src/xscuwdt_intr_example.c
Invoking: ARM gcc compiler
arm-xilinx-eabi-gcc -Wall -O0 -g3 -I../../IndoorLoc_pwm_gpio_timer_uwb_bsp/ps7_cortexa9_0/include -I"/home/ruppi/Zynq/indoor-loc/indoor-loc/indoor-loc.sdk/uwbTest/src/decadriver" -I"/home/ruppi/Zynq/indoor-loc/indoor-loc/indoor-loc.sdk/uwbTest/src/deca" -c -fmessage-length=0 -MT"src/xscuwdt_intr_example.o" -I../../IndoorLoc_gpio_timer_pwm_uwb_bsp/ps7_cortexa9_0/include -MMD -MP -MF"src/xscuwdt_intr_example.d" -MT"src/xscuwdt_intr_example.d" -o "src/xscuwdt_intr_example.o" "../src/xscuwdt_intr_example.c"
Finished building: ../src/xscuwdt_intr_example.c
 
Building file: ../src/xspi_intr_example.c
Invoking: ARM gcc compiler
arm-xilinx-eabi-gcc -Wall -O0 -g3 -I../../IndoorLoc_pwm_gpio_timer_uwb_bsp/ps7_cortexa9_0/include -I"/home/ruppi/Zynq/indoor-loc/indoor-loc/indoor-loc.sdk/uwbTest/src/decadriver" -I"/home/ruppi/Zynq/indoor-loc/indoor-loc/indoor-loc.sdk/uwbTest/src/deca" -c -fmessage-length=0 -MT"src/xspi_intr_example.o" -I../../IndoorLoc_gpio_timer_pwm_uwb_bsp/ps7_cortexa9_0/include -MMD -MP -MF"src/xspi_intr_example.d" -MT"src/xspi_intr_example.d" -o "src/xspi_intr_example.o" "../src/xspi_intr_example.c"
../src/xspi_intr_example.c: In function 'SpiSetupIntrSystem':
../src/xspi_intr_example.c:439:18: warning: unused variable 'IntcConfig' [-Wunused-variable]
  XScuGic_Config *IntcConfig;
                  ^
Finished building: ../src/xspi_intr_example.c
 
Building file: ../src/xspi_selftest_example.c
Invoking: ARM gcc compiler
arm-xilinx-eabi-gcc -Wall -O0 -g3 -I../../IndoorLoc_pwm_gpio_timer_uwb_bsp/ps7_cortexa9_0/include -I"/home/ruppi/Zynq/indoor-loc/indoor-loc/indoor-loc.sdk/uwbTest/src/decadriver" -I"/home/ruppi/Zynq/indoor-loc/indoor-loc/indoor-loc.sdk/uwbTest/src/deca" -c -fmessage-length=0 -MT"src/xspi_selftest_example.o" -I../../IndoorLoc_gpio_timer_pwm_uwb_bsp/ps7_cortexa9_0/include -MMD -MP -MF"src/xspi_selftest_example.d" -MT"src/xspi_selftest_example.d" -o "src/xspi_selftest_example.o" "../src/xspi_selftest_example.c"
Finished building: ../src/xspi_selftest_example.c
 
Building file: ../src/xtmrctr_intr_example.c
Invoking: ARM gcc compiler
arm-xilinx-eabi-gcc -Wall -O0 -g3 -I../../IndoorLoc_pwm_gpio_timer_uwb_bsp/ps7_cortexa9_0/include -I"/home/ruppi/Zynq/indoor-loc/indoor-loc/indoor-loc.sdk/uwbTest/src/decadriver" -I"/home/ruppi/Zynq/indoor-loc/indoor-loc/indoor-loc.sdk/uwbTest/src/deca" -c -fmessage-length=0 -MT"src/xtmrctr_intr_example.o" -I../../IndoorLoc_gpio_timer_pwm_uwb_bsp/ps7_cortexa9_0/include -MMD -MP -MF"src/xtmrctr_intr_example.d" -MT"src/xtmrctr_intr_example.d" -o "src/xtmrctr_intr_example.o" "../src/xtmrctr_intr_example.c"
Finished building: ../src/xtmrctr_intr_example.c
 
Building file: ../src/xtmrctr_selftest_example.c
Invoking: ARM gcc compiler
arm-xilinx-eabi-gcc -Wall -O0 -g3 -I../../IndoorLoc_pwm_gpio_timer_uwb_bsp/ps7_cortexa9_0/include -I"/home/ruppi/Zynq/indoor-loc/indoor-loc/indoor-loc.sdk/uwbTest/src/decadriver" -I"/home/ruppi/Zynq/indoor-loc/indoor-loc/indoor-loc.sdk/uwbTest/src/deca" -c -fmessage-length=0 -MT"src/xtmrctr_selftest_example.o" -I../../IndoorLoc_gpio_timer_pwm_uwb_bsp/ps7_cortexa9_0/include -MMD -MP -MF"src/xtmrctr_selftest_example.d" -MT"src/xtmrctr_selftest_example.d" -o "src/xtmrctr_selftest_example.o" "../src/xtmrctr_selftest_example.c"
Finished building: ../src/xtmrctr_selftest_example.c
 
Building file: ../src/xttcps_tapp_example.c
Invoking: ARM gcc compiler
arm-xilinx-eabi-gcc -Wall -O0 -g3 -I../../IndoorLoc_pwm_gpio_timer_uwb_bsp/ps7_cortexa9_0/include -I"/home/ruppi/Zynq/indoor-loc/indoor-loc/indoor-loc.sdk/uwbTest/src/decadriver" -I"/home/ruppi/Zynq/indoor-loc/indoor-loc/indoor-loc.sdk/uwbTest/src/deca" -c -fmessage-length=0 -MT"src/xttcps_tapp_example.o" -I../../IndoorLoc_gpio_timer_pwm_uwb_bsp/ps7_cortexa9_0/include -MMD -MP -MF"src/xttcps_tapp_example.d" -MT"src/xttcps_tapp_example.d" -o "src/xttcps_tapp_example.o" "../src/xttcps_tapp_example.c"
Finished building: ../src/xttcps_tapp_example.c
 
Building target: uwbTest.elf
Invoking: ARM gcc linker
arm-xilinx-eabi-gcc -Wl,-T -Wl,../src/lscript.ld -L../../IndoorLoc_gpio_timer_pwm_uwb_bsp/ps7_cortexa9_0/lib -o "uwbTest.elf"  ./src/decadriver/deca_device.o ./src/decadriver/deca_params_init.o ./src/decadriver/deca_range_tables.o  ./src/decaApp/rxWait.o ./src/decaApp/simpleRx.o ./src/decaApp/simpleTx.o ./src/decaApp/ssTwrInit.o ./src/decaApp/ssTwrResp.o ./src/decaApp/txWait.o  ./src/deca/deca_mutex.o ./src/deca/deca_sleep.o ./src/deca/deca_spi.o  ./src/testperiph.o ./src/xdevcfg_selftest_example.o ./src/xdmaps_example_w_intr.o ./src/xgpio_intr_tapp_example.o ./src/xgpio_tapp_example.o ./src/xiicps_selftest_example.o ./src/xqspips_selftest_example.o ./src/xscugic_tapp_example.o ./src/xscutimer_intr_example.o ./src/xscutimer_polled_example.o ./src/xscuwdt_intr_example.o ./src/xspi_intr_example.o ./src/xspi_selftest_example.o ./src/xtmrctr_intr_example.o ./src/xtmrctr_selftest_example.o ./src/xttcps_tapp_example.o   -Wl,--start-group,-lxil,-lgcc,-lc,--end-group
Finished building target: uwbTest.elf
 
Invoking: ARM Print Size
arm-xilinx-eabi-size uwbTest.elf  |tee "uwbTest.elf.size"
   text	   data	    bss	    dec	    hex	filename
 147204	   3584	  36576	 187364	  2dbe4	uwbTest.elf
Finished building: uwbTest.elf.size
 

12:23:24 Build Finished (took 1s.566ms)

