10:45:36 **** Auto Build of configuration Debug for project IndoorLocZybo ****
make all 
Building file: ../src/pwmTest.c
Invoking: ARM gcc compiler
arm-xilinx-eabi-gcc -Wall -O0 -g3 -c -fmessage-length=0 -MT"src/pwmTest.o" -I../../IndoorLocZybo_bsp/ps7_cortexa9_0/include -MMD -MP -MF"src/pwmTest.d" -MT"src/pwmTest.d" -o "src/pwmTest.o" "../src/pwmTest.c"
Finished building: ../src/pwmTest.c
 
Building target: IndoorLocZybo.elf
Invoking: ARM gcc linker
arm-xilinx-eabi-gcc -Wl,-T -Wl,../src/lscript.ld -L../../IndoorLocZybo_bsp/ps7_cortexa9_0/lib -o "IndoorLocZybo.elf"  ./src/iicTest.o ./src/iic_utils.o ./src/platform.o ./src/pwmTest.o   -Wl,--start-group,-lxil,-lgcc,-lc,--end-group
Finished building target: IndoorLocZybo.elf
 
Invoking: ARM Print Size
arm-xilinx-eabi-size IndoorLocZybo.elf  |tee "IndoorLocZybo.elf.size"
   text	   data	    bss	    dec	    hex	filename
  29384	   1168	   8244	  38796	   978c	IndoorLocZybo.elf
Finished building: IndoorLocZybo.elf.size
 

10:45:36 Build Finished (took 168ms)

